2026-09-13 18:16:56,505 [INFO] pipeline: ╔══════════════════════════════════════════════════════════╗
2026-09-13 18:16:56,505 [INFO] pipeline: ║  PIPELINE ETL — Recomendador de Revistas Científicas    ║
2026-09-13 18:16:56,506 [INFO] pipeline: ║  Versión: 1.0.0           Fecha: 2026-09-13 18:16:56       ║
2026-09-13 18:16:56,506 [INFO] pipeline: ╚══════════════════════════════════════════════════════════╝
2026-09-13 18:16:56,506 [INFO] pipeline: 
============================================================
2026-09-13 18:16:56,506 [INFO] pipeline: CAPA GOLD — Integración, Imputación y Matriz de Features
2026-09-13 18:16:56,506 [INFO] pipeline: ============================================================
2026-09-13 18:16:56,539 [INFO] merge_gold: ============================================================
2026-09-13 18:16:56,540 [INFO] merge_gold: INICIO: Consolidación Gold — Catálogo Maestro de Revistas
2026-09-13 18:16:56,540 [INFO] merge_gold: ============================================================
2026-09-13 18:16:56,634 [INFO] merge_gold:   publindex: 906 registros cargados desde publindex_clean.parquet
2026-09-13 18:16:56,652 [INFO] merge_gold:   scimago: 166 registros cargados desde scimago_clean.parquet
2026-09-13 18:16:56,774 [INFO] merge_gold:   doaj: 23304 registros cargados desde doaj_clean.parquet
2026-09-13 18:16:56,795 [INFO] merge_gold:   facts: 12583 registros cargados desde facts_clean.parquet
2026-09-13 18:16:56,824 [INFO] merge_gold:   openapc: 12242 registros cargados desde openapc_clean.parquet
2026-09-13 18:16:56,825 [INFO] merge_gold: Base inicial (Publindex): 906 registros
2026-09-13 18:16:56,861 [INFO] merge_gold:   Cruce con scimago: 148 coincidencias por ISSN primario
2026-09-13 18:17:02,878 [INFO] merge_gold:   Cruce secundario por título con scimago: 189 matches adicionales
2026-09-13 18:17:03,048 [INFO] merge_gold:   Cruce con doaj: 323 coincidencias por ISSN primario
2026-09-13 18:18:25,670 [INFO] merge_gold:   Cruce secundario por título con doaj: 541 matches adicionales
2026-09-13 18:18:25,751 [INFO] merge_gold:   Cruce con facts: 0 coincidencias por ISSN primario
2026-09-13 18:19:36,644 [INFO] merge_gold:   Cruce secundario por título con facts: 381 matches adicionales
2026-09-13 18:19:36,725 [INFO] merge_gold:   Cruce con openapc: 0 coincidencias por ISSN primario
2026-09-13 18:20:40,804 [INFO] merge_gold:   Cruce secundario por título con openapc: 370 matches adicionales
2026-09-13 18:20:40,809 [INFO] merge_gold: Resolviendo conflictos y precedencias...
2026-09-13 18:20:42,107 [INFO] merge_gold: Generando variables derivadas, imputación y transformaciones continuas...
2026-09-13 18:20:42,277 [INFO] merge_gold: Outliers detectados en APC (3*IQR): 1
2026-09-13 18:20:42,295 [INFO] normalize: Iniciando imputación condicional de APC para 501 registros faltantes...
2026-09-13 18:20:42,331 [INFO] normalize: Imputación por regresión condicional completada con éxito.
2026-09-13 18:20:42,631 [ERROR] pipeline:   ✗ Gold error: boolean value of NA is ambiguous
Traceback (most recent call last):
  File "/home/vydi/recomendador_revistas/codes/pipeline.py", line 266, in ejecutar_gold
    catalogo = merge_gold()
               ^^^^^^^^^^^^
  File "/home/vydi/recomendador_revistas/codes/merge_gold.py", line 421, in merge_gold
    catalogo = calcular_features_avanzadas(catalogo)
               ^^^^^^^^^^^^^^^^^^^^^^^^^^^^^^^^^^^^^
  File "/home/vydi/recomendador_revistas/codes/merge_gold.py", line 344, in calcular_features_avanzadas
    df["ratio_citas_docs"] = np.where(docs > 0, citas / docs, np.nan)
                             ^^^^^^^^^^^^^^^^^^^^^^^^^^^^^^^^^^^^^^^^
  File "pandas/_libs/missing.pyx", line 415, in pandas._libs.missing.NAType.__bool__
TypeError: boolean value of NA is ambiguous
2026-09-13 18:20:42,642 [INFO] pipeline: 
============================================================
2026-09-13 18:20:42,643 [INFO] pipeline: Duración total de ejecución: 226.14 segundos
2026-09-13 18:20:42,644 [INFO] pipeline: Log del pipeline registrado en: /home/vydi/recomendador_revistas/logs/pipeline_20260913_181656.log
2026-09-13 18:20:42,644 [INFO] pipeline: ============================================================
2026-09-13 18:20:42,645 [ERROR] pipeline: ✗ Pipeline finalizado con errores.
