2026-09-15 14:44:10,660 [INFO] pipeline: ╔══════════════════════════════════════════════════════════╗
2026-09-15 14:44:10,660 [INFO] pipeline: ║  PIPELINE ETL — Recomendador de Revistas Científicas    ║
2026-09-15 14:44:10,660 [INFO] pipeline: ║  Versión: 1.0.0           Fecha: 2026-09-15 14:44:10       ║
2026-09-15 14:44:10,661 [INFO] pipeline: ╚══════════════════════════════════════════════════════════╝
2026-09-15 14:44:10,661 [INFO] pipeline: 
============================================================
2026-09-15 14:44:10,661 [INFO] pipeline: CAPA GOLD — Integración, Imputación y Matriz de Features
2026-09-15 14:44:10,661 [INFO] pipeline: ============================================================
2026-09-15 14:44:10,689 [INFO] merge_gold: ============================================================
2026-09-15 14:44:10,690 [INFO] merge_gold: INICIO: Consolidación Gold — Catálogo Maestro de Revistas
2026-09-15 14:44:10,690 [INFO] merge_gold: ============================================================
2026-09-15 14:44:10,788 [INFO] merge_gold:   publindex: 906 registros cargados desde publindex_clean.parquet
2026-09-15 14:44:10,808 [INFO] merge_gold:   scimago: 166 registros cargados desde scimago_clean.parquet
2026-09-15 14:44:10,914 [INFO] merge_gold:   doaj: 23304 registros cargados desde doaj_clean.parquet
2026-09-15 14:44:10,933 [INFO] merge_gold:   facts: 12583 registros cargados desde facts_clean.parquet
2026-09-15 14:44:10,953 [INFO] merge_gold:   openapc: 12242 registros cargados desde openapc_clean.parquet
2026-09-15 14:44:10,955 [INFO] merge_gold: Base inicial (Publindex): 906 registros
2026-09-15 14:44:11,001 [INFO] merge_gold:   Cruce con scimago: 148 coincidencias por ISSN primario
2026-09-15 14:44:14,864 [INFO] merge_gold:   Cruce secundario por título con scimago: 189 matches adicionales
2026-09-15 14:44:14,988 [INFO] merge_gold:   Cruce con doaj: 323 coincidencias por ISSN primario
2026-09-15 14:45:30,642 [INFO] merge_gold:   Cruce secundario por título con doaj: 541 matches adicionales
2026-09-15 14:45:30,726 [INFO] merge_gold:   Cruce con facts: 0 coincidencias por ISSN primario
2026-09-15 14:46:28,475 [INFO] merge_gold:   Cruce secundario por título con facts: 381 matches adicionales
2026-09-15 14:46:28,549 [INFO] merge_gold:   Cruce con openapc: 0 coincidencias por ISSN primario
