2026-09-13 18:11:52,261 [INFO] pipeline: ╔══════════════════════════════════════════════════════════╗
2026-09-13 18:11:52,262 [INFO] pipeline: ║  PIPELINE ETL — Recomendador de Revistas Científicas    ║
2026-09-13 18:11:52,262 [INFO] pipeline: ║  Versión: 1.0.0           Fecha: 2026-09-13 18:11:52       ║
2026-09-13 18:11:52,262 [INFO] pipeline: ╚══════════════════════════════════════════════════════════╝
2026-09-13 18:11:52,262 [INFO] pipeline: 
============================================================
2026-09-13 18:11:52,262 [INFO] pipeline: CAPA GOLD — Integración, Imputación y Matriz de Features
2026-09-13 18:11:52,263 [INFO] pipeline: ============================================================
2026-09-13 18:11:52,296 [INFO] merge_gold: ============================================================
2026-09-13 18:11:52,296 [INFO] merge_gold: INICIO: Consolidación Gold — Catálogo Maestro de Revistas
2026-09-13 18:11:52,296 [INFO] merge_gold: ============================================================
2026-09-13 18:11:52,401 [INFO] merge_gold:   publindex: 906 registros cargados desde publindex_clean.parquet
2026-09-13 18:11:52,421 [INFO] merge_gold:   scimago: 166 registros cargados desde scimago_clean.parquet
2026-09-13 18:11:52,580 [INFO] merge_gold:   doaj: 23304 registros cargados desde doaj_clean.parquet
2026-09-13 18:11:52,730 [INFO] merge_gold:   facts: 12583 registros cargados desde facts_clean.parquet
2026-09-13 18:11:52,772 [INFO] merge_gold:   openapc: 12242 registros cargados desde openapc_clean.parquet
2026-09-13 18:11:52,774 [INFO] merge_gold: Base inicial (Publindex): 906 registros
2026-09-13 18:11:52,811 [INFO] merge_gold:   Cruce con scimago: 148 coincidencias por ISSN primario
2026-09-13 18:11:57,287 [INFO] merge_gold:   Cruce secundario por título con scimago: 189 matches adicionales
2026-09-13 18:11:57,457 [INFO] merge_gold:   Cruce con doaj: 323 coincidencias por ISSN primario
2026-09-13 18:13:16,951 [INFO] merge_gold:   Cruce secundario por título con doaj: 541 matches adicionales
2026-09-13 18:13:17,033 [INFO] merge_gold:   Cruce con facts: 0 coincidencias por ISSN primario
2026-09-13 18:14:26,528 [INFO] merge_gold:   Cruce secundario por título con facts: 381 matches adicionales
2026-09-13 18:14:26,611 [INFO] merge_gold:   Cruce con openapc: 0 coincidencias por ISSN primario
2026-09-13 18:15:38,005 [INFO] merge_gold:   Cruce secundario por título con openapc: 370 matches adicionales
2026-09-13 18:15:38,008 [INFO] merge_gold: Resolviendo conflictos y precedencias...
2026-09-13 18:15:38,921 [INFO] merge_gold: Generando variables derivadas, imputación y transformaciones continuas...
2026-09-13 18:15:39,034 [INFO] merge_gold: Outliers detectados en APC (3*IQR): 1
2026-09-13 18:15:39,046 [INFO] normalize: Iniciando imputación condicional de APC para 501 registros faltantes...
2026-09-13 18:15:39,075 [INFO] normalize: Imputación por regresión condicional completada con éxito.
2026-09-13 18:15:39,248 [ERROR] pipeline:   ✗ Gold error: boolean value of NA is ambiguous
Traceback (most recent call last):
  File "/home/vydi/recomendador_revistas/codes/pipeline.py", line 266, in ejecutar_gold
    catalogo = merge_gold()
               ^^^^^^^^^^^^
  File "/home/vydi/recomendador_revistas/codes/merge_gold.py", line 421, in merge_gold
    catalogo = calcular_features_avanzadas(catalogo)
               ^^^^^^^^^^^^^^^^^^^^^^^^^^^^^^^^^^^^^
  File "/home/vydi/recomendador_revistas/codes/merge_gold.py", line 344, in calcular_features_avanzadas
    df["ratio_citas_docs"] = np.where(docs > 0, citas / docs, np.nan)
                             ^^^^^^^^^^^^^^^^^^^^^^^^^^^^^^^^^^^^^^^^
  File "pandas/_libs/missing.pyx", line 415, in pandas._libs.missing.NAType.__bool__
TypeError: boolean value of NA is ambiguous
2026-09-13 18:15:39,257 [INFO] pipeline: 
============================================================
2026-09-13 18:15:39,258 [INFO] pipeline: Duración total de ejecución: 227.00 segundos
2026-09-13 18:15:39,258 [INFO] pipeline: Log del pipeline registrado en: /home/vydi/recomendador_revistas/logs/pipeline_20260913_181152.log
2026-09-13 18:15:39,259 [INFO] pipeline: ============================================================
2026-09-13 18:15:39,259 [ERROR] pipeline: ✗ Pipeline finalizado con errores.
