2026-09-13 18:31:01,167 [INFO] pipeline: ╔══════════════════════════════════════════════════════════╗
2026-09-13 18:31:01,168 [INFO] pipeline: ║  PIPELINE ETL — Recomendador de Revistas Científicas    ║
2026-09-13 18:31:01,168 [INFO] pipeline: ║  Versión: 1.0.0           Fecha: 2026-09-13 18:31:01       ║
2026-09-13 18:31:01,168 [INFO] pipeline: ╚══════════════════════════════════════════════════════════╝
2026-09-13 18:31:01,169 [INFO] pipeline: ============================================================
2026-09-13 18:31:01,169 [INFO] pipeline: VALIDACIÓN BRONZE
2026-09-13 18:31:01,169 [INFO] pipeline: ============================================================
2026-09-13 18:31:01,220 [INFO] pipeline:   ✓ publindex: ~6276 filas, 34 columnas, sep=',', 2,708,275 bytes
2026-09-13 18:31:01,234 [INFO] pipeline:   ✓ scimago: ~166 filas, 26 columnas, sep=';', 57,736 bytes
2026-09-13 18:31:01,794 [INFO] pipeline:   ✓ doaj: ~23305 filas, 52 columnas, sep=',', 25,554,714 bytes
2026-09-13 18:31:02,055 [INFO] pipeline:   ✓ openapc: ~268157 filas, 18 columnas, sep=',', 66,143,808 bytes
2026-09-13 18:31:02,280 [INFO] pipeline:   ✓ facts: ~294449 filas, 14 columnas, sep=',', 49,082,441 bytes
2026-09-13 18:31:02,281 [INFO] pipeline:   Registro de validación guardado en: /home/vydi/recomendador_revistas/logs/bronze_validation.json
2026-09-13 18:31:02,288 [INFO] pipeline: 
============================================================
2026-09-13 18:31:02,288 [INFO] pipeline: CAPA SILVER — Limpieza y Normalización (Sección 8.1.1 & 8.1.2)
2026-09-13 18:31:02,288 [INFO] pipeline: ============================================================
2026-09-13 18:31:02,288 [INFO] pipeline: 
── Procesando Publindex (MinCiencias) ──
2026-09-13 18:31:02,308 [INFO] etl_publindex: Leyendo CSV bronce de Publindex: /home/vydi/recomendador_revistas/data/bronze/Revistas_Indexadas,_Índice_Nacional_Publindex_20260910.csv
2026-09-13 18:31:02,418 [INFO] etl_publindex: Filas leídas: 6276 | Columnas: 34
2026-09-13 18:31:02,418 [INFO] etl_publindex: Normalizando campos ISSN...
2026-09-13 18:31:04,929 [INFO] etl_publindex: Duplicados removidos: 5370 | Filas restantes: 906
2026-09-13 18:31:04,999 [INFO] etl_publindex: Parquet Silver guardado: /home/vydi/recomendador_revistas/data/silver/publindex_clean.parquet (906 registros)
2026-09-13 18:31:04,999 [INFO] pipeline:   ✓ Publindex: 906 registros normalizados en Silver
2026-09-13 18:31:04,999 [INFO] pipeline: 
── Procesando Scimago Journal & Country Rank ──
2026-09-13 18:31:05,000 [INFO] etl_scimago: Leyendo CSV bronze de Scimago: /home/vydi/recomendador_revistas/data/bronze/scimagojr 2025 CO.csv
2026-09-13 18:31:05,006 [INFO] etl_scimago: Filas leídas: 166 | Columnas: 26
2026-09-13 18:31:05,099 [INFO] etl_scimago: Parquet Silver guardado: /home/vydi/recomendador_revistas/data/silver/scimago_clean.parquet (166 filas)
2026-09-13 18:31:05,099 [INFO] pipeline:   ✓ Scimago: 166 registros normalizados en Silver
2026-09-13 18:31:05,099 [INFO] pipeline: 
── Procesando DOAJ (Directory of Open Access Journals) ──
2026-09-13 18:31:05,100 [INFO] etl_doaj: Leyendo archivo DOAJ: /home/vydi/recomendador_revistas/data/bronze/doaj_journalcsv_20260812_2320_utf8.csv
2026-09-13 18:31:06,316 [INFO] etl_doaj: DOAJ leído: 23305 filas x 52 columnas
2026-09-13 18:31:20,783 [INFO] etl_doaj: Tabla de conversión guardada: /home/vydi/recomendador_revistas/reports/tabla_conversion_monedas.csv (49 monedas)
2026-09-13 18:31:21,094 [INFO] etl_doaj: DOAJ Parquet Silver guardado: /home/vydi/recomendador_revistas/data/silver/doaj_clean.parquet (23304 registros)
2026-09-13 18:31:21,098 [INFO] pipeline:   ✓ DOAJ: 23304 registros normalizados en Silver
2026-09-13 18:31:21,098 [INFO] pipeline: 
── Procesando OpenAPC (Pagos observados) ──
2026-09-13 18:31:34,962 [INFO] etl_openapc: openapc Silver guardado: /home/vydi/recomendador_revistas/data/silver/openapc_clean.parquet (12242 registros)
2026-09-13 18:31:35,008 [INFO] pipeline:   ✓ OpenAPC: 12242 registros normalizados en Silver
2026-09-13 18:31:35,008 [INFO] pipeline: 
── Procesando Facts (Registro adicional de APC) ──
2026-09-13 18:31:49,303 [INFO] etl_openapc: facts Silver guardado: /home/vydi/recomendador_revistas/data/silver/facts_clean.parquet (12583 registros)
2026-09-13 18:31:49,351 [INFO] pipeline:   ✓ Facts: 12583 registros normalizados en Silver
2026-09-13 18:31:49,352 [INFO] pipeline: 
  Silver completado: 3 fuentes exitosas, 0 errores
2026-09-13 18:31:49,352 [INFO] pipeline: 
============================================================
2026-09-13 18:31:49,352 [INFO] pipeline: CAPA GOLD — Integración, Imputación y Matriz de Features
2026-09-13 18:31:49,352 [INFO] pipeline: ============================================================
2026-09-13 18:31:49,354 [INFO] merge_gold: ============================================================
2026-09-13 18:31:49,354 [INFO] merge_gold: INICIO: Consolidación Gold — Catálogo Maestro de Revistas
2026-09-13 18:31:49,354 [INFO] merge_gold: ============================================================
2026-09-13 18:31:49,408 [INFO] merge_gold:   publindex: 906 registros cargados desde publindex_clean.parquet
2026-09-13 18:31:49,444 [INFO] merge_gold:   scimago: 166 registros cargados desde scimago_clean.parquet
2026-09-13 18:31:49,631 [INFO] merge_gold:   doaj: 23304 registros cargados desde doaj_clean.parquet
2026-09-13 18:31:49,665 [INFO] merge_gold:   facts: 12583 registros cargados desde facts_clean.parquet
2026-09-13 18:31:49,740 [INFO] merge_gold:   openapc: 12242 registros cargados desde openapc_clean.parquet
2026-09-13 18:31:49,741 [INFO] merge_gold: Base inicial (Publindex): 906 registros
2026-09-13 18:31:49,796 [INFO] merge_gold:   Cruce con scimago: 148 coincidencias por ISSN primario
2026-09-13 18:31:52,345 [INFO] merge_gold:   Cruce secundario por título con scimago: 189 matches adicionales
2026-09-13 18:31:52,432 [INFO] merge_gold:   Cruce con doaj: 323 coincidencias por ISSN primario
2026-09-13 18:32:34,480 [INFO] merge_gold:   Cruce secundario por título con doaj: 541 matches adicionales
2026-09-13 18:32:34,553 [INFO] merge_gold:   Cruce con facts: 0 coincidencias por ISSN primario
2026-09-13 18:33:09,462 [INFO] merge_gold:   Cruce secundario por título con facts: 381 matches adicionales
2026-09-13 18:33:09,530 [INFO] merge_gold:   Cruce con openapc: 0 coincidencias por ISSN primario
2026-09-13 18:33:43,172 [INFO] merge_gold:   Cruce secundario por título con openapc: 370 matches adicionales
2026-09-13 18:33:43,174 [INFO] merge_gold: Resolviendo conflictos y precedencias...
2026-09-13 18:33:43,537 [INFO] merge_gold: Generando variables derivadas, imputación y transformaciones continuas...
2026-09-13 18:33:43,595 [INFO] merge_gold: Outliers detectados en APC (3*IQR): 1
2026-09-13 18:33:43,601 [INFO] normalize: Iniciando imputación condicional de APC para 501 registros faltantes...
2026-09-13 18:33:43,617 [INFO] normalize: Imputación por regresión condicional completada con éxito.
2026-09-13 18:33:44,007 [INFO] merge_gold: Catálogo Maestro Parquet guardado: /home/vydi/recomendador_revistas/data/gold/catalogo_maestro_revistas.parquet (906 revistas)
2026-09-13 18:33:44,008 [INFO] merge_gold: Catálogo Maestro CSV guardado: /home/vydi/recomendador_revistas/data/gold/catalogo_maestro_revistas.csv
2026-09-13 18:33:44,008 [INFO] merge_gold: Generando matriz de características con One-Hot Encoding...
2026-09-13 18:33:44,030 [INFO] merge_gold: Matriz de features del modelo guardada: /home/vydi/recomendador_revistas/data/gold/features_modelo.parquet (50 columnas)
2026-09-13 18:33:44,047 [INFO] merge_gold: Log de cruces guardado en: /home/vydi/recomendador_revistas/data/silver/merge_log.csv (1952 entradas)
2026-09-13 18:33:44,048 [INFO] merge_gold: ============================================================
2026-09-13 18:33:44,048 [INFO] merge_gold: RESUMEN CATÁLOGO MAESTRO GOLD
2026-09-13 18:33:44,048 [INFO] merge_gold: ============================================================
2026-09-13 18:33:44,048 [INFO] merge_gold:   Total de revistas consolidadas : 906
2026-09-13 18:33:44,049 [INFO] merge_gold:   Revistas con APC observado     : 380
2026-09-13 18:33:44,050 [INFO] merge_gold:   Revistas con APC declarado     : 25
2026-09-13 18:33:44,051 [INFO] merge_gold:   Revistas con APC imputado      : 501
2026-09-13 18:33:44,051 [INFO] merge_gold:   Revistas con Acceso Diamante   : 266
2026-09-13 18:33:44,052 [INFO] merge_gold:   Revistas con Exención LMIC     : 906
2026-09-13 18:33:44,052 [INFO] merge_gold:   Revistas con Revisión Abierta  : 23
2026-09-13 18:33:44,052 [INFO] merge_gold:   Revistas indexadas en DOAJ     : 864
2026-09-13 18:33:44,052 [INFO] merge_gold: ============================================================
2026-09-13 18:33:44,055 [INFO] pipeline:   ✓ Gold completado con éxito: 906 revistas en Catálogo Maestro
2026-09-13 18:33:44,056 [INFO] pipeline: 
============================================================
2026-09-13 18:33:44,057 [INFO] pipeline: Duración total de ejecución: 162.89 segundos
2026-09-13 18:33:44,057 [INFO] pipeline: Log del pipeline registrado en: /home/vydi/recomendador_revistas/logs/pipeline_20260913_183101.log
2026-09-13 18:33:44,057 [INFO] pipeline: ============================================================
2026-09-13 18:33:44,057 [INFO] pipeline: ✓ Pipeline finalizado exitosamente.
