2026-09-13 18:05:35,811 [INFO] pipeline: ╔══════════════════════════════════════════════════════════╗
2026-09-13 18:05:35,811 [INFO] pipeline: ║  PIPELINE ETL — Recomendador de Revistas Científicas    ║
2026-09-13 18:05:35,812 [INFO] pipeline: ║  Versión: 1.0.0           Fecha: 2026-09-13 18:05:35       ║
2026-09-13 18:05:35,812 [INFO] pipeline: ╚══════════════════════════════════════════════════════════╝
2026-09-13 18:05:35,812 [INFO] pipeline: 
============================================================
2026-09-13 18:05:35,812 [INFO] pipeline: CAPA GOLD — Integración, Imputación y Matriz de Features
2026-09-13 18:05:35,813 [INFO] pipeline: ============================================================
2026-09-13 18:05:35,848 [INFO] merge_gold: ============================================================
2026-09-13 18:05:35,848 [INFO] merge_gold: INICIO: Consolidación Gold — Catálogo Maestro de Revistas
2026-09-13 18:05:35,848 [INFO] merge_gold: ============================================================
2026-09-13 18:05:35,948 [INFO] merge_gold:   publindex: 906 registros cargados desde publindex_clean.parquet
2026-09-13 18:05:35,983 [INFO] merge_gold:   scimago: 166 registros cargados desde scimago_clean.parquet
2026-09-13 18:05:36,438 [INFO] merge_gold:   doaj: 23304 registros cargados desde doaj_clean.parquet
2026-09-13 18:05:36,474 [INFO] merge_gold:   facts: 12583 registros cargados desde facts_clean.parquet
2026-09-13 18:05:36,543 [INFO] merge_gold:   openapc: 12242 registros cargados desde openapc_clean.parquet
2026-09-13 18:05:36,544 [INFO] merge_gold: Base inicial (Publindex): 906 registros
2026-09-13 18:05:36,591 [INFO] merge_gold:   Cruce con scimago: 148 coincidencias por ISSN primario
2026-09-13 18:05:42,391 [INFO] merge_gold:   Cruce secundario por título con scimago: 189 matches adicionales
2026-09-13 18:05:42,589 [INFO] merge_gold:   Cruce con doaj: 323 coincidencias por ISSN primario
2026-09-13 18:07:19,693 [INFO] merge_gold:   Cruce secundario por título con doaj: 541 matches adicionales
2026-09-13 18:07:19,822 [INFO] merge_gold:   Cruce con facts: 0 coincidencias por ISSN primario
2026-09-13 18:08:33,158 [INFO] merge_gold:   Cruce secundario por título con facts: 381 matches adicionales
2026-09-13 18:08:33,241 [INFO] merge_gold:   Cruce con openapc: 0 coincidencias por ISSN primario
2026-09-13 18:09:37,728 [INFO] merge_gold:   Cruce secundario por título con openapc: 370 matches adicionales
2026-09-13 18:09:37,731 [INFO] merge_gold: Resolviendo conflictos y precedencias...
2026-09-13 18:09:38,594 [INFO] merge_gold: Generando variables derivadas, imputación y transformaciones continuas...
2026-09-13 18:09:38,697 [INFO] merge_gold: Outliers detectados en APC (3*IQR): 1
2026-09-13 18:09:38,705 [ERROR] pipeline:   ✗ Gold error: "value" parameter must be a scalar, dict or Series, but you passed a "ndarray"
Traceback (most recent call last):
  File "/home/vydi/recomendador_revistas/codes/pipeline.py", line 266, in ejecutar_gold
    catalogo = merge_gold()
               ^^^^^^^^^^^^
  File "/home/vydi/recomendador_revistas/codes/merge_gold.py", line 421, in merge_gold
    catalogo = calcular_features_avanzadas(catalogo)
               ^^^^^^^^^^^^^^^^^^^^^^^^^^^^^^^^^^^^^
  File "/home/vydi/recomendador_revistas/codes/merge_gold.py", line 311, in calcular_features_avanzadas
    df = imputar_apc(
         ^^^^^^^^^^^^
  File "/home/vydi/recomendador_revistas/codes/normalize.py", line 429, in imputar_apc
    df["apc_tipo"] = df["apc_tipo"].fillna(
                     ^^^^^^^^^^^^^^^^^^^^^^
  File "/home/vydi/recomendador_revistas/.venv/lib/python3.12/site-packages/pandas/core/generic.py", line 7068, in fillna
    raise TypeError(
TypeError: "value" parameter must be a scalar, dict or Series, but you passed a "ndarray"
2026-09-13 18:09:38,720 [INFO] pipeline: 
============================================================
2026-09-13 18:09:38,721 [INFO] pipeline: Duración total de ejecución: 242.91 segundos
2026-09-13 18:09:38,721 [INFO] pipeline: Log del pipeline registrado en: /home/vydi/recomendador_revistas/logs/pipeline_20260913_180535.log
2026-09-13 18:09:38,722 [INFO] pipeline: ============================================================
2026-09-13 18:09:38,722 [ERROR] pipeline: ✗ Pipeline finalizado con errores.
