2026-09-13 16:46:21,872 [INFO] pipeline: ╔══════════════════════════════════════════════════════════╗
2026-09-13 16:46:21,872 [INFO] pipeline: ║  PIPELINE ETL — Recomendador de Revistas Científicas    ║
2026-09-13 16:46:21,872 [INFO] pipeline: ║  Versión: 1.0.0           Fecha: 2026-09-13 16:46:21       ║
2026-09-13 16:46:21,873 [INFO] pipeline: ╚══════════════════════════════════════════════════════════╝
2026-09-13 16:46:21,873 [INFO] pipeline: ============================================================
2026-09-13 16:46:21,873 [INFO] pipeline: VALIDACIÓN BRONZE
2026-09-13 16:46:21,873 [INFO] pipeline: ============================================================
2026-09-13 16:46:21,914 [INFO] pipeline:   ✓ publindex: ~6276 filas, 34 columnas, sep=',', 2,708,275 bytes
2026-09-13 16:46:21,923 [INFO] pipeline:   ✓ scimago: ~166 filas, 26 columnas, sep=';', 57,736 bytes
2026-09-13 16:46:22,519 [INFO] pipeline:   ✓ doaj: ~23305 filas, 52 columnas, sep=',', 25,554,714 bytes
2026-09-13 16:46:22,867 [INFO] pipeline:   ✓ openapc: ~268157 filas, 18 columnas, sep=',', 66,143,808 bytes
2026-09-13 16:46:22,868 [INFO] pipeline:   Registro de validación guardado en: /home/vydi/recomendador_revistas/logs/bronze_validation.json
2026-09-13 16:46:22,875 [INFO] pipeline: 
============================================================
2026-09-13 16:46:22,875 [INFO] pipeline: CAPA SILVER — Limpieza y Normalización (Sección 8.1.1 & 8.1.2)
2026-09-13 16:46:22,875 [INFO] pipeline: ============================================================
2026-09-13 16:46:22,875 [INFO] pipeline: 
── Procesando Publindex (MinCiencias) ──
2026-09-13 16:46:22,917 [INFO] etl_publindex: Leyendo CSV bronce de Publindex: /home/vydi/recomendador_revistas/data/bronze/Revistas_Indexadas,_Índice_Nacional_Publindex_20260910.csv
2026-09-13 16:46:23,070 [INFO] etl_publindex: Filas leídas: 6276 | Columnas: 34
2026-09-13 16:46:23,071 [INFO] etl_publindex: Normalizando campos ISSN...
2026-09-13 16:46:26,425 [INFO] etl_publindex: Duplicados removidos: 5370 | Filas restantes: 906
2026-09-13 16:46:26,532 [INFO] etl_publindex: Parquet Silver guardado: /home/vydi/recomendador_revistas/data/silver/publindex_clean.parquet (906 registros)
2026-09-13 16:46:26,533 [INFO] pipeline:   ✓ Publindex: 906 registros normalizados en Silver
2026-09-13 16:46:26,533 [INFO] pipeline: 
── Procesando Scimago Journal & Country Rank ──
2026-09-13 16:46:26,542 [INFO] etl_scimago: Leyendo CSV bronze de Scimago: /home/vydi/recomendador_revistas/data/bronze/scimagojr 2025 CO.csv
2026-09-13 16:46:26,553 [INFO] etl_scimago: Filas leídas: 166 | Columnas: 26
2026-09-13 16:46:26,661 [INFO] etl_scimago: Parquet Silver guardado: /home/vydi/recomendador_revistas/data/silver/scimago_clean.parquet (166 filas)
2026-09-13 16:46:26,662 [INFO] pipeline:   ✓ Scimago: 166 registros normalizados en Silver
2026-09-13 16:46:26,663 [INFO] pipeline: 
── Procesando DOAJ (Directory of Open Access Journals) ──
2026-09-13 16:46:26,669 [INFO] etl_doaj: Leyendo archivo DOAJ: /home/vydi/recomendador_revistas/data/bronze/doaj_journalcsv_20260812_2320_utf8.csv
2026-09-13 16:46:28,415 [INFO] etl_doaj: DOAJ leído: 23305 filas x 52 columnas
2026-09-13 16:46:44,324 [WARNING] normalize: Moneda 'YER' no encontrada en tabla de tasas de cambio
2026-09-13 16:46:44,325 [WARNING] normalize: Moneda 'IRR' no encontrada en tabla de tasas de cambio
2026-09-13 16:46:44,326 [WARNING] normalize: Moneda 'IRR' no encontrada en tabla de tasas de cambio
2026-09-13 16:46:44,328 [WARNING] normalize: Moneda 'SYP' no encontrada en tabla de tasas de cambio
2026-09-13 16:46:44,330 [WARNING] normalize: Moneda 'XOF' no encontrada en tabla de tasas de cambio
2026-09-13 16:46:44,331 [WARNING] normalize: Moneda 'IRR' no encontrada en tabla de tasas de cambio
2026-09-13 16:46:44,335 [WARNING] normalize: Moneda 'IRR' no encontrada en tabla de tasas de cambio
2026-09-13 16:46:44,335 [WARNING] normalize: Moneda 'IQD' no encontrada en tabla de tasas de cambio
2026-09-13 16:46:44,339 [WARNING] normalize: Moneda 'IQD' no encontrada en tabla de tasas de cambio
2026-09-13 16:46:44,341 [WARNING] normalize: Moneda 'IRR' no encontrada en tabla de tasas de cambio
2026-09-13 16:46:44,343 [WARNING] normalize: Moneda 'IRR' no encontrada en tabla de tasas de cambio
2026-09-13 16:46:44,344 [WARNING] normalize: Moneda 'IRR' no encontrada en tabla de tasas de cambio
2026-09-13 16:46:44,344 [WARNING] normalize: Moneda 'IRR' no encontrada en tabla de tasas de cambio
2026-09-13 16:46:44,344 [WARNING] normalize: Moneda 'IRR' no encontrada en tabla de tasas de cambio
2026-09-13 16:46:44,345 [WARNING] normalize: Moneda 'IRR' no encontrada en tabla de tasas de cambio
2026-09-13 16:46:44,345 [WARNING] normalize: Moneda 'KZT' no encontrada en tabla de tasas de cambio
2026-09-13 16:46:44,346 [WARNING] normalize: Moneda 'IRR' no encontrada en tabla de tasas de cambio
2026-09-13 16:46:44,346 [WARNING] normalize: Moneda 'IRR' no encontrada en tabla de tasas de cambio
2026-09-13 16:46:44,348 [WARNING] normalize: Moneda 'IRR' no encontrada en tabla de tasas de cambio
2026-09-13 16:46:44,349 [WARNING] normalize: Moneda 'IRR' no encontrada en tabla de tasas de cambio
2026-09-13 16:46:44,350 [WARNING] normalize: Moneda 'NPR' no encontrada en tabla de tasas de cambio
2026-09-13 16:46:44,350 [WARNING] normalize: Moneda 'IRR' no encontrada en tabla de tasas de cambio
2026-09-13 16:46:44,351 [WARNING] normalize: Moneda 'IRR' no encontrada en tabla de tasas de cambio
2026-09-13 16:46:44,351 [WARNING] normalize: Moneda 'IRR' no encontrada en tabla de tasas de cambio
2026-09-13 16:46:44,352 [WARNING] normalize: Moneda 'IRR' no encontrada en tabla de tasas de cambio
2026-09-13 16:46:44,353 [WARNING] normalize: Moneda 'IRR' no encontrada en tabla de tasas de cambio
2026-09-13 16:46:44,355 [WARNING] normalize: Moneda 'IRR' no encontrada en tabla de tasas de cambio
2026-09-13 16:46:44,356 [WARNING] normalize: Moneda 'IRR' no encontrada en tabla de tasas de cambio
2026-09-13 16:46:44,357 [WARNING] normalize: Moneda 'IRR' no encontrada en tabla de tasas de cambio
2026-09-13 16:46:44,357 [WARNING] normalize: Moneda 'IRR' no encontrada en tabla de tasas de cambio
2026-09-13 16:46:44,358 [WARNING] normalize: Moneda 'IRR' no encontrada en tabla de tasas de cambio
2026-09-13 16:46:44,358 [WARNING] normalize: Moneda 'XOF' no encontrada en tabla de tasas de cambio
2026-09-13 16:46:44,358 [WARNING] normalize: Moneda 'IRR' no encontrada en tabla de tasas de cambio
2026-09-13 16:46:44,360 [WARNING] normalize: Moneda 'IRR' no encontrada en tabla de tasas de cambio
2026-09-13 16:46:44,361 [WARNING] normalize: Moneda 'IRR' no encontrada en tabla de tasas de cambio
2026-09-13 16:46:44,361 [WARNING] normalize: Moneda 'IRR' no encontrada en tabla de tasas de cambio
2026-09-13 16:46:44,362 [WARNING] normalize: Moneda 'IRR' no encontrada en tabla de tasas de cambio
2026-09-13 16:46:44,364 [WARNING] normalize: Moneda 'IRR' no encontrada en tabla de tasas de cambio
2026-09-13 16:46:44,365 [WARNING] normalize: Moneda 'IRR' no encontrada en tabla de tasas de cambio
2026-09-13 16:46:44,365 [WARNING] normalize: Moneda 'IRR' no encontrada en tabla de tasas de cambio
2026-09-13 16:46:44,365 [WARNING] normalize: Moneda 'IRR' no encontrada en tabla de tasas de cambio
2026-09-13 16:46:44,366 [WARNING] normalize: Moneda 'IRR' no encontrada en tabla de tasas de cambio
2026-09-13 16:46:44,368 [WARNING] normalize: Moneda 'IRR' no encontrada en tabla de tasas de cambio
2026-09-13 16:46:44,369 [WARNING] normalize: Moneda 'IRR' no encontrada en tabla de tasas de cambio
2026-09-13 16:46:44,369 [WARNING] normalize: Moneda 'IRR' no encontrada en tabla de tasas de cambio
2026-09-13 16:46:44,369 [WARNING] normalize: Moneda 'IRR' no encontrada en tabla de tasas de cambio
2026-09-13 16:46:44,370 [WARNING] normalize: Moneda 'IQD' no encontrada en tabla de tasas de cambio
2026-09-13 16:46:44,372 [WARNING] normalize: Moneda 'IRR' no encontrada en tabla de tasas de cambio
2026-09-13 16:46:44,373 [WARNING] normalize: Moneda 'IRR' no encontrada en tabla de tasas de cambio
2026-09-13 16:46:44,374 [WARNING] normalize: Moneda 'IRR' no encontrada en tabla de tasas de cambio
2026-09-13 16:46:44,375 [WARNING] normalize: Moneda 'IRR' no encontrada en tabla de tasas de cambio
2026-09-13 16:46:44,376 [WARNING] normalize: Moneda 'IRR' no encontrada en tabla de tasas de cambio
2026-09-13 16:46:44,376 [WARNING] normalize: Moneda 'IQD' no encontrada en tabla de tasas de cambio
2026-09-13 16:46:44,377 [WARNING] normalize: Moneda 'IRR' no encontrada en tabla de tasas de cambio
2026-09-13 16:46:44,378 [WARNING] normalize: Moneda 'IRR' no encontrada en tabla de tasas de cambio
2026-09-13 16:46:44,379 [WARNING] normalize: Moneda 'IRR' no encontrada en tabla de tasas de cambio
2026-09-13 16:46:44,380 [WARNING] normalize: Moneda 'IRR' no encontrada en tabla de tasas de cambio
2026-09-13 16:46:44,381 [WARNING] normalize: Moneda 'IRR' no encontrada en tabla de tasas de cambio
2026-09-13 16:46:44,383 [WARNING] normalize: Moneda 'IRR' no encontrada en tabla de tasas de cambio
2026-09-13 16:46:44,383 [WARNING] normalize: Moneda 'IRR' no encontrada en tabla de tasas de cambio
2026-09-13 16:46:44,384 [WARNING] normalize: Moneda 'IQD' no encontrada en tabla de tasas de cambio
2026-09-13 16:46:44,386 [WARNING] normalize: Moneda 'SYP' no encontrada en tabla de tasas de cambio
2026-09-13 16:46:44,386 [WARNING] normalize: Moneda 'IQD' no encontrada en tabla de tasas de cambio
2026-09-13 16:46:44,386 [WARNING] normalize: Moneda 'IRR' no encontrada en tabla de tasas de cambio
2026-09-13 16:46:44,393 [WARNING] normalize: Moneda 'XAF' no encontrada en tabla de tasas de cambio
2026-09-13 16:46:44,394 [WARNING] normalize: Moneda 'IRR' no encontrada en tabla de tasas de cambio
2026-09-13 16:46:44,394 [WARNING] normalize: Moneda 'IQD' no encontrada en tabla de tasas de cambio
2026-09-13 16:46:44,395 [WARNING] normalize: Moneda 'IRR' no encontrada en tabla de tasas de cambio
2026-09-13 16:46:44,395 [WARNING] normalize: Moneda 'IRR' no encontrada en tabla de tasas de cambio
2026-09-13 16:46:44,395 [WARNING] normalize: Moneda 'IRR' no encontrada en tabla de tasas de cambio
2026-09-13 16:46:44,395 [WARNING] normalize: Moneda 'MAD' no encontrada en tabla de tasas de cambio
2026-09-13 16:46:44,396 [WARNING] normalize: Moneda 'IRR' no encontrada en tabla de tasas de cambio
2026-09-13 16:46:44,398 [WARNING] normalize: Moneda 'IRR' no encontrada en tabla de tasas de cambio
2026-09-13 16:46:44,399 [WARNING] normalize: Moneda 'IRR' no encontrada en tabla de tasas de cambio
2026-09-13 16:46:44,405 [WARNING] normalize: Moneda 'IRR' no encontrada en tabla de tasas de cambio
2026-09-13 16:46:44,405 [WARNING] normalize: Moneda 'IRR' no encontrada en tabla de tasas de cambio
2026-09-13 16:46:44,407 [WARNING] normalize: Moneda 'IRR' no encontrada en tabla de tasas de cambio
2026-09-13 16:46:44,408 [WARNING] normalize: Moneda 'IQD' no encontrada en tabla de tasas de cambio
2026-09-13 16:46:44,409 [WARNING] normalize: Moneda 'IRR' no encontrada en tabla de tasas de cambio
2026-09-13 16:46:44,410 [WARNING] normalize: Moneda 'IRR' no encontrada en tabla de tasas de cambio
2026-09-13 16:46:44,410 [WARNING] normalize: Moneda 'IRR' no encontrada en tabla de tasas de cambio
2026-09-13 16:46:44,411 [WARNING] normalize: Moneda 'IRR' no encontrada en tabla de tasas de cambio
2026-09-13 16:46:44,411 [WARNING] normalize: Moneda 'IRR' no encontrada en tabla de tasas de cambio
2026-09-13 16:46:44,412 [WARNING] normalize: Moneda 'IQD' no encontrada en tabla de tasas de cambio
2026-09-13 16:46:44,413 [WARNING] normalize: Moneda 'IRR' no encontrada en tabla de tasas de cambio
2026-09-13 16:46:44,414 [WARNING] normalize: Moneda 'IRR' no encontrada en tabla de tasas de cambio
2026-09-13 16:46:44,414 [WARNING] normalize: Moneda 'IRR' no encontrada en tabla de tasas de cambio
2026-09-13 16:46:44,417 [WARNING] normalize: Moneda 'IRR' no encontrada en tabla de tasas de cambio
2026-09-13 16:46:44,419 [WARNING] normalize: Moneda 'IRR' no encontrada en tabla de tasas de cambio
2026-09-13 16:46:44,420 [WARNING] normalize: Moneda 'IRR' no encontrada en tabla de tasas de cambio
2026-09-13 16:46:44,420 [WARNING] normalize: Moneda 'IRR' no encontrada en tabla de tasas de cambio
2026-09-13 16:46:44,421 [WARNING] normalize: Moneda 'IRR' no encontrada en tabla de tasas de cambio
2026-09-13 16:46:44,422 [WARNING] normalize: Moneda 'IRR' no encontrada en tabla de tasas de cambio
2026-09-13 16:46:44,424 [WARNING] normalize: Moneda 'IRR' no encontrada en tabla de tasas de cambio
2026-09-13 16:46:44,425 [WARNING] normalize: Moneda 'IRR' no encontrada en tabla de tasas de cambio
2026-09-13 16:46:44,426 [WARNING] normalize: Moneda 'IRR' no encontrada en tabla de tasas de cambio
2026-09-13 16:46:44,428 [WARNING] normalize: Moneda 'IQD' no encontrada en tabla de tasas de cambio
2026-09-13 16:46:44,429 [WARNING] normalize: Moneda 'IQD' no encontrada en tabla de tasas de cambio
2026-09-13 16:46:44,430 [WARNING] normalize: Moneda 'IRR' no encontrada en tabla de tasas de cambio
2026-09-13 16:46:44,431 [WARNING] normalize: Moneda 'IRR' no encontrada en tabla de tasas de cambio
2026-09-13 16:46:44,431 [WARNING] normalize: Moneda 'IQD' no encontrada en tabla de tasas de cambio
2026-09-13 16:46:44,433 [WARNING] normalize: Moneda 'IRR' no encontrada en tabla de tasas de cambio
2026-09-13 16:46:44,433 [WARNING] normalize: Moneda 'SYP' no encontrada en tabla de tasas de cambio
2026-09-13 16:46:44,434 [WARNING] normalize: Moneda 'SYP' no encontrada en tabla de tasas de cambio
2026-09-13 16:46:44,434 [WARNING] normalize: Moneda 'IRR' no encontrada en tabla de tasas de cambio
2026-09-13 16:46:44,436 [WARNING] normalize: Moneda 'IRR' no encontrada en tabla de tasas de cambio
2026-09-13 16:46:44,440 [WARNING] normalize: Moneda 'IRR' no encontrada en tabla de tasas de cambio
2026-09-13 16:46:44,441 [WARNING] normalize: Moneda 'IRR' no encontrada en tabla de tasas de cambio
2026-09-13 16:46:44,441 [WARNING] normalize: Moneda 'IQD' no encontrada en tabla de tasas de cambio
2026-09-13 16:46:44,443 [WARNING] normalize: Moneda 'IRR' no encontrada en tabla de tasas de cambio
2026-09-13 16:46:44,444 [WARNING] normalize: Moneda 'IRR' no encontrada en tabla de tasas de cambio
2026-09-13 16:46:44,445 [WARNING] normalize: Moneda 'IRR' no encontrada en tabla de tasas de cambio
2026-09-13 16:46:44,446 [WARNING] normalize: Moneda 'IRR' no encontrada en tabla de tasas de cambio
2026-09-13 16:46:44,446 [WARNING] normalize: Moneda 'IRR' no encontrada en tabla de tasas de cambio
2026-09-13 16:46:44,447 [WARNING] normalize: Moneda 'KZT' no encontrada en tabla de tasas de cambio
2026-09-13 16:46:44,447 [WARNING] normalize: Moneda 'IRR' no encontrada en tabla de tasas de cambio
2026-09-13 16:46:44,448 [WARNING] normalize: Moneda 'IRR' no encontrada en tabla de tasas de cambio
2026-09-13 16:46:44,451 [WARNING] normalize: Moneda 'IRR' no encontrada en tabla de tasas de cambio
2026-09-13 16:46:44,451 [WARNING] normalize: Moneda 'IRR' no encontrada en tabla de tasas de cambio
2026-09-13 16:46:44,452 [WARNING] normalize: Moneda 'IRR' no encontrada en tabla de tasas de cambio
2026-09-13 16:46:44,452 [WARNING] normalize: Moneda 'IRR' no encontrada en tabla de tasas de cambio
2026-09-13 16:46:44,455 [WARNING] normalize: Moneda 'IRR' no encontrada en tabla de tasas de cambio
2026-09-13 16:46:44,456 [WARNING] normalize: Moneda 'IRR' no encontrada en tabla de tasas de cambio
2026-09-13 16:46:44,456 [WARNING] normalize: Moneda 'IRR' no encontrada en tabla de tasas de cambio
2026-09-13 16:46:44,457 [WARNING] normalize: Moneda 'IRR' no encontrada en tabla de tasas de cambio
2026-09-13 16:46:44,457 [WARNING] normalize: Moneda 'IRR' no encontrada en tabla de tasas de cambio
2026-09-13 16:46:44,458 [WARNING] normalize: Moneda 'XOF' no encontrada en tabla de tasas de cambio
2026-09-13 16:46:44,459 [WARNING] normalize: Moneda 'IRR' no encontrada en tabla de tasas de cambio
2026-09-13 16:46:44,462 [WARNING] normalize: Moneda 'IRR' no encontrada en tabla de tasas de cambio
2026-09-13 16:46:44,462 [WARNING] normalize: Moneda 'KZT' no encontrada en tabla de tasas de cambio
2026-09-13 16:46:44,463 [WARNING] normalize: Moneda 'KZT' no encontrada en tabla de tasas de cambio
2026-09-13 16:46:44,463 [WARNING] normalize: Moneda 'KZT' no encontrada en tabla de tasas de cambio
2026-09-13 16:46:44,463 [WARNING] normalize: Moneda 'KZT' no encontrada en tabla de tasas de cambio
2026-09-13 16:46:44,464 [WARNING] normalize: Moneda 'IRR' no encontrada en tabla de tasas de cambio
2026-09-13 16:46:44,465 [WARNING] normalize: Moneda 'IRR' no encontrada en tabla de tasas de cambio
2026-09-13 16:46:44,467 [WARNING] normalize: Moneda 'IRR' no encontrada en tabla de tasas de cambio
2026-09-13 16:46:44,467 [WARNING] normalize: Moneda 'IQD' no encontrada en tabla de tasas de cambio
2026-09-13 16:46:44,468 [WARNING] normalize: Moneda 'IRR' no encontrada en tabla de tasas de cambio
2026-09-13 16:46:44,468 [WARNING] normalize: Moneda 'IRR' no encontrada en tabla de tasas de cambio
2026-09-13 16:46:44,469 [WARNING] normalize: Moneda 'IRR' no encontrada en tabla de tasas de cambio
2026-09-13 16:46:44,470 [WARNING] normalize: Moneda 'IQD' no encontrada en tabla de tasas de cambio
2026-09-13 16:46:44,470 [WARNING] normalize: Moneda 'IRR' no encontrada en tabla de tasas de cambio
2026-09-13 16:46:44,471 [WARNING] normalize: Moneda 'IRR' no encontrada en tabla de tasas de cambio
2026-09-13 16:46:44,472 [WARNING] normalize: Moneda 'KZT' no encontrada en tabla de tasas de cambio
2026-09-13 16:46:44,473 [WARNING] normalize: Moneda 'IRR' no encontrada en tabla de tasas de cambio
2026-09-13 16:46:44,473 [WARNING] normalize: Moneda 'IRR' no encontrada en tabla de tasas de cambio
2026-09-13 16:46:44,474 [WARNING] normalize: Moneda 'IRR' no encontrada en tabla de tasas de cambio
2026-09-13 16:46:44,474 [WARNING] normalize: Moneda 'IRR' no encontrada en tabla de tasas de cambio
2026-09-13 16:46:44,475 [WARNING] normalize: Moneda 'IRR' no encontrada en tabla de tasas de cambio
2026-09-13 16:46:44,478 [WARNING] normalize: Moneda 'IQD' no encontrada en tabla de tasas de cambio
2026-09-13 16:46:44,479 [WARNING] normalize: Moneda 'IRR' no encontrada en tabla de tasas de cambio
2026-09-13 16:46:44,480 [WARNING] normalize: Moneda 'IRR' no encontrada en tabla de tasas de cambio
2026-09-13 16:46:44,481 [WARNING] normalize: Moneda 'IRR' no encontrada en tabla de tasas de cambio
2026-09-13 16:46:44,482 [WARNING] normalize: Moneda 'IRR' no encontrada en tabla de tasas de cambio
2026-09-13 16:46:44,483 [WARNING] normalize: Moneda 'IRR' no encontrada en tabla de tasas de cambio
2026-09-13 16:46:44,485 [WARNING] normalize: Moneda 'IQD' no encontrada en tabla de tasas de cambio
2026-09-13 16:46:44,488 [WARNING] normalize: Moneda 'IQD' no encontrada en tabla de tasas de cambio
2026-09-13 16:46:44,488 [WARNING] normalize: Moneda 'IRR' no encontrada en tabla de tasas de cambio
2026-09-13 16:46:44,490 [WARNING] normalize: Moneda 'IRR' no encontrada en tabla de tasas de cambio
2026-09-13 16:46:44,491 [WARNING] normalize: Moneda 'IRR' no encontrada en tabla de tasas de cambio
2026-09-13 16:46:44,492 [WARNING] normalize: Moneda 'IRR' no encontrada en tabla de tasas de cambio
2026-09-13 16:46:44,492 [WARNING] normalize: Moneda 'IRR' no encontrada en tabla de tasas de cambio
2026-09-13 16:46:44,493 [WARNING] normalize: Moneda 'IRR' no encontrada en tabla de tasas de cambio
2026-09-13 16:46:44,494 [WARNING] normalize: Moneda 'IQD' no encontrada en tabla de tasas de cambio
2026-09-13 16:46:44,495 [WARNING] normalize: Moneda 'IQD' no encontrada en tabla de tasas de cambio
2026-09-13 16:46:44,495 [WARNING] normalize: Moneda 'IRR' no encontrada en tabla de tasas de cambio
2026-09-13 16:46:44,497 [WARNING] normalize: Moneda 'IRR' no encontrada en tabla de tasas de cambio
2026-09-13 16:46:44,498 [WARNING] normalize: Moneda 'IQD' no encontrada en tabla de tasas de cambio
2026-09-13 16:46:44,498 [WARNING] normalize: Moneda 'IQD' no encontrada en tabla de tasas de cambio
2026-09-13 16:46:44,498 [WARNING] normalize: Moneda 'VND' no encontrada en tabla de tasas de cambio
2026-09-13 16:46:44,499 [WARNING] normalize: Moneda 'IRR' no encontrada en tabla de tasas de cambio
2026-09-13 16:46:44,499 [WARNING] normalize: Moneda 'IRR' no encontrada en tabla de tasas de cambio
2026-09-13 16:46:44,500 [WARNING] normalize: Moneda 'IQD' no encontrada en tabla de tasas de cambio
2026-09-13 16:46:44,503 [WARNING] normalize: Moneda 'IRR' no encontrada en tabla de tasas de cambio
2026-09-13 16:46:44,505 [WARNING] normalize: Moneda 'IRR' no encontrada en tabla de tasas de cambio
2026-09-13 16:46:44,505 [WARNING] normalize: Moneda 'IRR' no encontrada en tabla de tasas de cambio
2026-09-13 16:46:44,506 [WARNING] normalize: Moneda 'IRR' no encontrada en tabla de tasas de cambio
2026-09-13 16:46:44,510 [WARNING] normalize: Moneda 'KZT' no encontrada en tabla de tasas de cambio
2026-09-13 16:46:44,517 [WARNING] normalize: Moneda 'IRR' no encontrada en tabla de tasas de cambio
2026-09-13 16:46:44,518 [WARNING] normalize: Moneda 'IRR' no encontrada en tabla de tasas de cambio
2026-09-13 16:46:44,518 [WARNING] normalize: Moneda 'IRR' no encontrada en tabla de tasas de cambio
2026-09-13 16:46:44,518 [WARNING] normalize: Moneda 'IRR' no encontrada en tabla de tasas de cambio
2026-09-13 16:46:44,518 [WARNING] normalize: Moneda 'IRR' no encontrada en tabla de tasas de cambio
2026-09-13 16:46:44,521 [WARNING] normalize: Moneda 'IRR' no encontrada en tabla de tasas de cambio
2026-09-13 16:46:44,521 [WARNING] normalize: Moneda 'IRR' no encontrada en tabla de tasas de cambio
2026-09-13 16:46:44,522 [WARNING] normalize: Moneda 'IQD' no encontrada en tabla de tasas de cambio
2026-09-13 16:46:44,522 [WARNING] normalize: Moneda 'IRR' no encontrada en tabla de tasas de cambio
2026-09-13 16:46:44,522 [WARNING] normalize: Moneda 'KZT' no encontrada en tabla de tasas de cambio
2026-09-13 16:46:44,522 [WARNING] normalize: Moneda 'IRR' no encontrada en tabla de tasas de cambio
2026-09-13 16:46:44,523 [WARNING] normalize: Moneda 'IRR' no encontrada en tabla de tasas de cambio
2026-09-13 16:46:44,523 [WARNING] normalize: Moneda 'IRR' no encontrada en tabla de tasas de cambio
2026-09-13 16:46:44,524 [WARNING] normalize: Moneda 'KZT' no encontrada en tabla de tasas de cambio
2026-09-13 16:46:44,525 [WARNING] normalize: Moneda 'IRR' no encontrada en tabla de tasas de cambio
2026-09-13 16:46:44,526 [WARNING] normalize: Moneda 'IRR' no encontrada en tabla de tasas de cambio
2026-09-13 16:46:44,526 [WARNING] normalize: Moneda 'IRR' no encontrada en tabla de tasas de cambio
2026-09-13 16:46:44,526 [WARNING] normalize: Moneda 'IRR' no encontrada en tabla de tasas de cambio
2026-09-13 16:46:44,529 [WARNING] normalize: Moneda 'IRR' no encontrada en tabla de tasas de cambio
2026-09-13 16:46:44,530 [WARNING] normalize: Moneda 'IRR' no encontrada en tabla de tasas de cambio
2026-09-13 16:46:44,531 [WARNING] normalize: Moneda 'IRR' no encontrada en tabla de tasas de cambio
2026-09-13 16:46:44,531 [WARNING] normalize: Moneda 'IRR' no encontrada en tabla de tasas de cambio
2026-09-13 16:46:44,532 [WARNING] normalize: Moneda 'IQD' no encontrada en tabla de tasas de cambio
2026-09-13 16:46:44,533 [WARNING] normalize: Moneda 'IRR' no encontrada en tabla de tasas de cambio
2026-09-13 16:46:44,534 [WARNING] normalize: Moneda 'IQD' no encontrada en tabla de tasas de cambio
2026-09-13 16:46:44,535 [WARNING] normalize: Moneda 'IQD' no encontrada en tabla de tasas de cambio
2026-09-13 16:46:44,536 [WARNING] normalize: Moneda 'IRR' no encontrada en tabla de tasas de cambio
2026-09-13 16:46:44,536 [WARNING] normalize: Moneda 'IRR' no encontrada en tabla de tasas de cambio
2026-09-13 16:46:44,537 [WARNING] normalize: Moneda 'IRR' no encontrada en tabla de tasas de cambio
2026-09-13 16:46:44,537 [WARNING] normalize: Moneda 'IRR' no encontrada en tabla de tasas de cambio
2026-09-13 16:46:44,538 [WARNING] normalize: Moneda 'XOF' no encontrada en tabla de tasas de cambio
2026-09-13 16:46:44,538 [WARNING] normalize: Moneda 'IRR' no encontrada en tabla de tasas de cambio
2026-09-13 16:46:44,539 [WARNING] normalize: Moneda 'IRR' no encontrada en tabla de tasas de cambio
2026-09-13 16:46:44,539 [WARNING] normalize: Moneda 'IRR' no encontrada en tabla de tasas de cambio
2026-09-13 16:46:44,540 [WARNING] normalize: Moneda 'IRR' no encontrada en tabla de tasas de cambio
2026-09-13 16:46:44,541 [WARNING] normalize: Moneda 'IRR' no encontrada en tabla de tasas de cambio
2026-09-13 16:46:44,541 [WARNING] normalize: Moneda 'IRR' no encontrada en tabla de tasas de cambio
2026-09-13 16:46:44,542 [WARNING] normalize: Moneda 'IRR' no encontrada en tabla de tasas de cambio
2026-09-13 16:46:44,545 [WARNING] normalize: Moneda 'IRR' no encontrada en tabla de tasas de cambio
2026-09-13 16:46:44,546 [WARNING] normalize: Moneda 'MAD' no encontrada en tabla de tasas de cambio
2026-09-13 16:46:44,547 [WARNING] normalize: Moneda 'IRR' no encontrada en tabla de tasas de cambio
2026-09-13 16:46:44,548 [WARNING] normalize: Moneda 'IQD' no encontrada en tabla de tasas de cambio
2026-09-13 16:46:44,549 [WARNING] normalize: Moneda 'IRR' no encontrada en tabla de tasas de cambio
2026-09-13 16:46:44,551 [WARNING] normalize: Moneda 'IQD' no encontrada en tabla de tasas de cambio
2026-09-13 16:46:44,551 [WARNING] normalize: Moneda 'IRR' no encontrada en tabla de tasas de cambio
2026-09-13 16:46:44,552 [WARNING] normalize: Moneda 'IRR' no encontrada en tabla de tasas de cambio
2026-09-13 16:46:44,553 [WARNING] normalize: Moneda 'IRR' no encontrada en tabla de tasas de cambio
2026-09-13 16:46:44,553 [WARNING] normalize: Moneda 'IRR' no encontrada en tabla de tasas de cambio
2026-09-13 16:46:44,555 [WARNING] normalize: Moneda 'IRR' no encontrada en tabla de tasas de cambio
2026-09-13 16:46:44,555 [WARNING] normalize: Moneda 'IRR' no encontrada en tabla de tasas de cambio
2026-09-13 16:46:44,557 [WARNING] normalize: Moneda 'NPR' no encontrada en tabla de tasas de cambio
2026-09-13 16:46:44,559 [WARNING] normalize: Moneda 'IQD' no encontrada en tabla de tasas de cambio
2026-09-13 16:46:44,561 [WARNING] normalize: Moneda 'XOF' no encontrada en tabla de tasas de cambio
2026-09-13 16:46:44,562 [WARNING] normalize: Moneda 'IRR' no encontrada en tabla de tasas de cambio
2026-09-13 16:46:44,563 [WARNING] normalize: Moneda 'IQD' no encontrada en tabla de tasas de cambio
2026-09-13 16:46:44,564 [WARNING] normalize: Moneda 'IRR' no encontrada en tabla de tasas de cambio
2026-09-13 16:46:44,565 [WARNING] normalize: Moneda 'IRR' no encontrada en tabla de tasas de cambio
2026-09-13 16:46:44,566 [WARNING] normalize: Moneda 'IRR' no encontrada en tabla de tasas de cambio
2026-09-13 16:46:44,567 [WARNING] normalize: Moneda 'IRR' no encontrada en tabla de tasas de cambio
2026-09-13 16:46:44,567 [WARNING] normalize: Moneda 'IRR' no encontrada en tabla de tasas de cambio
2026-09-13 16:46:44,568 [WARNING] normalize: Moneda 'IRR' no encontrada en tabla de tasas de cambio
2026-09-13 16:46:44,568 [WARNING] normalize: Moneda 'IRR' no encontrada en tabla de tasas de cambio
2026-09-13 16:46:44,568 [WARNING] normalize: Moneda 'IRR' no encontrada en tabla de tasas de cambio
2026-09-13 16:46:44,569 [WARNING] normalize: Moneda 'IRR' no encontrada en tabla de tasas de cambio
2026-09-13 16:46:44,570 [WARNING] normalize: Moneda 'IRR' no encontrada en tabla de tasas de cambio
2026-09-13 16:46:44,571 [WARNING] normalize: Moneda 'IQD' no encontrada en tabla de tasas de cambio
2026-09-13 16:46:44,571 [WARNING] normalize: Moneda 'IRR' no encontrada en tabla de tasas de cambio
2026-09-13 16:46:44,572 [WARNING] normalize: Moneda 'IRR' no encontrada en tabla de tasas de cambio
2026-09-13 16:46:44,575 [WARNING] normalize: Moneda 'IRR' no encontrada en tabla de tasas de cambio
2026-09-13 16:46:44,576 [WARNING] normalize: Moneda 'IRR' no encontrada en tabla de tasas de cambio
2026-09-13 16:46:44,577 [WARNING] normalize: Moneda 'IQD' no encontrada en tabla de tasas de cambio
2026-09-13 16:46:44,578 [WARNING] normalize: Moneda 'IQD' no encontrada en tabla de tasas de cambio
2026-09-13 16:46:44,579 [WARNING] normalize: Moneda 'IQD' no encontrada en tabla de tasas de cambio
2026-09-13 16:46:44,579 [WARNING] normalize: Moneda 'IRR' no encontrada en tabla de tasas de cambio
2026-09-13 16:46:44,580 [WARNING] normalize: Moneda 'IRR' no encontrada en tabla de tasas de cambio
2026-09-13 16:46:44,581 [WARNING] normalize: Moneda 'IRR' no encontrada en tabla de tasas de cambio
2026-09-13 16:46:44,582 [WARNING] normalize: Moneda 'IQD' no encontrada en tabla de tasas de cambio
2026-09-13 16:46:44,582 [WARNING] normalize: Moneda 'IRR' no encontrada en tabla de tasas de cambio
2026-09-13 16:46:44,585 [WARNING] normalize: Moneda 'IRR' no encontrada en tabla de tasas de cambio
2026-09-13 16:46:44,586 [WARNING] normalize: Moneda 'IRR' no encontrada en tabla de tasas de cambio
2026-09-13 16:46:44,587 [WARNING] normalize: Moneda 'XOF' no encontrada en tabla de tasas de cambio
2026-09-13 16:46:44,588 [WARNING] normalize: Moneda 'IRR' no encontrada en tabla de tasas de cambio
2026-09-13 16:46:44,588 [WARNING] normalize: Moneda 'IRR' no encontrada en tabla de tasas de cambio
2026-09-13 16:46:44,588 [WARNING] normalize: Moneda 'IRR' no encontrada en tabla de tasas de cambio
2026-09-13 16:46:44,589 [WARNING] normalize: Moneda 'IRR' no encontrada en tabla de tasas de cambio
2026-09-13 16:46:44,589 [WARNING] normalize: Moneda 'IRR' no encontrada en tabla de tasas de cambio
2026-09-13 16:46:44,592 [WARNING] normalize: Moneda 'IRR' no encontrada en tabla de tasas de cambio
2026-09-13 16:46:44,595 [WARNING] normalize: Moneda 'IRR' no encontrada en tabla de tasas de cambio
2026-09-13 16:46:44,596 [WARNING] normalize: Moneda 'IRR' no encontrada en tabla de tasas de cambio
2026-09-13 16:46:44,597 [WARNING] normalize: Moneda 'IRR' no encontrada en tabla de tasas de cambio
2026-09-13 16:46:44,598 [WARNING] normalize: Moneda 'IRR' no encontrada en tabla de tasas de cambio
2026-09-13 16:46:44,599 [WARNING] normalize: Moneda 'IRR' no encontrada en tabla de tasas de cambio
2026-09-13 16:46:44,600 [WARNING] normalize: Moneda 'IQD' no encontrada en tabla de tasas de cambio
2026-09-13 16:46:44,601 [WARNING] normalize: Moneda 'IRR' no encontrada en tabla de tasas de cambio
2026-09-13 16:46:44,601 [WARNING] normalize: Moneda 'IRR' no encontrada en tabla de tasas de cambio
2026-09-13 16:46:44,601 [WARNING] normalize: Moneda 'YER' no encontrada en tabla de tasas de cambio
2026-09-13 16:46:44,607 [WARNING] normalize: Moneda 'IRR' no encontrada en tabla de tasas de cambio
2026-09-13 16:46:44,609 [WARNING] normalize: Moneda 'IRR' no encontrada en tabla de tasas de cambio
2026-09-13 16:46:44,610 [WARNING] normalize: Moneda 'IRR' no encontrada en tabla de tasas de cambio
2026-09-13 16:46:44,612 [WARNING] normalize: Moneda 'IRR' no encontrada en tabla de tasas de cambio
2026-09-13 16:46:44,613 [WARNING] normalize: Moneda 'YER' no encontrada en tabla de tasas de cambio
2026-09-13 16:46:44,613 [WARNING] normalize: Moneda 'IRR' no encontrada en tabla de tasas de cambio
2026-09-13 16:46:44,614 [WARNING] normalize: Moneda 'IRR' no encontrada en tabla de tasas de cambio
2026-09-13 16:46:44,614 [WARNING] normalize: Moneda 'VND' no encontrada en tabla de tasas de cambio
2026-09-13 16:46:44,615 [WARNING] normalize: Moneda 'IRR' no encontrada en tabla de tasas de cambio
2026-09-13 16:46:44,615 [WARNING] normalize: Moneda 'IRR' no encontrada en tabla de tasas de cambio
2026-09-13 16:46:44,616 [WARNING] normalize: Moneda 'IRR' no encontrada en tabla de tasas de cambio
2026-09-13 16:46:44,617 [WARNING] normalize: Moneda 'IRR' no encontrada en tabla de tasas de cambio
2026-09-13 16:46:44,617 [WARNING] normalize: Moneda 'IRR' no encontrada en tabla de tasas de cambio
2026-09-13 16:46:44,618 [WARNING] normalize: Moneda 'IRR' no encontrada en tabla de tasas de cambio
2026-09-13 16:46:44,618 [WARNING] normalize: Moneda 'IRR' no encontrada en tabla de tasas de cambio
2026-09-13 16:46:44,620 [WARNING] normalize: Moneda 'IRR' no encontrada en tabla de tasas de cambio
2026-09-13 16:46:44,622 [WARNING] normalize: Moneda 'IRR' no encontrada en tabla de tasas de cambio
2026-09-13 16:46:44,623 [WARNING] normalize: Moneda 'IRR' no encontrada en tabla de tasas de cambio
2026-09-13 16:46:44,628 [WARNING] normalize: Moneda 'LYD' no encontrada en tabla de tasas de cambio
2026-09-13 16:46:44,634 [WARNING] normalize: Moneda 'IRR' no encontrada en tabla de tasas de cambio
2026-09-13 16:46:44,637 [WARNING] normalize: Moneda 'IRR' no encontrada en tabla de tasas de cambio
2026-09-13 16:46:44,639 [WARNING] normalize: Moneda 'IQD' no encontrada en tabla de tasas de cambio
2026-09-13 16:46:44,640 [WARNING] normalize: Moneda 'IRR' no encontrada en tabla de tasas de cambio
2026-09-13 16:46:44,644 [WARNING] normalize: Moneda 'IRR' no encontrada en tabla de tasas de cambio
2026-09-13 16:46:44,644 [WARNING] normalize: Moneda 'IRR' no encontrada en tabla de tasas de cambio
2026-09-13 16:46:44,646 [WARNING] normalize: Moneda 'IRR' no encontrada en tabla de tasas de cambio
2026-09-13 16:46:44,647 [WARNING] normalize: Moneda 'IRR' no encontrada en tabla de tasas de cambio
2026-09-13 16:46:44,648 [WARNING] normalize: Moneda 'IQD' no encontrada en tabla de tasas de cambio
2026-09-13 16:46:44,648 [WARNING] normalize: Moneda 'IRR' no encontrada en tabla de tasas de cambio
2026-09-13 16:46:44,649 [WARNING] normalize: Moneda 'IRR' no encontrada en tabla de tasas de cambio
2026-09-13 16:46:44,650 [WARNING] normalize: Moneda 'IRR' no encontrada en tabla de tasas de cambio
2026-09-13 16:46:44,651 [WARNING] normalize: Moneda 'IRR' no encontrada en tabla de tasas de cambio
2026-09-13 16:46:44,652 [WARNING] normalize: Moneda 'IQD' no encontrada en tabla de tasas de cambio
2026-09-13 16:46:44,652 [WARNING] normalize: Moneda 'IRR' no encontrada en tabla de tasas de cambio
2026-09-13 16:46:44,654 [WARNING] normalize: Moneda 'IRR' no encontrada en tabla de tasas de cambio
2026-09-13 16:46:44,654 [WARNING] normalize: Moneda 'VND' no encontrada en tabla de tasas de cambio
2026-09-13 16:46:44,655 [WARNING] normalize: Moneda 'IRR' no encontrada en tabla de tasas de cambio
2026-09-13 16:46:44,655 [WARNING] normalize: Moneda 'IRR' no encontrada en tabla de tasas de cambio
2026-09-13 16:46:44,656 [WARNING] normalize: Moneda 'IRR' no encontrada en tabla de tasas de cambio
2026-09-13 16:46:44,658 [WARNING] normalize: Moneda 'IRR' no encontrada en tabla de tasas de cambio
2026-09-13 16:46:44,659 [WARNING] normalize: Moneda 'IRR' no encontrada en tabla de tasas de cambio
2026-09-13 16:46:44,661 [WARNING] normalize: Moneda 'IRR' no encontrada en tabla de tasas de cambio
2026-09-13 16:46:44,663 [WARNING] normalize: Moneda 'IRR' no encontrada en tabla de tasas de cambio
2026-09-13 16:46:44,664 [WARNING] normalize: Moneda 'IRR' no encontrada en tabla de tasas de cambio
2026-09-13 16:46:44,666 [WARNING] normalize: Moneda 'IRR' no encontrada en tabla de tasas de cambio
2026-09-13 16:46:44,667 [WARNING] normalize: Moneda 'IRR' no encontrada en tabla de tasas de cambio
2026-09-13 16:46:44,669 [WARNING] normalize: Moneda 'IRR' no encontrada en tabla de tasas de cambio
2026-09-13 16:46:44,673 [WARNING] normalize: Moneda 'IRR' no encontrada en tabla de tasas de cambio
2026-09-13 16:46:44,674 [WARNING] normalize: Moneda 'IQD' no encontrada en tabla de tasas de cambio
2026-09-13 16:46:44,675 [WARNING] normalize: Moneda 'IRR' no encontrada en tabla de tasas de cambio
2026-09-13 16:46:44,676 [WARNING] normalize: Moneda 'IQD' no encontrada en tabla de tasas de cambio
2026-09-13 16:46:44,678 [WARNING] normalize: Moneda 'IRR' no encontrada en tabla de tasas de cambio
2026-09-13 16:46:44,678 [WARNING] normalize: Moneda 'IRR' no encontrada en tabla de tasas de cambio
2026-09-13 16:46:44,679 [WARNING] normalize: Moneda 'IRR' no encontrada en tabla de tasas de cambio
2026-09-13 16:46:44,680 [WARNING] normalize: Moneda 'IRR' no encontrada en tabla de tasas de cambio
2026-09-13 16:46:44,681 [WARNING] normalize: Moneda 'SYP' no encontrada en tabla de tasas de cambio
2026-09-13 16:46:44,687 [WARNING] normalize: Moneda 'IRR' no encontrada en tabla de tasas de cambio
2026-09-13 16:46:44,689 [WARNING] normalize: Moneda 'IQD' no encontrada en tabla de tasas de cambio
2026-09-13 16:46:44,690 [WARNING] normalize: Moneda 'IRR' no encontrada en tabla de tasas de cambio
2026-09-13 16:46:44,690 [WARNING] normalize: Moneda 'IRR' no encontrada en tabla de tasas de cambio
2026-09-13 16:46:44,694 [WARNING] normalize: Moneda 'IRR' no encontrada en tabla de tasas de cambio
2026-09-13 16:46:44,697 [WARNING] normalize: Moneda 'IRR' no encontrada en tabla de tasas de cambio
2026-09-13 16:46:44,699 [WARNING] normalize: Moneda 'IQD' no encontrada en tabla de tasas de cambio
2026-09-13 16:46:44,701 [WARNING] normalize: Moneda 'IRR' no encontrada en tabla de tasas de cambio
2026-09-13 16:46:44,701 [WARNING] normalize: Moneda 'IRR' no encontrada en tabla de tasas de cambio
2026-09-13 16:46:44,702 [WARNING] normalize: Moneda 'IRR' no encontrada en tabla de tasas de cambio
2026-09-13 16:46:44,703 [WARNING] normalize: Moneda 'IRR' no encontrada en tabla de tasas de cambio
2026-09-13 16:46:44,703 [WARNING] normalize: Moneda 'IRR' no encontrada en tabla de tasas de cambio
2026-09-13 16:46:44,704 [WARNING] normalize: Moneda 'IRR' no encontrada en tabla de tasas de cambio
2026-09-13 16:46:44,705 [WARNING] normalize: Moneda 'IRR' no encontrada en tabla de tasas de cambio
2026-09-13 16:46:44,712 [WARNING] normalize: Moneda 'IRR' no encontrada en tabla de tasas de cambio
2026-09-13 16:46:44,714 [WARNING] normalize: Moneda 'XOF' no encontrada en tabla de tasas de cambio
2026-09-13 16:46:44,715 [WARNING] normalize: Moneda 'IRR' no encontrada en tabla de tasas de cambio
2026-09-13 16:46:44,716 [WARNING] normalize: Moneda 'XOF' no encontrada en tabla de tasas de cambio
2026-09-13 16:46:44,717 [WARNING] normalize: Moneda 'IQD' no encontrada en tabla de tasas de cambio
2026-09-13 16:46:44,718 [WARNING] normalize: Moneda 'IQD' no encontrada en tabla de tasas de cambio
2026-09-13 16:46:44,719 [WARNING] normalize: Moneda 'IRR' no encontrada en tabla de tasas de cambio
2026-09-13 16:46:44,720 [WARNING] normalize: Moneda 'IRR' no encontrada en tabla de tasas de cambio
2026-09-13 16:46:44,722 [WARNING] normalize: Moneda 'IRR' no encontrada en tabla de tasas de cambio
2026-09-13 16:46:44,725 [WARNING] normalize: Moneda 'IRR' no encontrada en tabla de tasas de cambio
2026-09-13 16:46:44,727 [WARNING] normalize: Moneda 'IRR' no encontrada en tabla de tasas de cambio
2026-09-13 16:46:44,730 [WARNING] normalize: Moneda 'IRR' no encontrada en tabla de tasas de cambio
2026-09-13 16:46:44,738 [WARNING] normalize: Moneda 'IRR' no encontrada en tabla de tasas de cambio
2026-09-13 16:46:44,744 [WARNING] normalize: Moneda 'IRR' no encontrada en tabla de tasas de cambio
2026-09-13 16:46:44,751 [WARNING] normalize: Moneda 'IQD' no encontrada en tabla de tasas de cambio
2026-09-13 16:46:44,752 [WARNING] normalize: Moneda 'IQD' no encontrada en tabla de tasas de cambio
2026-09-13 16:46:44,756 [WARNING] normalize: Moneda 'IRR' no encontrada en tabla de tasas de cambio
2026-09-13 16:46:44,760 [WARNING] normalize: Moneda 'IQD' no encontrada en tabla de tasas de cambio
2026-09-13 16:46:44,766 [WARNING] normalize: Moneda 'GHS' no encontrada en tabla de tasas de cambio
2026-09-13 16:46:44,770 [WARNING] normalize: Moneda 'IQD' no encontrada en tabla de tasas de cambio
2026-09-13 16:46:44,775 [WARNING] normalize: Moneda 'VND' no encontrada en tabla de tasas de cambio
2026-09-13 16:46:44,783 [WARNING] normalize: Moneda 'IRR' no encontrada en tabla de tasas de cambio
2026-09-13 16:46:44,787 [WARNING] normalize: Moneda 'IRR' no encontrada en tabla de tasas de cambio
2026-09-13 16:46:44,789 [WARNING] normalize: Moneda 'IRR' no encontrada en tabla de tasas de cambio
2026-09-13 16:46:44,792 [WARNING] normalize: Moneda 'IRR' no encontrada en tabla de tasas de cambio
2026-09-13 16:46:44,794 [WARNING] normalize: Moneda 'IRR' no encontrada en tabla de tasas de cambio
2026-09-13 16:46:44,796 [WARNING] normalize: Moneda 'IRR' no encontrada en tabla de tasas de cambio
2026-09-13 16:46:44,796 [WARNING] normalize: Moneda 'IRR' no encontrada en tabla de tasas de cambio
2026-09-13 16:46:44,797 [WARNING] normalize: Moneda 'IQD' no encontrada en tabla de tasas de cambio
2026-09-13 16:46:44,797 [WARNING] normalize: Moneda 'UGX' no encontrada en tabla de tasas de cambio
2026-09-13 16:46:44,798 [WARNING] normalize: Moneda 'IRR' no encontrada en tabla de tasas de cambio
2026-09-13 16:46:44,798 [WARNING] normalize: Moneda 'IRR' no encontrada en tabla de tasas de cambio
2026-09-13 16:46:44,809 [WARNING] normalize: Moneda 'IRR' no encontrada en tabla de tasas de cambio
2026-09-13 16:46:44,810 [WARNING] normalize: Moneda 'IRR' no encontrada en tabla de tasas de cambio
2026-09-13 16:46:44,812 [WARNING] normalize: Moneda 'IRR' no encontrada en tabla de tasas de cambio
2026-09-13 16:46:44,814 [WARNING] normalize: Moneda 'IRR' no encontrada en tabla de tasas de cambio
2026-09-13 16:46:44,820 [WARNING] normalize: Moneda 'IQD' no encontrada en tabla de tasas de cambio
2026-09-13 16:46:44,822 [WARNING] normalize: Moneda 'IQD' no encontrada en tabla de tasas de cambio
2026-09-13 16:46:44,825 [WARNING] normalize: Moneda 'IQD' no encontrada en tabla de tasas de cambio
2026-09-13 16:46:44,828 [WARNING] normalize: Moneda 'IQD' no encontrada en tabla de tasas de cambio
2026-09-13 16:46:44,831 [WARNING] normalize: Moneda 'IRR' no encontrada en tabla de tasas de cambio
2026-09-13 16:46:44,834 [WARNING] normalize: Moneda 'XAF' no encontrada en tabla de tasas de cambio
2026-09-13 16:46:44,834 [WARNING] normalize: Moneda 'IRR' no encontrada en tabla de tasas de cambio
2026-09-13 16:46:44,842 [WARNING] normalize: Moneda 'IRR' no encontrada en tabla de tasas de cambio
2026-09-13 16:46:44,843 [WARNING] normalize: Moneda 'XOF' no encontrada en tabla de tasas de cambio
2026-09-13 16:46:44,844 [WARNING] normalize: Moneda 'IRR' no encontrada en tabla de tasas de cambio
2026-09-13 16:46:44,850 [WARNING] normalize: Moneda 'IRR' no encontrada en tabla de tasas de cambio
2026-09-13 16:46:44,852 [WARNING] normalize: Moneda 'IRR' no encontrada en tabla de tasas de cambio
2026-09-13 16:46:44,853 [WARNING] normalize: Moneda 'IQD' no encontrada en tabla de tasas de cambio
2026-09-13 16:46:44,855 [WARNING] normalize: Moneda 'IQD' no encontrada en tabla de tasas de cambio
2026-09-13 16:46:44,856 [WARNING] normalize: Moneda 'IRR' no encontrada en tabla de tasas de cambio
2026-09-13 16:46:44,856 [WARNING] normalize: Moneda 'IQD' no encontrada en tabla de tasas de cambio
2026-09-13 16:46:44,857 [WARNING] normalize: Moneda 'IRR' no encontrada en tabla de tasas de cambio
2026-09-13 16:46:44,859 [WARNING] normalize: Moneda 'IRR' no encontrada en tabla de tasas de cambio
2026-09-13 16:46:44,864 [WARNING] normalize: Moneda 'IRR' no encontrada en tabla de tasas de cambio
2026-09-13 16:46:44,867 [WARNING] normalize: Moneda 'IRR' no encontrada en tabla de tasas de cambio
2026-09-13 16:46:44,868 [WARNING] normalize: Moneda 'IRR' no encontrada en tabla de tasas de cambio
2026-09-13 16:46:44,869 [WARNING] normalize: Moneda 'IQD' no encontrada en tabla de tasas de cambio
2026-09-13 16:46:44,879 [WARNING] normalize: Moneda 'IRR' no encontrada en tabla de tasas de cambio
2026-09-13 16:46:44,883 [WARNING] normalize: Moneda 'IRR' no encontrada en tabla de tasas de cambio
2026-09-13 16:46:44,889 [WARNING] normalize: Moneda 'IQD' no encontrada en tabla de tasas de cambio
2026-09-13 16:46:44,890 [WARNING] normalize: Moneda 'IQD' no encontrada en tabla de tasas de cambio
2026-09-13 16:46:44,896 [WARNING] normalize: Moneda 'IRR' no encontrada en tabla de tasas de cambio
2026-09-13 16:46:44,906 [WARNING] normalize: Moneda 'IRR' no encontrada en tabla de tasas de cambio
2026-09-13 16:46:44,910 [WARNING] normalize: Moneda 'IRR' no encontrada en tabla de tasas de cambio
2026-09-13 16:46:44,911 [WARNING] normalize: Moneda 'IRR' no encontrada en tabla de tasas de cambio
2026-09-13 16:46:44,912 [WARNING] normalize: Moneda 'IRR' no encontrada en tabla de tasas de cambio
2026-09-13 16:46:44,913 [WARNING] normalize: Moneda 'IRR' no encontrada en tabla de tasas de cambio
2026-09-13 16:46:44,913 [WARNING] normalize: Moneda 'IRR' no encontrada en tabla de tasas de cambio
2026-09-13 16:46:44,916 [WARNING] normalize: Moneda 'IRR' no encontrada en tabla de tasas de cambio
2026-09-13 16:46:44,918 [WARNING] normalize: Moneda 'IRR' no encontrada en tabla de tasas de cambio
2026-09-13 16:46:44,921 [WARNING] normalize: Moneda 'IRR' no encontrada en tabla de tasas de cambio
2026-09-13 16:46:44,922 [WARNING] normalize: Moneda 'IRR' no encontrada en tabla de tasas de cambio
2026-09-13 16:46:44,925 [WARNING] normalize: Moneda 'IQD' no encontrada en tabla de tasas de cambio
2026-09-13 16:46:44,927 [WARNING] normalize: Moneda 'KZT' no encontrada en tabla de tasas de cambio
2026-09-13 16:46:44,928 [WARNING] normalize: Moneda 'XOF' no encontrada en tabla de tasas de cambio
2026-09-13 16:46:44,930 [WARNING] normalize: Moneda 'IRR' no encontrada en tabla de tasas de cambio
2026-09-13 16:46:44,932 [WARNING] normalize: Moneda 'IRR' no encontrada en tabla de tasas de cambio
2026-09-13 16:46:44,933 [WARNING] normalize: Moneda 'IRR' no encontrada en tabla de tasas de cambio
2026-09-13 16:46:44,940 [WARNING] normalize: Moneda 'IRR' no encontrada en tabla de tasas de cambio
2026-09-13 16:46:44,942 [WARNING] normalize: Moneda 'IRR' no encontrada en tabla de tasas de cambio
2026-09-13 16:46:44,944 [WARNING] normalize: Moneda 'IQD' no encontrada en tabla de tasas de cambio
2026-09-13 16:46:44,947 [WARNING] normalize: Moneda 'IRR' no encontrada en tabla de tasas de cambio
2026-09-13 16:46:44,952 [WARNING] normalize: Moneda 'IRR' no encontrada en tabla de tasas de cambio
2026-09-13 16:46:44,954 [WARNING] normalize: Moneda 'IQD' no encontrada en tabla de tasas de cambio
2026-09-13 16:46:44,958 [WARNING] normalize: Moneda 'IRR' no encontrada en tabla de tasas de cambio
2026-09-13 16:46:44,961 [WARNING] normalize: Moneda 'IRR' no encontrada en tabla de tasas de cambio
2026-09-13 16:46:44,965 [WARNING] normalize: Moneda 'IRR' no encontrada en tabla de tasas de cambio
2026-09-13 16:46:44,967 [WARNING] normalize: Moneda 'IQD' no encontrada en tabla de tasas de cambio
2026-09-13 16:46:44,968 [WARNING] normalize: Moneda 'IQD' no encontrada en tabla de tasas de cambio
2026-09-13 16:46:44,970 [WARNING] normalize: Moneda 'IRR' no encontrada en tabla de tasas de cambio
2026-09-13 16:46:44,971 [WARNING] normalize: Moneda 'IRR' no encontrada en tabla de tasas de cambio
2026-09-13 16:46:44,974 [WARNING] normalize: Moneda 'IRR' no encontrada en tabla de tasas de cambio
2026-09-13 16:46:44,975 [WARNING] normalize: Moneda 'IRR' no encontrada en tabla de tasas de cambio
2026-09-13 16:46:44,976 [WARNING] normalize: Moneda 'IRR' no encontrada en tabla de tasas de cambio
2026-09-13 16:46:44,977 [WARNING] normalize: Moneda 'IQD' no encontrada en tabla de tasas de cambio
2026-09-13 16:46:44,981 [WARNING] normalize: Moneda 'IRR' no encontrada en tabla de tasas de cambio
2026-09-13 16:46:44,986 [WARNING] normalize: Moneda 'IRR' no encontrada en tabla de tasas de cambio
2026-09-13 16:46:44,988 [WARNING] normalize: Moneda 'YER' no encontrada en tabla de tasas de cambio
2026-09-13 16:46:44,990 [WARNING] normalize: Moneda 'IRR' no encontrada en tabla de tasas de cambio
2026-09-13 16:46:44,992 [WARNING] normalize: Moneda 'IRR' no encontrada en tabla de tasas de cambio
2026-09-13 16:46:44,993 [WARNING] normalize: Moneda 'IRR' no encontrada en tabla de tasas de cambio
2026-09-13 16:46:44,994 [WARNING] normalize: Moneda 'IRR' no encontrada en tabla de tasas de cambio
2026-09-13 16:46:44,995 [WARNING] normalize: Moneda 'IRR' no encontrada en tabla de tasas de cambio
2026-09-13 16:46:44,997 [WARNING] normalize: Moneda 'IQD' no encontrada en tabla de tasas de cambio
2026-09-13 16:46:44,999 [WARNING] normalize: Moneda 'IRR' no encontrada en tabla de tasas de cambio
2026-09-13 16:46:44,999 [WARNING] normalize: Moneda 'IRR' no encontrada en tabla de tasas de cambio
2026-09-13 16:46:45,000 [WARNING] normalize: Moneda 'IRR' no encontrada en tabla de tasas de cambio
2026-09-13 16:46:45,001 [WARNING] normalize: Moneda 'IQD' no encontrada en tabla de tasas de cambio
2026-09-13 16:46:45,002 [WARNING] normalize: Moneda 'IRR' no encontrada en tabla de tasas de cambio
2026-09-13 16:46:45,002 [WARNING] normalize: Moneda 'IQD' no encontrada en tabla de tasas de cambio
2026-09-13 16:46:45,004 [WARNING] normalize: Moneda 'IRR' no encontrada en tabla de tasas de cambio
2026-09-13 16:46:45,011 [WARNING] normalize: Moneda 'IRR' no encontrada en tabla de tasas de cambio
2026-09-13 16:46:45,034 [WARNING] normalize: Moneda 'MAD' no encontrada en tabla de tasas de cambio
2026-09-13 16:46:45,043 [WARNING] normalize: Moneda 'IRR' no encontrada en tabla de tasas de cambio
2026-09-13 16:46:45,054 [WARNING] normalize: Moneda 'IRR' no encontrada en tabla de tasas de cambio
2026-09-13 16:46:45,055 [WARNING] normalize: Moneda 'IRR' no encontrada en tabla de tasas de cambio
2026-09-13 16:46:45,055 [WARNING] normalize: Moneda 'IRR' no encontrada en tabla de tasas de cambio
2026-09-13 16:46:45,056 [WARNING] normalize: Moneda 'IRR' no encontrada en tabla de tasas de cambio
2026-09-13 16:46:45,057 [WARNING] normalize: Moneda 'IRR' no encontrada en tabla de tasas de cambio
2026-09-13 16:46:45,057 [WARNING] normalize: Moneda 'IQD' no encontrada en tabla de tasas de cambio
2026-09-13 16:46:45,058 [WARNING] normalize: Moneda 'IRR' no encontrada en tabla de tasas de cambio
2026-09-13 16:46:45,059 [WARNING] normalize: Moneda 'NPR' no encontrada en tabla de tasas de cambio
2026-09-13 16:46:45,061 [WARNING] normalize: Moneda 'IRR' no encontrada en tabla de tasas de cambio
2026-09-13 16:46:45,063 [WARNING] normalize: Moneda 'IRR' no encontrada en tabla de tasas de cambio
2026-09-13 16:46:45,072 [WARNING] normalize: Moneda 'IRR' no encontrada en tabla de tasas de cambio
2026-09-13 16:46:45,073 [WARNING] normalize: Moneda 'IRR' no encontrada en tabla de tasas de cambio
2026-09-13 16:46:45,076 [WARNING] normalize: Moneda 'IRR' no encontrada en tabla de tasas de cambio
2026-09-13 16:46:45,076 [WARNING] normalize: Moneda 'IRR' no encontrada en tabla de tasas de cambio
2026-09-13 16:46:45,077 [WARNING] normalize: Moneda 'XAF' no encontrada en tabla de tasas de cambio
2026-09-13 16:46:45,077 [WARNING] normalize: Moneda 'IRR' no encontrada en tabla de tasas de cambio
2026-09-13 16:46:45,079 [WARNING] normalize: Moneda 'IRR' no encontrada en tabla de tasas de cambio
2026-09-13 16:46:45,080 [WARNING] normalize: Moneda 'IRR' no encontrada en tabla de tasas de cambio
2026-09-13 16:46:45,080 [WARNING] normalize: Moneda 'IRR' no encontrada en tabla de tasas de cambio
2026-09-13 16:46:45,082 [WARNING] normalize: Moneda 'IQD' no encontrada en tabla de tasas de cambio
2026-09-13 16:46:45,086 [WARNING] normalize: Moneda 'YER' no encontrada en tabla de tasas de cambio
2026-09-13 16:46:45,087 [WARNING] normalize: Moneda 'IRR' no encontrada en tabla de tasas de cambio
2026-09-13 16:46:45,088 [WARNING] normalize: Moneda 'IRR' no encontrada en tabla de tasas de cambio
2026-09-13 16:46:45,091 [WARNING] normalize: Moneda 'IQD' no encontrada en tabla de tasas de cambio
2026-09-13 16:46:45,113 [WARNING] normalize: Moneda 'IRR' no encontrada en tabla de tasas de cambio
2026-09-13 16:46:45,115 [WARNING] normalize: Moneda 'IRR' no encontrada en tabla de tasas de cambio
2026-09-13 16:46:45,117 [WARNING] normalize: Moneda 'KZT' no encontrada en tabla de tasas de cambio
2026-09-13 16:46:45,125 [WARNING] normalize: Moneda 'MAD' no encontrada en tabla de tasas de cambio
2026-09-13 16:46:45,129 [WARNING] normalize: Moneda 'IRR' no encontrada en tabla de tasas de cambio
2026-09-13 16:46:45,133 [WARNING] normalize: Moneda 'IQD' no encontrada en tabla de tasas de cambio
2026-09-13 16:46:45,134 [WARNING] normalize: Moneda 'IRR' no encontrada en tabla de tasas de cambio
2026-09-13 16:46:45,139 [WARNING] normalize: Moneda 'IQD' no encontrada en tabla de tasas de cambio
2026-09-13 16:46:45,141 [WARNING] normalize: Moneda 'IQD' no encontrada en tabla de tasas de cambio
2026-09-13 16:46:45,141 [WARNING] normalize: Moneda 'IRR' no encontrada en tabla de tasas de cambio
2026-09-13 16:46:45,142 [WARNING] normalize: Moneda 'IRR' no encontrada en tabla de tasas de cambio
2026-09-13 16:46:45,143 [WARNING] normalize: Moneda 'IRR' no encontrada en tabla de tasas de cambio
2026-09-13 16:46:45,144 [WARNING] normalize: Moneda 'IQD' no encontrada en tabla de tasas de cambio
2026-09-13 16:46:45,148 [WARNING] normalize: Moneda 'IRR' no encontrada en tabla de tasas de cambio
2026-09-13 16:46:45,149 [WARNING] normalize: Moneda 'IRR' no encontrada en tabla de tasas de cambio
2026-09-13 16:46:45,150 [WARNING] normalize: Moneda 'IRR' no encontrada en tabla de tasas de cambio
2026-09-13 16:46:45,151 [WARNING] normalize: Moneda 'IRR' no encontrada en tabla de tasas de cambio
2026-09-13 16:46:45,151 [WARNING] normalize: Moneda 'IRR' no encontrada en tabla de tasas de cambio
2026-09-13 16:46:45,154 [WARNING] normalize: Moneda 'IRR' no encontrada en tabla de tasas de cambio
2026-09-13 16:46:45,159 [WARNING] normalize: Moneda 'IRR' no encontrada en tabla de tasas de cambio
2026-09-13 16:46:45,159 [WARNING] normalize: Moneda 'IRR' no encontrada en tabla de tasas de cambio
2026-09-13 16:46:45,160 [WARNING] normalize: Moneda 'IRR' no encontrada en tabla de tasas de cambio
2026-09-13 16:46:45,160 [WARNING] normalize: Moneda 'IQD' no encontrada en tabla de tasas de cambio
2026-09-13 16:46:45,161 [WARNING] normalize: Moneda 'IQD' no encontrada en tabla de tasas de cambio
2026-09-13 16:46:45,162 [WARNING] normalize: Moneda 'IRR' no encontrada en tabla de tasas de cambio
2026-09-13 16:46:45,167 [WARNING] normalize: Moneda 'IRR' no encontrada en tabla de tasas de cambio
2026-09-13 16:46:45,169 [WARNING] normalize: Moneda 'IQD' no encontrada en tabla de tasas de cambio
2026-09-13 16:46:45,169 [WARNING] normalize: Moneda 'IRR' no encontrada en tabla de tasas de cambio
2026-09-13 16:46:45,170 [WARNING] normalize: Moneda 'IRR' no encontrada en tabla de tasas de cambio
2026-09-13 16:46:45,172 [WARNING] normalize: Moneda 'MNT' no encontrada en tabla de tasas de cambio
2026-09-13 16:46:45,173 [WARNING] normalize: Moneda 'IRR' no encontrada en tabla de tasas de cambio
2026-09-13 16:46:45,175 [WARNING] normalize: Moneda 'IRR' no encontrada en tabla de tasas de cambio
2026-09-13 16:46:45,176 [WARNING] normalize: Moneda 'LYD' no encontrada en tabla de tasas de cambio
2026-09-13 16:46:45,181 [WARNING] normalize: Moneda 'IRR' no encontrada en tabla de tasas de cambio
2026-09-13 16:46:45,184 [WARNING] normalize: Moneda 'IRR' no encontrada en tabla de tasas de cambio
2026-09-13 16:46:45,185 [WARNING] normalize: Moneda 'IQD' no encontrada en tabla de tasas de cambio
2026-09-13 16:46:45,186 [WARNING] normalize: Moneda 'IRR' no encontrada en tabla de tasas de cambio
2026-09-13 16:46:45,186 [WARNING] normalize: Moneda 'IRR' no encontrada en tabla de tasas de cambio
2026-09-13 16:46:45,187 [WARNING] normalize: Moneda 'IQD' no encontrada en tabla de tasas de cambio
2026-09-13 16:46:45,187 [WARNING] normalize: Moneda 'IRR' no encontrada en tabla de tasas de cambio
2026-09-13 16:46:45,189 [WARNING] normalize: Moneda 'IRR' no encontrada en tabla de tasas de cambio
2026-09-13 16:46:45,189 [WARNING] normalize: Moneda 'IRR' no encontrada en tabla de tasas de cambio
2026-09-13 16:46:45,191 [WARNING] normalize: Moneda 'IQD' no encontrada en tabla de tasas de cambio
2026-09-13 16:46:45,191 [WARNING] normalize: Moneda 'IRR' no encontrada en tabla de tasas de cambio
2026-09-13 16:46:45,194 [WARNING] normalize: Moneda 'IQD' no encontrada en tabla de tasas de cambio
2026-09-13 16:46:45,195 [WARNING] normalize: Moneda 'KZT' no encontrada en tabla de tasas de cambio
2026-09-13 16:46:45,197 [WARNING] normalize: Moneda 'IQD' no encontrada en tabla de tasas de cambio
2026-09-13 16:46:45,201 [WARNING] normalize: Moneda 'IRR' no encontrada en tabla de tasas de cambio
2026-09-13 16:46:45,202 [WARNING] normalize: Moneda 'MAD' no encontrada en tabla de tasas de cambio
2026-09-13 16:46:45,203 [WARNING] normalize: Moneda 'IQD' no encontrada en tabla de tasas de cambio
2026-09-13 16:46:45,206 [WARNING] normalize: Moneda 'XOF' no encontrada en tabla de tasas de cambio
2026-09-13 16:46:45,208 [WARNING] normalize: Moneda 'IQD' no encontrada en tabla de tasas de cambio
2026-09-13 16:46:45,208 [WARNING] normalize: Moneda 'IRR' no encontrada en tabla de tasas de cambio
2026-09-13 16:46:45,208 [WARNING] normalize: Moneda 'IRR' no encontrada en tabla de tasas de cambio
2026-09-13 16:46:45,209 [WARNING] normalize: Moneda 'IRR' no encontrada en tabla de tasas de cambio
2026-09-13 16:46:45,209 [WARNING] normalize: Moneda 'IRR' no encontrada en tabla de tasas de cambio
2026-09-13 16:46:45,209 [WARNING] normalize: Moneda 'IRR' no encontrada en tabla de tasas de cambio
2026-09-13 16:46:45,210 [WARNING] normalize: Moneda 'IRR' no encontrada en tabla de tasas de cambio
2026-09-13 16:46:45,210 [WARNING] normalize: Moneda 'IRR' no encontrada en tabla de tasas de cambio
2026-09-13 16:46:45,212 [WARNING] normalize: Moneda 'IRR' no encontrada en tabla de tasas de cambio
2026-09-13 16:46:45,212 [WARNING] normalize: Moneda 'IQD' no encontrada en tabla de tasas de cambio
2026-09-13 16:46:45,213 [WARNING] normalize: Moneda 'IQD' no encontrada en tabla de tasas de cambio
2026-09-13 16:46:45,213 [WARNING] normalize: Moneda 'VND' no encontrada en tabla de tasas de cambio
2026-09-13 16:46:45,220 [WARNING] normalize: Moneda 'IQD' no encontrada en tabla de tasas de cambio
2026-09-13 16:46:45,221 [WARNING] normalize: Moneda 'IQD' no encontrada en tabla de tasas de cambio
2026-09-13 16:46:45,221 [WARNING] normalize: Moneda 'IRR' no encontrada en tabla de tasas de cambio
2026-09-13 16:46:45,221 [WARNING] normalize: Moneda 'IRR' no encontrada en tabla de tasas de cambio
2026-09-13 16:46:45,222 [WARNING] normalize: Moneda 'IQD' no encontrada en tabla de tasas de cambio
2026-09-13 16:46:45,224 [WARNING] normalize: Moneda 'IRR' no encontrada en tabla de tasas de cambio
2026-09-13 16:46:45,227 [WARNING] normalize: Moneda 'IQD' no encontrada en tabla de tasas de cambio
2026-09-13 16:46:45,227 [WARNING] normalize: Moneda 'YER' no encontrada en tabla de tasas de cambio
2026-09-13 16:46:45,229 [WARNING] normalize: Moneda 'IRR' no encontrada en tabla de tasas de cambio
2026-09-13 16:46:45,231 [WARNING] normalize: Moneda 'IRR' no encontrada en tabla de tasas de cambio
2026-09-13 16:46:45,233 [WARNING] normalize: Moneda 'IQD' no encontrada en tabla de tasas de cambio
2026-09-13 16:46:45,233 [WARNING] normalize: Moneda 'MAD' no encontrada en tabla de tasas de cambio
2026-09-13 16:46:45,234 [WARNING] normalize: Moneda 'XOF' no encontrada en tabla de tasas de cambio
2026-09-13 16:46:45,234 [WARNING] normalize: Moneda 'IQD' no encontrada en tabla de tasas de cambio
2026-09-13 16:46:45,235 [WARNING] normalize: Moneda 'KZT' no encontrada en tabla de tasas de cambio
2026-09-13 16:46:45,235 [WARNING] normalize: Moneda 'IRR' no encontrada en tabla de tasas de cambio
2026-09-13 16:46:45,235 [WARNING] normalize: Moneda 'IQD' no encontrada en tabla de tasas de cambio
2026-09-13 16:46:45,235 [WARNING] normalize: Moneda 'IRR' no encontrada en tabla de tasas de cambio
2026-09-13 16:46:45,235 [WARNING] normalize: Moneda 'IRR' no encontrada en tabla de tasas de cambio
2026-09-13 16:46:45,235 [WARNING] normalize: Moneda 'IRR' no encontrada en tabla de tasas de cambio
2026-09-13 16:46:45,236 [WARNING] normalize: Moneda 'IRR' no encontrada en tabla de tasas de cambio
2026-09-13 16:46:45,236 [WARNING] normalize: Moneda 'IRR' no encontrada en tabla de tasas de cambio
2026-09-13 16:46:45,237 [WARNING] normalize: Moneda 'KZT' no encontrada en tabla de tasas de cambio
2026-09-13 16:46:45,238 [WARNING] normalize: Moneda 'KPW' no encontrada en tabla de tasas de cambio
2026-09-13 16:46:45,242 [WARNING] normalize: Moneda 'KZT' no encontrada en tabla de tasas de cambio
2026-09-13 16:46:45,243 [WARNING] normalize: Moneda 'IRR' no encontrada en tabla de tasas de cambio
2026-09-13 16:46:45,244 [WARNING] normalize: Moneda 'IQD' no encontrada en tabla de tasas de cambio
2026-09-13 16:46:45,249 [WARNING] normalize: Moneda 'IRR' no encontrada en tabla de tasas de cambio
2026-09-13 16:46:45,249 [WARNING] normalize: Moneda 'IQD' no encontrada en tabla de tasas de cambio
2026-09-13 16:46:45,249 [WARNING] normalize: Moneda 'KZT' no encontrada en tabla de tasas de cambio
2026-09-13 16:46:45,250 [WARNING] normalize: Moneda 'IQD' no encontrada en tabla de tasas de cambio
2026-09-13 16:46:45,250 [WARNING] normalize: Moneda 'IRR' no encontrada en tabla de tasas de cambio
2026-09-13 16:46:49,187 [INFO] etl_doaj: DOAJ Parquet Silver guardado: /home/vydi/recomendador_revistas/data/silver/doaj_clean.parquet (23304 registros)
2026-09-13 16:46:49,191 [INFO] pipeline:   ✓ DOAJ: 23304 registros normalizados en Silver
2026-09-13 16:46:49,192 [INFO] pipeline: 
── Procesando OpenAPC (Pagos observados) ──
2026-09-13 16:47:06,503 [INFO] etl_openapc: OpenAPC Silver guardado: /home/vydi/recomendador_revistas/data/silver/openapc_clean.parquet (12242 registros)
2026-09-13 16:47:06,529 [INFO] pipeline:   ✓ OpenAPC: 12242 registros normalizados en Silver
2026-09-13 16:47:06,530 [INFO] pipeline: 
  Silver completado: 3 fuentes exitosas, 0 errores
2026-09-13 16:47:06,530 [INFO] pipeline: 
============================================================
2026-09-13 16:47:06,530 [INFO] pipeline: CAPA GOLD — Integración, Imputación y Matriz de Features
2026-09-13 16:47:06,530 [INFO] pipeline: ============================================================
2026-09-13 16:47:06,532 [INFO] merge_gold: ============================================================
2026-09-13 16:47:06,532 [INFO] merge_gold: INICIO: Consolidación Gold — Catálogo Maestro de Revistas
2026-09-13 16:47:06,532 [INFO] merge_gold: ============================================================
2026-09-13 16:47:06,597 [INFO] merge_gold:   publindex: 906 registros cargados desde publindex_clean.parquet
2026-09-13 16:47:06,614 [INFO] merge_gold:   scimago: 166 registros cargados desde scimago_clean.parquet
2026-09-13 16:47:06,763 [INFO] merge_gold:   doaj: 23304 registros cargados desde doaj_clean.parquet
2026-09-13 16:47:06,790 [INFO] merge_gold:   openapc: 12242 registros cargados desde openapc_clean.parquet
2026-09-13 16:47:06,791 [INFO] merge_gold: Base inicial (Publindex): 906 registros
2026-09-13 16:47:06,827 [INFO] merge_gold:   Cruce con scimago: 148 coincidencias por ISSN primario
2026-09-13 16:47:06,868 [ERROR] pipeline:   ✗ Gold error: 'titulo_normalizado'
Traceback (most recent call last):
  File "/home/vydi/recomendador_revistas/.venv/lib/python3.12/site-packages/pandas/core/indexes/base.py", line 3641, in get_loc
    return self._engine.get_loc(casted_key)
           ^^^^^^^^^^^^^^^^^^^^^^^^^^^^^^^^
  File "pandas/_libs/index.pyx", line 168, in pandas._libs.index.IndexEngine.get_loc
  File "pandas/_libs/index.pyx", line 197, in pandas._libs.index.IndexEngine.get_loc
  File "pandas/_libs/hashtable_class_helper.pxi", line 7668, in pandas._libs.hashtable.PyObjectHashTable.get_item
  File "pandas/_libs/hashtable_class_helper.pxi", line 7676, in pandas._libs.hashtable.PyObjectHashTable.get_item
KeyError: 'titulo_normalizado'

The above exception was the direct cause of the following exception:

Traceback (most recent call last):
  File "/home/vydi/recomendador_revistas/codes/pipeline.py", line 252, in ejecutar_gold
    catalogo = merge_gold()
               ^^^^^^^^^^^^
  File "/home/vydi/recomendador_revistas/codes/merge_gold.py", line 370, in merge_gold
    base = cruce_multietapa(base, scimago, "scimago", merge_log)
           ^^^^^^^^^^^^^^^^^^^^^^^^^^^^^^^^^^^^^^^^^^^^^^^^^^^^^
  File "/home/vydi/recomendador_revistas/codes/merge_gold.py", line 174, in cruce_multietapa
    merged.loc[idx, c] = mejor_fila[c]
                         ~~~~~~~~~~^^^
  File "/home/vydi/recomendador_revistas/.venv/lib/python3.12/site-packages/pandas/core/series.py", line 959, in __getitem__
    return self._get_value(key)
           ^^^^^^^^^^^^^^^^^^^^
  File "/home/vydi/recomendador_revistas/.venv/lib/python3.12/site-packages/pandas/core/series.py", line 1046, in _get_value
    loc = self.index.get_loc(label)
          ^^^^^^^^^^^^^^^^^^^^^^^^^
  File "/home/vydi/recomendador_revistas/.venv/lib/python3.12/site-packages/pandas/core/indexes/base.py", line 3648, in get_loc
    raise KeyError(key) from err
KeyError: 'titulo_normalizado'
2026-09-13 16:47:06,878 [INFO] pipeline: 
============================================================
2026-09-13 16:47:06,878 [INFO] pipeline: Duración total de ejecución: 45.01 segundos
2026-09-13 16:47:06,879 [INFO] pipeline: Log del pipeline registrado en: /home/vydi/recomendador_revistas/logs/pipeline_20260913_164621.log
2026-09-13 16:47:06,879 [INFO] pipeline: ============================================================
2026-09-13 16:47:06,879 [ERROR] pipeline: ✗ Pipeline finalizado con errores.
