2026-09-12 18:33:20,200 [INFO] pipeline: ╔══════════════════════════════════════════════════════════╗
2026-09-12 18:33:20,200 [INFO] pipeline: ║  PIPELINE ETL — Recomendador de Revistas Científicas    ║
2026-09-12 18:33:20,200 [INFO] pipeline: ║  Inicio: 2026-09-12 18:33:20                             ║
2026-09-12 18:33:20,201 [INFO] pipeline: ╚══════════════════════════════════════════════════════════╝
2026-09-12 18:33:20,201 [INFO] pipeline: 
============================================================
2026-09-12 18:33:20,201 [INFO] pipeline: CAPA GOLD — Integración y consolidación
2026-09-12 18:33:20,201 [INFO] pipeline: ============================================================
2026-09-12 18:33:20,246 [INFO] merge_gold: ============================================================
2026-09-12 18:33:20,247 [INFO] merge_gold: INICIO: Merge Gold — Catálogo maestro de revistas
2026-09-12 18:33:20,247 [INFO] merge_gold: ============================================================
2026-09-12 18:33:20,247 [INFO] merge_gold: 
1. Cargando datos silver...
2026-09-12 18:33:20,377 [INFO] merge_gold:   publindex: 906 registros cargados
2026-09-12 18:33:20,669 [INFO] merge_gold:   doaj: 23304 registros cargados
2026-09-12 18:33:20,691 [INFO] merge_gold:   scimago: 166 registros cargados
2026-09-12 18:33:20,692 [WARNING] merge_gold:   openapc: archivo no encontrado en /home/vydi/recomendador_revistas/data/silver/openapc_clean.parquet
2026-09-12 18:33:20,694 [INFO] merge_gold: 
  Base inicial (Publindex): 906 registros
2026-09-12 18:33:20,694 [INFO] merge_gold: 
2. Merge con Scimago...
2026-09-12 18:33:20,713 [INFO] merge_gold:   Merge con scimago:
2026-09-12 18:33:20,713 [INFO] merge_gold:     Coincidencias por ISSN: 148
2026-09-12 18:33:20,713 [INFO] merge_gold:     Solo en base: 758
2026-09-12 18:33:20,713 [INFO] merge_gold:     Solo en scimago: 18
2026-09-12 18:33:20,738 [INFO] merge_gold:   Registros tras merge Scimago: 906
2026-09-12 18:33:20,739 [INFO] merge_gold: 
3. Merge con DOAJ...
2026-09-12 18:33:20,906 [INFO] merge_gold:   Merge con doaj:
2026-09-12 18:33:20,907 [INFO] merge_gold:     Coincidencias por ISSN: 323
2026-09-12 18:33:20,907 [INFO] merge_gold:     Solo en base: 583
2026-09-12 18:33:20,907 [INFO] merge_gold:     Solo en doaj: 22981
2026-09-12 18:33:21,010 [INFO] merge_gold:   Registros tras merge DOAJ: 906
2026-09-12 18:33:21,011 [INFO] merge_gold: 
4. Merge con OpenAPC...
2026-09-12 18:33:21,011 [INFO] merge_gold: 
5. Resolviendo conflictos...
2026-09-12 18:33:21,047 [INFO] merge_gold: 
6. Consolidando fuentes...
2026-09-12 18:33:21,194 [INFO] merge_gold: 
6. Imputación de APC...
2026-09-12 18:33:21,253 [INFO] merge_gold:   APC nulos antes: 903, después: 0
2026-09-12 18:33:21,253 [INFO] merge_gold:   Valores imputados: 903
2026-09-12 18:33:21,253 [INFO] merge_gold: 
7. Detección de outliers en APC...
2026-09-12 18:33:21,573 [INFO] merge_gold:   Outliers detectados: 0
2026-09-12 18:33:21,574 [INFO] merge_gold: 
8. Generando features...
2026-09-12 18:33:21,832 [INFO] merge_gold: 
9. Guardando catálogo gold...
2026-09-12 18:33:21,885 [INFO] merge_gold:   Guardado: /home/vydi/recomendador_revistas/data/gold/catalogo_maestro_revistas.parquet
2026-09-12 18:33:21,886 [INFO] merge_gold:   Registros finales: 906
2026-09-12 18:33:21,886 [INFO] merge_gold:   Columnas: 109
2026-09-12 18:33:22,076 [INFO] merge_gold:   CSV de referencia: /home/vydi/recomendador_revistas/data/gold/catalogo_maestro_revistas.csv
2026-09-12 18:33:22,103 [INFO] merge_gold:   Features del modelo: /home/vydi/recomendador_revistas/data/gold/features_modelo.parquet (22 columnas)
2026-09-12 18:33:22,353 [INFO] merge_gold:   Log de merge: /home/vydi/recomendador_revistas/data/silver/merge_log.csv (23470 entradas)
2026-09-12 18:33:22,354 [INFO] merge_gold: 
============================================================
2026-09-12 18:33:22,354 [INFO] merge_gold: RESUMEN DEL CATÁLOGO MAESTRO
2026-09-12 18:33:22,355 [INFO] merge_gold: ============================================================
2026-09-12 18:33:22,355 [INFO] merge_gold:   Total revistas: 906
2026-09-12 18:33:22,355 [INFO] merge_gold: 
  Distribución por categoría Publindex:
2026-09-12 18:33:22,360 [INFO] merge_gold:     C: 551
2026-09-12 18:33:22,361 [INFO] merge_gold:     B: 299
2026-09-12 18:33:22,361 [INFO] merge_gold:     A2: 45
2026-09-12 18:33:22,361 [INFO] merge_gold:     A1: 11
2026-09-12 18:33:22,361 [INFO] merge_gold: 
  Distribución por cuartil SJR:
2026-09-12 18:33:22,366 [INFO] merge_gold:     Q4: 56
2026-09-12 18:33:22,367 [INFO] merge_gold:     Q3: 51
2026-09-12 18:33:22,367 [INFO] merge_gold:     Q2: 31
2026-09-12 18:33:22,367 [INFO] merge_gold:     Q1: 10
2026-09-12 18:33:22,368 [INFO] merge_gold: 
  Revistas con APC: 3
2026-09-12 18:33:22,369 [INFO] merge_gold: 
  Distribución tipo APC:
2026-09-12 18:33:22,373 [INFO] merge_gold:     imputado: 903
2026-09-12 18:33:22,373 [INFO] merge_gold:     declarado: 3
2026-09-12 18:33:22,375 [INFO] merge_gold: 
  Cobertura por fuente:
2026-09-12 18:33:22,375 [INFO] merge_gold:     publindex: 906 registros
2026-09-12 18:33:22,376 [INFO] merge_gold: ============================================================
2026-09-12 18:33:22,399 [INFO] pipeline:   ✓ Gold: 906 registros en catálogo maestro
2026-09-12 18:33:22,407 [INFO] pipeline: 
============================================================
2026-09-12 18:33:22,407 [INFO] pipeline: RESUMEN FINAL DEL PIPELINE
2026-09-12 18:33:22,408 [INFO] pipeline: ============================================================
2026-09-12 18:33:22,408 [INFO] pipeline: 
🥉 Bronze:
2026-09-12 18:33:22,409 [INFO] pipeline:     Revistas_Indexadas,_Índice_Nacional_Publindex_20260910.csv: 2,708,275 bytes
2026-09-12 18:33:22,410 [INFO] pipeline:     doaj_journalcsv_20260812_2320_utf8.csv: 25,554,714 bytes
2026-09-12 18:33:22,410 [INFO] pipeline:     apc_de.csv: 470 bytes
2026-09-12 18:33:22,410 [INFO] pipeline:     scimagojr 2025 CO.csv: 57,736 bytes
2026-09-12 18:33:22,410 [INFO] pipeline: 
🥈 Silver:
2026-09-12 18:33:22,699 [INFO] pipeline:     doaj_clean.parquet: 23304 registros, 62 columnas
2026-09-12 18:33:22,737 [INFO] pipeline:     publindex_clean.parquet: 906 registros, 26 columnas
2026-09-12 18:33:22,756 [INFO] pipeline:     scimago_clean.parquet: 166 registros, 33 columnas
2026-09-12 18:33:22,757 [INFO] pipeline:     merge_log.csv: 1,215,319 bytes
2026-09-12 18:33:22,757 [INFO] pipeline: 
🥇 Gold:
2026-09-12 18:33:22,820 [INFO] pipeline:     catalogo_maestro_revistas.parquet: 906 registros, 109 columnas
2026-09-12 18:33:22,821 [INFO] pipeline:     catalogo_maestro_revistas.csv: 745,505 bytes
2026-09-12 18:33:22,837 [INFO] pipeline:     features_modelo.parquet: 906 registros, 22 columnas
2026-09-12 18:33:22,838 [INFO] pipeline: 
Duración total: 2.6 segundos
2026-09-12 18:33:22,838 [INFO] pipeline: Log guardado en: /home/vydi/recomendador_revistas/logs/pipeline_20260912_183320.log
2026-09-12 18:33:22,839 [INFO] pipeline: 
✓ Pipeline completado exitosamente.
