2026-09-13 14:15:18,210 [INFO] pipeline: ╔══════════════════════════════════════════════════════════╗
2026-09-13 14:15:18,210 [INFO] pipeline: ║  PIPELINE ETL — Recomendador de Revistas Científicas    ║
2026-09-13 14:15:18,210 [INFO] pipeline: ║  Inicio: 2026-09-13 14:15:18                             ║
2026-09-13 14:15:18,211 [INFO] pipeline: ╚══════════════════════════════════════════════════════════╝
2026-09-13 14:15:18,211 [INFO] pipeline: ============================================================
2026-09-13 14:15:18,211 [INFO] pipeline: VALIDACIÓN BRONZE
2026-09-13 14:15:18,211 [INFO] pipeline: ============================================================
2026-09-13 14:15:18,258 [INFO] pipeline:   ✓ publindex: 6276 filas, 34 columnas, 2,708,275 bytes
2026-09-13 14:15:18,742 [INFO] pipeline:   ✓ doaj: 23305 filas, 52 columnas, 25,554,714 bytes
2026-09-13 14:15:18,748 [INFO] pipeline:   ✓ scimago: 166 filas, 26 columnas, 57,736 bytes
2026-09-13 14:15:18,748 [ERROR] pipeline:   ✗ openapc: contiene HTML (posible error de descarga)
2026-09-13 14:15:18,749 [INFO] pipeline: 
  Registro de validación: /home/vydi/recomendador_revistas/logs/bronze_validation.json
2026-09-13 14:15:18,754 [INFO] pipeline: 
============================================================
2026-09-13 14:15:18,754 [INFO] pipeline: CAPA SILVER — Limpieza y normalización
2026-09-13 14:15:18,754 [INFO] pipeline: ============================================================
2026-09-13 14:15:18,754 [INFO] pipeline: 
── Procesando Publindex ──
2026-09-13 14:15:18,784 [INFO] etl_publindex: Leyendo CSV bronce: /home/vydi/recomendador_revistas/data/bronze/Revistas_Indexadas,_Índice_Nacional_Publindex_20260910.csv
2026-09-13 14:15:18,937 [INFO] etl_publindex: Filas leídas: 6276 | Columnas: 34
2026-09-13 14:15:18,937 [INFO] etl_publindex: Normalizando campos ISSN...
2026-09-13 14:15:19,037 [WARNING] etl_publindex:   TXT_ISSN_P: 22 ISSN con checksum inválido de 6169 no nulos
2026-09-13 14:15:19,046 [WARNING] etl_publindex:   TXT_ISSN_E: 18 ISSN con checksum inválido de 1432 no nulos
2026-09-13 14:15:19,051 [INFO] etl_publindex: Calculando ISSN canónico (prioridad: ISSN-L > print > electronic)...
2026-09-13 14:15:21,101 [INFO] etl_publindex: Filas sin ISSN válido: 0 (serán eliminadas)
2026-09-13 14:15:21,104 [INFO] etl_publindex: Normalizando títulos...
2026-09-13 14:15:21,177 [INFO] etl_publindex: Limpiando año de clasificación (NRO_ANO)...
2026-09-13 14:15:21,187 [INFO] etl_publindex: Normalizando país a código ISO...
2026-09-13 14:15:21,199 [INFO] etl_publindex: Renombrando columnas a esquema silver...
2026-09-13 14:15:21,204 [INFO] etl_publindex: Deduplicando por issn_normalizado (conservar año más reciente)...
2026-09-13 14:15:21,263 [INFO] etl_publindex:   Duplicados removidos: 5370 | Filas tras deduplicación: 906
2026-09-13 14:15:21,263 [INFO] etl_publindex: Agregando metadatos de trazabilidad...
2026-09-13 14:15:21,268 [INFO] etl_publindex: Calculando hash de registro...
2026-09-13 14:15:21,303 [INFO] etl_publindex: Escribiendo parquet silver: /home/vydi/recomendador_revistas/data/silver/publindex_clean.parquet
2026-09-13 14:15:21,347 [INFO] etl_publindex: ════════════════════════════════════════════════════════════
2026-09-13 14:15:21,347 [INFO] etl_publindex: RESUMEN ETL PUBLINDEX
2026-09-13 14:15:21,347 [INFO] etl_publindex: ════════════════════════════════════════════════════════════
2026-09-13 14:15:21,347 [INFO] etl_publindex:   Filas entrada       : 6276
2026-09-13 14:15:21,347 [INFO] etl_publindex:   Sin ISSN (eliminadas): 0
2026-09-13 14:15:21,348 [INFO] etl_publindex:   Duplicados removidos : 5370
2026-09-13 14:15:21,348 [INFO] etl_publindex:   Filas salida         : 906
2026-09-13 14:15:21,349 [INFO] etl_publindex:   Nulos en issn_normalizado         :     0 (  0.0%)
2026-09-13 14:15:21,349 [INFO] etl_publindex:   Nulos en titulo                   :     0 (  0.0%)
2026-09-13 14:15:21,350 [INFO] etl_publindex:   Nulos en titulo_normalizado       :     0 (  0.0%)
2026-09-13 14:15:21,350 [INFO] etl_publindex:   Nulos en anio_clasificacion       :     0 (  0.0%)
2026-09-13 14:15:21,351 [INFO] etl_publindex:   Nulos en categoria_publindex      :     0 (  0.0%)
2026-09-13 14:15:21,351 [INFO] etl_publindex:   Nulos en pais_iso                 :    86 (  9.5%)
2026-09-13 14:15:21,353 [INFO] etl_publindex:   Distribución de categorías:
2026-09-13 14:15:21,354 [INFO] etl_publindex:     C    : 551
2026-09-13 14:15:21,354 [INFO] etl_publindex:     B    : 299
2026-09-13 14:15:21,354 [INFO] etl_publindex:     A2   : 45
2026-09-13 14:15:21,354 [INFO] etl_publindex:     A1   : 11
2026-09-13 14:15:21,354 [INFO] etl_publindex: ════════════════════════════════════════════════════════════
2026-09-13 14:15:21,354 [INFO] pipeline:   ✓ Publindex: 906 registros procesados
2026-09-13 14:15:21,355 [INFO] pipeline: 
── Procesando DOAJ ──
2026-09-13 14:15:21,356 [INFO] etl_doaj: Leyendo archivo DOAJ: /home/vydi/recomendador_revistas/data/bronze/doaj_journalcsv_20260812_2320_utf8.csv
2026-09-13 14:15:22,684 [INFO] etl_doaj:   CSV leído: 23305 filas × 52 columnas
2026-09-13 14:15:22,692 [INFO] etl_doaj:   Columnas renombradas: 31 de 31 mapeadas
2026-09-13 14:15:31,510 [INFO] etl_doaj:   ISSN normalizados — nulos: 0 (0.0%)
2026-09-13 14:15:31,715 [INFO] etl_doaj:   Títulos normalizados — nulos: 7
2026-09-13 14:15:31,757 [INFO] etl_doaj:   Países normalizados — nulos: 3668
2026-09-13 14:15:32,037 [WARNING] normalize: Moneda no reconocida: YER
2026-09-13 14:15:32,037 [WARNING] normalize: Moneda no reconocida: IRR
2026-09-13 14:15:32,038 [WARNING] normalize: Moneda no reconocida: IRR
2026-09-13 14:15:32,038 [WARNING] normalize: Moneda no reconocida: SYP
2026-09-13 14:15:32,039 [WARNING] normalize: Moneda no reconocida: XOF
2026-09-13 14:15:32,040 [WARNING] normalize: Moneda no reconocida: IRR
2026-09-13 14:15:32,041 [WARNING] normalize: Moneda no reconocida: IRR
2026-09-13 14:15:32,041 [WARNING] normalize: Moneda no reconocida: IQD
2026-09-13 14:15:32,042 [WARNING] normalize: Moneda no reconocida: IQD
2026-09-13 14:15:32,043 [WARNING] normalize: Moneda no reconocida: IRR
2026-09-13 14:15:32,043 [WARNING] normalize: Moneda no reconocida: IRR
2026-09-13 14:15:32,044 [WARNING] normalize: Moneda no reconocida: IRR
2026-09-13 14:15:32,044 [WARNING] normalize: Moneda no reconocida: IRR
2026-09-13 14:15:32,044 [WARNING] normalize: Moneda no reconocida: IRR
2026-09-13 14:15:32,044 [WARNING] normalize: Moneda no reconocida: IRR
2026-09-13 14:15:32,044 [WARNING] normalize: Moneda no reconocida: KZT
2026-09-13 14:15:32,045 [WARNING] normalize: Moneda no reconocida: IRR
2026-09-13 14:15:32,045 [WARNING] normalize: Moneda no reconocida: IRR
2026-09-13 14:15:32,046 [WARNING] normalize: Moneda no reconocida: IRR
2026-09-13 14:15:32,046 [WARNING] normalize: Moneda no reconocida: IRR
2026-09-13 14:15:32,047 [WARNING] normalize: Moneda no reconocida: NPR
2026-09-13 14:15:32,047 [WARNING] normalize: Moneda no reconocida: IRR
2026-09-13 14:15:32,047 [WARNING] normalize: Moneda no reconocida: IRR
2026-09-13 14:15:32,048 [WARNING] normalize: Moneda no reconocida: IRR
2026-09-13 14:15:32,048 [WARNING] normalize: Moneda no reconocida: IRR
2026-09-13 14:15:32,048 [WARNING] normalize: Moneda no reconocida: IRR
2026-09-13 14:15:32,049 [WARNING] normalize: Moneda no reconocida: IRR
2026-09-13 14:15:32,049 [WARNING] normalize: Moneda no reconocida: IRR
2026-09-13 14:15:32,050 [WARNING] normalize: Moneda no reconocida: IRR
2026-09-13 14:15:32,050 [WARNING] normalize: Moneda no reconocida: IRR
2026-09-13 14:15:32,050 [WARNING] normalize: Moneda no reconocida: IRR
2026-09-13 14:15:32,050 [WARNING] normalize: Moneda no reconocida: XOF
2026-09-13 14:15:32,050 [WARNING] normalize: Moneda no reconocida: IRR
2026-09-13 14:15:32,051 [WARNING] normalize: Moneda no reconocida: IRR
2026-09-13 14:15:32,051 [WARNING] normalize: Moneda no reconocida: IRR
2026-09-13 14:15:32,051 [WARNING] normalize: Moneda no reconocida: IRR
2026-09-13 14:15:32,052 [WARNING] normalize: Moneda no reconocida: IRR
2026-09-13 14:15:32,053 [WARNING] normalize: Moneda no reconocida: IRR
2026-09-13 14:15:32,053 [WARNING] normalize: Moneda no reconocida: IRR
2026-09-13 14:15:32,053 [WARNING] normalize: Moneda no reconocida: IRR
2026-09-13 14:15:32,054 [WARNING] normalize: Moneda no reconocida: IRR
2026-09-13 14:15:32,054 [WARNING] normalize: Moneda no reconocida: IRR
2026-09-13 14:15:32,055 [WARNING] normalize: Moneda no reconocida: IRR
2026-09-13 14:15:32,056 [WARNING] normalize: Moneda no reconocida: IRR
2026-09-13 14:15:32,056 [WARNING] normalize: Moneda no reconocida: IRR
2026-09-13 14:15:32,056 [WARNING] normalize: Moneda no reconocida: IRR
2026-09-13 14:15:32,057 [WARNING] normalize: Moneda no reconocida: IQD
2026-09-13 14:15:32,058 [WARNING] normalize: Moneda no reconocida: IRR
2026-09-13 14:15:32,058 [WARNING] normalize: Moneda no reconocida: IRR
2026-09-13 14:15:32,059 [WARNING] normalize: Moneda no reconocida: IRR
2026-09-13 14:15:32,059 [WARNING] normalize: Moneda no reconocida: IRR
2026-09-13 14:15:32,059 [WARNING] normalize: Moneda no reconocida: IRR
2026-09-13 14:15:32,059 [WARNING] normalize: Moneda no reconocida: IQD
2026-09-13 14:15:32,060 [WARNING] normalize: Moneda no reconocida: IRR
2026-09-13 14:15:32,060 [WARNING] normalize: Moneda no reconocida: IRR
2026-09-13 14:15:32,060 [WARNING] normalize: Moneda no reconocida: IRR
2026-09-13 14:15:32,061 [WARNING] normalize: Moneda no reconocida: IRR
2026-09-13 14:15:32,062 [WARNING] normalize: Moneda no reconocida: IRR
2026-09-13 14:15:32,063 [WARNING] normalize: Moneda no reconocida: IRR
2026-09-13 14:15:32,063 [WARNING] normalize: Moneda no reconocida: IRR
2026-09-13 14:15:32,064 [WARNING] normalize: Moneda no reconocida: IQD
2026-09-13 14:15:32,065 [WARNING] normalize: Moneda no reconocida: SYP
2026-09-13 14:15:32,065 [WARNING] normalize: Moneda no reconocida: IQD
2026-09-13 14:15:32,065 [WARNING] normalize: Moneda no reconocida: IRR
2026-09-13 14:15:32,070 [WARNING] normalize: Moneda no reconocida: XAF
2026-09-13 14:15:32,070 [WARNING] normalize: Moneda no reconocida: IRR
2026-09-13 14:15:32,070 [WARNING] normalize: Moneda no reconocida: IQD
2026-09-13 14:15:32,070 [WARNING] normalize: Moneda no reconocida: IRR
2026-09-13 14:15:32,070 [WARNING] normalize: Moneda no reconocida: IRR
2026-09-13 14:15:32,070 [WARNING] normalize: Moneda no reconocida: IRR
2026-09-13 14:15:32,071 [WARNING] normalize: Moneda no reconocida: MAD
2026-09-13 14:15:32,071 [WARNING] normalize: Moneda no reconocida: IRR
2026-09-13 14:15:32,072 [WARNING] normalize: Moneda no reconocida: IRR
2026-09-13 14:15:32,072 [WARNING] normalize: Moneda no reconocida: IRR
2026-09-13 14:15:32,075 [WARNING] normalize: Moneda no reconocida: IRR
2026-09-13 14:15:32,075 [WARNING] normalize: Moneda no reconocida: IRR
2026-09-13 14:15:32,076 [WARNING] normalize: Moneda no reconocida: IRR
2026-09-13 14:15:32,077 [WARNING] normalize: Moneda no reconocida: IQD
2026-09-13 14:15:32,077 [WARNING] normalize: Moneda no reconocida: IRR
2026-09-13 14:15:32,077 [WARNING] normalize: Moneda no reconocida: IRR
2026-09-13 14:15:32,077 [WARNING] normalize: Moneda no reconocida: IRR
2026-09-13 14:15:32,079 [WARNING] normalize: Moneda no reconocida: IRR
2026-09-13 14:15:32,079 [WARNING] normalize: Moneda no reconocida: IRR
2026-09-13 14:15:32,079 [WARNING] normalize: Moneda no reconocida: IQD
2026-09-13 14:15:32,080 [WARNING] normalize: Moneda no reconocida: IRR
2026-09-13 14:15:32,080 [WARNING] normalize: Moneda no reconocida: IRR
2026-09-13 14:15:32,080 [WARNING] normalize: Moneda no reconocida: IRR
2026-09-13 14:15:32,082 [WARNING] normalize: Moneda no reconocida: IRR
2026-09-13 14:15:32,083 [WARNING] normalize: Moneda no reconocida: IRR
2026-09-13 14:15:32,084 [WARNING] normalize: Moneda no reconocida: IRR
2026-09-13 14:15:32,084 [WARNING] normalize: Moneda no reconocida: IRR
2026-09-13 14:15:32,085 [WARNING] normalize: Moneda no reconocida: IRR
2026-09-13 14:15:32,086 [WARNING] normalize: Moneda no reconocida: IRR
2026-09-13 14:15:32,088 [WARNING] normalize: Moneda no reconocida: IRR
2026-09-13 14:15:32,088 [WARNING] normalize: Moneda no reconocida: IRR
2026-09-13 14:15:32,089 [WARNING] normalize: Moneda no reconocida: IRR
2026-09-13 14:15:32,090 [WARNING] normalize: Moneda no reconocida: IQD
2026-09-13 14:15:32,091 [WARNING] normalize: Moneda no reconocida: IQD
2026-09-13 14:15:32,092 [WARNING] normalize: Moneda no reconocida: IRR
2026-09-13 14:15:32,092 [WARNING] normalize: Moneda no reconocida: IRR
2026-09-13 14:15:32,093 [WARNING] normalize: Moneda no reconocida: IQD
2026-09-13 14:15:32,095 [WARNING] normalize: Moneda no reconocida: IRR
2026-09-13 14:15:32,096 [WARNING] normalize: Moneda no reconocida: SYP
2026-09-13 14:15:32,096 [WARNING] normalize: Moneda no reconocida: SYP
2026-09-13 14:15:32,096 [WARNING] normalize: Moneda no reconocida: IRR
2026-09-13 14:15:32,098 [WARNING] normalize: Moneda no reconocida: IRR
2026-09-13 14:15:32,100 [WARNING] normalize: Moneda no reconocida: IRR
2026-09-13 14:15:32,101 [WARNING] normalize: Moneda no reconocida: IRR
2026-09-13 14:15:32,101 [WARNING] normalize: Moneda no reconocida: IQD
2026-09-13 14:15:32,102 [WARNING] normalize: Moneda no reconocida: IRR
2026-09-13 14:15:32,103 [WARNING] normalize: Moneda no reconocida: IRR
2026-09-13 14:15:32,104 [WARNING] normalize: Moneda no reconocida: IRR
2026-09-13 14:15:32,105 [WARNING] normalize: Moneda no reconocida: IRR
2026-09-13 14:15:32,105 [WARNING] normalize: Moneda no reconocida: IRR
2026-09-13 14:15:32,106 [WARNING] normalize: Moneda no reconocida: KZT
2026-09-13 14:15:32,106 [WARNING] normalize: Moneda no reconocida: IRR
2026-09-13 14:15:32,107 [WARNING] normalize: Moneda no reconocida: IRR
2026-09-13 14:15:32,108 [WARNING] normalize: Moneda no reconocida: IRR
2026-09-13 14:15:32,108 [WARNING] normalize: Moneda no reconocida: IRR
2026-09-13 14:15:32,109 [WARNING] normalize: Moneda no reconocida: IRR
2026-09-13 14:15:32,109 [WARNING] normalize: Moneda no reconocida: IRR
2026-09-13 14:15:32,111 [WARNING] normalize: Moneda no reconocida: IRR
2026-09-13 14:15:32,111 [WARNING] normalize: Moneda no reconocida: IRR
2026-09-13 14:15:32,111 [WARNING] normalize: Moneda no reconocida: IRR
2026-09-13 14:15:32,112 [WARNING] normalize: Moneda no reconocida: IRR
2026-09-13 14:15:32,112 [WARNING] normalize: Moneda no reconocida: IRR
2026-09-13 14:15:32,112 [WARNING] normalize: Moneda no reconocida: XOF
2026-09-13 14:15:32,113 [WARNING] normalize: Moneda no reconocida: IRR
2026-09-13 14:15:32,115 [WARNING] normalize: Moneda no reconocida: IRR
2026-09-13 14:15:32,115 [WARNING] normalize: Moneda no reconocida: KZT
2026-09-13 14:15:32,116 [WARNING] normalize: Moneda no reconocida: KZT
2026-09-13 14:15:32,116 [WARNING] normalize: Moneda no reconocida: KZT
2026-09-13 14:15:32,116 [WARNING] normalize: Moneda no reconocida: KZT
2026-09-13 14:15:32,117 [WARNING] normalize: Moneda no reconocida: IRR
2026-09-13 14:15:32,117 [WARNING] normalize: Moneda no reconocida: IRR
2026-09-13 14:15:32,118 [WARNING] normalize: Moneda no reconocida: IRR
2026-09-13 14:15:32,118 [WARNING] normalize: Moneda no reconocida: IQD
2026-09-13 14:15:32,119 [WARNING] normalize: Moneda no reconocida: IRR
2026-09-13 14:15:32,119 [WARNING] normalize: Moneda no reconocida: IRR
2026-09-13 14:15:32,119 [WARNING] normalize: Moneda no reconocida: IRR
2026-09-13 14:15:32,120 [WARNING] normalize: Moneda no reconocida: IQD
2026-09-13 14:15:32,120 [WARNING] normalize: Moneda no reconocida: IRR
2026-09-13 14:15:32,120 [WARNING] normalize: Moneda no reconocida: IRR
2026-09-13 14:15:32,121 [WARNING] normalize: Moneda no reconocida: KZT
2026-09-13 14:15:32,121 [WARNING] normalize: Moneda no reconocida: IRR
2026-09-13 14:15:32,122 [WARNING] normalize: Moneda no reconocida: IRR
2026-09-13 14:15:32,122 [WARNING] normalize: Moneda no reconocida: IRR
2026-09-13 14:15:32,122 [WARNING] normalize: Moneda no reconocida: IRR
2026-09-13 14:15:32,123 [WARNING] normalize: Moneda no reconocida: IRR
2026-09-13 14:15:32,124 [WARNING] normalize: Moneda no reconocida: IQD
2026-09-13 14:15:32,125 [WARNING] normalize: Moneda no reconocida: IRR
2026-09-13 14:15:32,126 [WARNING] normalize: Moneda no reconocida: IRR
2026-09-13 14:15:32,126 [WARNING] normalize: Moneda no reconocida: IRR
2026-09-13 14:15:32,127 [WARNING] normalize: Moneda no reconocida: IRR
2026-09-13 14:15:32,128 [WARNING] normalize: Moneda no reconocida: IRR
2026-09-13 14:15:32,129 [WARNING] normalize: Moneda no reconocida: IQD
2026-09-13 14:15:32,131 [WARNING] normalize: Moneda no reconocida: IQD
2026-09-13 14:15:32,131 [WARNING] normalize: Moneda no reconocida: IRR
2026-09-13 14:15:32,132 [WARNING] normalize: Moneda no reconocida: IRR
2026-09-13 14:15:32,132 [WARNING] normalize: Moneda no reconocida: IRR
2026-09-13 14:15:32,133 [WARNING] normalize: Moneda no reconocida: IRR
2026-09-13 14:15:32,133 [WARNING] normalize: Moneda no reconocida: IRR
2026-09-13 14:15:32,133 [WARNING] normalize: Moneda no reconocida: IRR
2026-09-13 14:15:32,134 [WARNING] normalize: Moneda no reconocida: IQD
2026-09-13 14:15:32,135 [WARNING] normalize: Moneda no reconocida: IQD
2026-09-13 14:15:32,135 [WARNING] normalize: Moneda no reconocida: IRR
2026-09-13 14:15:32,138 [WARNING] normalize: Moneda no reconocida: IRR
2026-09-13 14:15:32,139 [WARNING] normalize: Moneda no reconocida: IQD
2026-09-13 14:15:32,139 [WARNING] normalize: Moneda no reconocida: IQD
2026-09-13 14:15:32,139 [WARNING] normalize: Moneda no reconocida: VND
2026-09-13 14:15:32,139 [WARNING] normalize: Moneda no reconocida: IRR
2026-09-13 14:15:32,140 [WARNING] normalize: Moneda no reconocida: IRR
2026-09-13 14:15:32,141 [WARNING] normalize: Moneda no reconocida: IQD
2026-09-13 14:15:32,143 [WARNING] normalize: Moneda no reconocida: IRR
2026-09-13 14:15:32,144 [WARNING] normalize: Moneda no reconocida: IRR
2026-09-13 14:15:32,145 [WARNING] normalize: Moneda no reconocida: IRR
2026-09-13 14:15:32,145 [WARNING] normalize: Moneda no reconocida: IRR
2026-09-13 14:15:32,148 [WARNING] normalize: Moneda no reconocida: KZT
2026-09-13 14:15:32,154 [WARNING] normalize: Moneda no reconocida: IRR
2026-09-13 14:15:32,154 [WARNING] normalize: Moneda no reconocida: IRR
2026-09-13 14:15:32,154 [WARNING] normalize: Moneda no reconocida: IRR
2026-09-13 14:15:32,154 [WARNING] normalize: Moneda no reconocida: IRR
2026-09-13 14:15:32,155 [WARNING] normalize: Moneda no reconocida: IRR
2026-09-13 14:15:32,157 [WARNING] normalize: Moneda no reconocida: IRR
2026-09-13 14:15:32,157 [WARNING] normalize: Moneda no reconocida: IRR
2026-09-13 14:15:32,158 [WARNING] normalize: Moneda no reconocida: IQD
2026-09-13 14:15:32,158 [WARNING] normalize: Moneda no reconocida: IRR
2026-09-13 14:15:32,158 [WARNING] normalize: Moneda no reconocida: KZT
2026-09-13 14:15:32,158 [WARNING] normalize: Moneda no reconocida: IRR
2026-09-13 14:15:32,159 [WARNING] normalize: Moneda no reconocida: IRR
2026-09-13 14:15:32,159 [WARNING] normalize: Moneda no reconocida: IRR
2026-09-13 14:15:32,160 [WARNING] normalize: Moneda no reconocida: KZT
2026-09-13 14:15:32,160 [WARNING] normalize: Moneda no reconocida: IRR
2026-09-13 14:15:32,161 [WARNING] normalize: Moneda no reconocida: IRR
2026-09-13 14:15:32,161 [WARNING] normalize: Moneda no reconocida: IRR
2026-09-13 14:15:32,161 [WARNING] normalize: Moneda no reconocida: IRR
2026-09-13 14:15:32,163 [WARNING] normalize: Moneda no reconocida: IRR
2026-09-13 14:15:32,164 [WARNING] normalize: Moneda no reconocida: IRR
2026-09-13 14:15:32,164 [WARNING] normalize: Moneda no reconocida: IRR
2026-09-13 14:15:32,165 [WARNING] normalize: Moneda no reconocida: IRR
2026-09-13 14:15:32,166 [WARNING] normalize: Moneda no reconocida: IQD
2026-09-13 14:15:32,166 [WARNING] normalize: Moneda no reconocida: IRR
2026-09-13 14:15:32,167 [WARNING] normalize: Moneda no reconocida: IQD
2026-09-13 14:15:32,167 [WARNING] normalize: Moneda no reconocida: IQD
2026-09-13 14:15:32,168 [WARNING] normalize: Moneda no reconocida: IRR
2026-09-13 14:15:32,168 [WARNING] normalize: Moneda no reconocida: IRR
2026-09-13 14:15:32,169 [WARNING] normalize: Moneda no reconocida: IRR
2026-09-13 14:15:32,169 [WARNING] normalize: Moneda no reconocida: IRR
2026-09-13 14:15:32,170 [WARNING] normalize: Moneda no reconocida: XOF
2026-09-13 14:15:32,170 [WARNING] normalize: Moneda no reconocida: IRR
2026-09-13 14:15:32,171 [WARNING] normalize: Moneda no reconocida: IRR
2026-09-13 14:15:32,171 [WARNING] normalize: Moneda no reconocida: IRR
2026-09-13 14:15:32,172 [WARNING] normalize: Moneda no reconocida: IRR
2026-09-13 14:15:32,172 [WARNING] normalize: Moneda no reconocida: IRR
2026-09-13 14:15:32,173 [WARNING] normalize: Moneda no reconocida: IRR
2026-09-13 14:15:32,173 [WARNING] normalize: Moneda no reconocida: IRR
2026-09-13 14:15:32,176 [WARNING] normalize: Moneda no reconocida: IRR
2026-09-13 14:15:32,176 [WARNING] normalize: Moneda no reconocida: MAD
2026-09-13 14:15:32,177 [WARNING] normalize: Moneda no reconocida: IRR
2026-09-13 14:15:32,177 [WARNING] normalize: Moneda no reconocida: IQD
2026-09-13 14:15:32,178 [WARNING] normalize: Moneda no reconocida: IRR
2026-09-13 14:15:32,179 [WARNING] normalize: Moneda no reconocida: IQD
2026-09-13 14:15:32,180 [WARNING] normalize: Moneda no reconocida: IRR
2026-09-13 14:15:32,181 [WARNING] normalize: Moneda no reconocida: IRR
2026-09-13 14:15:32,181 [WARNING] normalize: Moneda no reconocida: IRR
2026-09-13 14:15:32,181 [WARNING] normalize: Moneda no reconocida: IRR
2026-09-13 14:15:32,183 [WARNING] normalize: Moneda no reconocida: IRR
2026-09-13 14:15:32,183 [WARNING] normalize: Moneda no reconocida: IRR
2026-09-13 14:15:32,185 [WARNING] normalize: Moneda no reconocida: NPR
2026-09-13 14:15:32,186 [WARNING] normalize: Moneda no reconocida: IQD
2026-09-13 14:15:32,187 [WARNING] normalize: Moneda no reconocida: XOF
2026-09-13 14:15:32,188 [WARNING] normalize: Moneda no reconocida: IRR
2026-09-13 14:15:32,188 [WARNING] normalize: Moneda no reconocida: IQD
2026-09-13 14:15:32,190 [WARNING] normalize: Moneda no reconocida: IRR
2026-09-13 14:15:32,190 [WARNING] normalize: Moneda no reconocida: IRR
2026-09-13 14:15:32,191 [WARNING] normalize: Moneda no reconocida: IRR
2026-09-13 14:15:32,191 [WARNING] normalize: Moneda no reconocida: IRR
2026-09-13 14:15:32,192 [WARNING] normalize: Moneda no reconocida: IRR
2026-09-13 14:15:32,192 [WARNING] normalize: Moneda no reconocida: IRR
2026-09-13 14:15:32,192 [WARNING] normalize: Moneda no reconocida: IRR
2026-09-13 14:15:32,192 [WARNING] normalize: Moneda no reconocida: IRR
2026-09-13 14:15:32,193 [WARNING] normalize: Moneda no reconocida: IRR
2026-09-13 14:15:32,194 [WARNING] normalize: Moneda no reconocida: IRR
2026-09-13 14:15:32,194 [WARNING] normalize: Moneda no reconocida: IQD
2026-09-13 14:15:32,194 [WARNING] normalize: Moneda no reconocida: IRR
2026-09-13 14:15:32,195 [WARNING] normalize: Moneda no reconocida: IRR
2026-09-13 14:15:32,197 [WARNING] normalize: Moneda no reconocida: IRR
2026-09-13 14:15:32,198 [WARNING] normalize: Moneda no reconocida: IRR
2026-09-13 14:15:32,198 [WARNING] normalize: Moneda no reconocida: IQD
2026-09-13 14:15:32,199 [WARNING] normalize: Moneda no reconocida: IQD
2026-09-13 14:15:32,199 [WARNING] normalize: Moneda no reconocida: IQD
2026-09-13 14:15:32,199 [WARNING] normalize: Moneda no reconocida: IRR
2026-09-13 14:15:32,200 [WARNING] normalize: Moneda no reconocida: IRR
2026-09-13 14:15:32,201 [WARNING] normalize: Moneda no reconocida: IRR
2026-09-13 14:15:32,201 [WARNING] normalize: Moneda no reconocida: IQD
2026-09-13 14:15:32,201 [WARNING] normalize: Moneda no reconocida: IRR
2026-09-13 14:15:32,203 [WARNING] normalize: Moneda no reconocida: IRR
2026-09-13 14:15:32,204 [WARNING] normalize: Moneda no reconocida: IRR
2026-09-13 14:15:32,204 [WARNING] normalize: Moneda no reconocida: XOF
2026-09-13 14:15:32,205 [WARNING] normalize: Moneda no reconocida: IRR
2026-09-13 14:15:32,205 [WARNING] normalize: Moneda no reconocida: IRR
2026-09-13 14:15:32,205 [WARNING] normalize: Moneda no reconocida: IRR
2026-09-13 14:15:32,206 [WARNING] normalize: Moneda no reconocida: IRR
2026-09-13 14:15:32,206 [WARNING] normalize: Moneda no reconocida: IRR
2026-09-13 14:15:32,207 [WARNING] normalize: Moneda no reconocida: IRR
2026-09-13 14:15:32,209 [WARNING] normalize: Moneda no reconocida: IRR
2026-09-13 14:15:32,209 [WARNING] normalize: Moneda no reconocida: IRR
2026-09-13 14:15:32,210 [WARNING] normalize: Moneda no reconocida: IRR
2026-09-13 14:15:32,211 [WARNING] normalize: Moneda no reconocida: IRR
2026-09-13 14:15:32,211 [WARNING] normalize: Moneda no reconocida: IRR
2026-09-13 14:15:32,212 [WARNING] normalize: Moneda no reconocida: IQD
2026-09-13 14:15:32,212 [WARNING] normalize: Moneda no reconocida: IRR
2026-09-13 14:15:32,213 [WARNING] normalize: Moneda no reconocida: IRR
2026-09-13 14:15:32,213 [WARNING] normalize: Moneda no reconocida: YER
2026-09-13 14:15:32,217 [WARNING] normalize: Moneda no reconocida: IRR
2026-09-13 14:15:32,218 [WARNING] normalize: Moneda no reconocida: IRR
2026-09-13 14:15:32,220 [WARNING] normalize: Moneda no reconocida: IRR
2026-09-13 14:15:32,221 [WARNING] normalize: Moneda no reconocida: IRR
2026-09-13 14:15:32,222 [WARNING] normalize: Moneda no reconocida: YER
2026-09-13 14:15:32,222 [WARNING] normalize: Moneda no reconocida: IRR
2026-09-13 14:15:32,222 [WARNING] normalize: Moneda no reconocida: IRR
2026-09-13 14:15:32,223 [WARNING] normalize: Moneda no reconocida: VND
2026-09-13 14:15:32,223 [WARNING] normalize: Moneda no reconocida: IRR
2026-09-13 14:15:32,223 [WARNING] normalize: Moneda no reconocida: IRR
2026-09-13 14:15:32,224 [WARNING] normalize: Moneda no reconocida: IRR
2026-09-13 14:15:32,224 [WARNING] normalize: Moneda no reconocida: IRR
2026-09-13 14:15:32,224 [WARNING] normalize: Moneda no reconocida: IRR
2026-09-13 14:15:32,225 [WARNING] normalize: Moneda no reconocida: IRR
2026-09-13 14:15:32,225 [WARNING] normalize: Moneda no reconocida: IRR
2026-09-13 14:15:32,226 [WARNING] normalize: Moneda no reconocida: IRR
2026-09-13 14:15:32,227 [WARNING] normalize: Moneda no reconocida: IRR
2026-09-13 14:15:32,228 [WARNING] normalize: Moneda no reconocida: IRR
2026-09-13 14:15:32,231 [WARNING] normalize: Moneda no reconocida: LYD
2026-09-13 14:15:32,235 [WARNING] normalize: Moneda no reconocida: IRR
2026-09-13 14:15:32,236 [WARNING] normalize: Moneda no reconocida: IRR
2026-09-13 14:15:32,237 [WARNING] normalize: Moneda no reconocida: IQD
2026-09-13 14:15:32,238 [WARNING] normalize: Moneda no reconocida: IRR
2026-09-13 14:15:32,240 [WARNING] normalize: Moneda no reconocida: IRR
2026-09-13 14:15:32,240 [WARNING] normalize: Moneda no reconocida: IRR
2026-09-13 14:15:32,242 [WARNING] normalize: Moneda no reconocida: IRR
2026-09-13 14:15:32,242 [WARNING] normalize: Moneda no reconocida: IRR
2026-09-13 14:15:32,243 [WARNING] normalize: Moneda no reconocida: IQD
2026-09-13 14:15:32,243 [WARNING] normalize: Moneda no reconocida: IRR
2026-09-13 14:15:32,244 [WARNING] normalize: Moneda no reconocida: IRR
2026-09-13 14:15:32,245 [WARNING] normalize: Moneda no reconocida: IRR
2026-09-13 14:15:32,245 [WARNING] normalize: Moneda no reconocida: IRR
2026-09-13 14:15:32,246 [WARNING] normalize: Moneda no reconocida: IQD
2026-09-13 14:15:32,246 [WARNING] normalize: Moneda no reconocida: IRR
2026-09-13 14:15:32,247 [WARNING] normalize: Moneda no reconocida: IRR
2026-09-13 14:15:32,247 [WARNING] normalize: Moneda no reconocida: VND
2026-09-13 14:15:32,248 [WARNING] normalize: Moneda no reconocida: IRR
2026-09-13 14:15:32,248 [WARNING] normalize: Moneda no reconocida: IRR
2026-09-13 14:15:32,249 [WARNING] normalize: Moneda no reconocida: IRR
2026-09-13 14:15:32,252 [WARNING] normalize: Moneda no reconocida: IRR
2026-09-13 14:15:32,252 [WARNING] normalize: Moneda no reconocida: IRR
2026-09-13 14:15:32,255 [WARNING] normalize: Moneda no reconocida: IRR
2026-09-13 14:15:32,256 [WARNING] normalize: Moneda no reconocida: IRR
2026-09-13 14:15:32,257 [WARNING] normalize: Moneda no reconocida: IRR
2026-09-13 14:15:32,258 [WARNING] normalize: Moneda no reconocida: IRR
2026-09-13 14:15:32,259 [WARNING] normalize: Moneda no reconocida: IRR
2026-09-13 14:15:32,259 [WARNING] normalize: Moneda no reconocida: IRR
2026-09-13 14:15:32,262 [WARNING] normalize: Moneda no reconocida: IRR
2026-09-13 14:15:32,263 [WARNING] normalize: Moneda no reconocida: IQD
2026-09-13 14:15:32,263 [WARNING] normalize: Moneda no reconocida: IRR
2026-09-13 14:15:32,264 [WARNING] normalize: Moneda no reconocida: IQD
2026-09-13 14:15:32,266 [WARNING] normalize: Moneda no reconocida: IRR
2026-09-13 14:15:32,266 [WARNING] normalize: Moneda no reconocida: IRR
2026-09-13 14:15:32,267 [WARNING] normalize: Moneda no reconocida: IRR
2026-09-13 14:15:32,268 [WARNING] normalize: Moneda no reconocida: IRR
2026-09-13 14:15:32,268 [WARNING] normalize: Moneda no reconocida: SYP
2026-09-13 14:15:32,273 [WARNING] normalize: Moneda no reconocida: IRR
2026-09-13 14:15:32,274 [WARNING] normalize: Moneda no reconocida: IQD
2026-09-13 14:15:32,275 [WARNING] normalize: Moneda no reconocida: IRR
2026-09-13 14:15:32,275 [WARNING] normalize: Moneda no reconocida: IRR
2026-09-13 14:15:32,279 [WARNING] normalize: Moneda no reconocida: IRR
2026-09-13 14:15:32,281 [WARNING] normalize: Moneda no reconocida: IRR
2026-09-13 14:15:32,284 [WARNING] normalize: Moneda no reconocida: IQD
2026-09-13 14:15:32,284 [WARNING] normalize: Moneda no reconocida: IRR
2026-09-13 14:15:32,285 [WARNING] normalize: Moneda no reconocida: IRR
2026-09-13 14:15:32,286 [WARNING] normalize: Moneda no reconocida: IRR
2026-09-13 14:15:32,286 [WARNING] normalize: Moneda no reconocida: IRR
2026-09-13 14:15:32,286 [WARNING] normalize: Moneda no reconocida: IRR
2026-09-13 14:15:32,287 [WARNING] normalize: Moneda no reconocida: IRR
2026-09-13 14:15:32,288 [WARNING] normalize: Moneda no reconocida: IRR
2026-09-13 14:15:32,292 [WARNING] normalize: Moneda no reconocida: IRR
2026-09-13 14:15:32,293 [WARNING] normalize: Moneda no reconocida: XOF
2026-09-13 14:15:32,294 [WARNING] normalize: Moneda no reconocida: IRR
2026-09-13 14:15:32,294 [WARNING] normalize: Moneda no reconocida: XOF
2026-09-13 14:15:32,295 [WARNING] normalize: Moneda no reconocida: IQD
2026-09-13 14:15:32,296 [WARNING] normalize: Moneda no reconocida: IQD
2026-09-13 14:15:32,296 [WARNING] normalize: Moneda no reconocida: IRR
2026-09-13 14:15:32,297 [WARNING] normalize: Moneda no reconocida: IRR
2026-09-13 14:15:32,298 [WARNING] normalize: Moneda no reconocida: IRR
2026-09-13 14:15:32,299 [WARNING] normalize: Moneda no reconocida: IRR
2026-09-13 14:15:32,299 [WARNING] normalize: Moneda no reconocida: IRR
2026-09-13 14:15:32,301 [WARNING] normalize: Moneda no reconocida: IRR
2026-09-13 14:15:32,303 [WARNING] normalize: Moneda no reconocida: IRR
2026-09-13 14:15:32,306 [WARNING] normalize: Moneda no reconocida: IRR
2026-09-13 14:15:32,306 [WARNING] normalize: Moneda no reconocida: IQD
2026-09-13 14:15:32,307 [WARNING] normalize: Moneda no reconocida: IQD
2026-09-13 14:15:32,308 [WARNING] normalize: Moneda no reconocida: IRR
2026-09-13 14:15:32,308 [WARNING] normalize: Moneda no reconocida: IQD
2026-09-13 14:15:32,309 [WARNING] normalize: Moneda no reconocida: GHS
2026-09-13 14:15:32,311 [WARNING] normalize: Moneda no reconocida: IQD
2026-09-13 14:15:32,311 [WARNING] normalize: Moneda no reconocida: VND
2026-09-13 14:15:32,313 [WARNING] normalize: Moneda no reconocida: IRR
2026-09-13 14:15:32,313 [WARNING] normalize: Moneda no reconocida: IRR
2026-09-13 14:15:32,315 [WARNING] normalize: Moneda no reconocida: IRR
2026-09-13 14:15:32,317 [WARNING] normalize: Moneda no reconocida: IRR
2026-09-13 14:15:32,318 [WARNING] normalize: Moneda no reconocida: IRR
2026-09-13 14:15:32,318 [WARNING] normalize: Moneda no reconocida: IRR
2026-09-13 14:15:32,318 [WARNING] normalize: Moneda no reconocida: IRR
2026-09-13 14:15:32,319 [WARNING] normalize: Moneda no reconocida: IQD
2026-09-13 14:15:32,319 [WARNING] normalize: Moneda no reconocida: UGX
2026-09-13 14:15:32,319 [WARNING] normalize: Moneda no reconocida: IRR
2026-09-13 14:15:32,320 [WARNING] normalize: Moneda no reconocida: IRR
2026-09-13 14:15:32,321 [WARNING] normalize: Moneda no reconocida: IRR
2026-09-13 14:15:32,321 [WARNING] normalize: Moneda no reconocida: IRR
2026-09-13 14:15:32,322 [WARNING] normalize: Moneda no reconocida: IRR
2026-09-13 14:15:32,322 [WARNING] normalize: Moneda no reconocida: IRR
2026-09-13 14:15:32,323 [WARNING] normalize: Moneda no reconocida: IQD
2026-09-13 14:15:32,324 [WARNING] normalize: Moneda no reconocida: IQD
2026-09-13 14:15:32,324 [WARNING] normalize: Moneda no reconocida: IQD
2026-09-13 14:15:32,324 [WARNING] normalize: Moneda no reconocida: IQD
2026-09-13 14:15:32,325 [WARNING] normalize: Moneda no reconocida: IRR
2026-09-13 14:15:32,325 [WARNING] normalize: Moneda no reconocida: XAF
2026-09-13 14:15:32,326 [WARNING] normalize: Moneda no reconocida: IRR
2026-09-13 14:15:32,327 [WARNING] normalize: Moneda no reconocida: IRR
2026-09-13 14:15:32,327 [WARNING] normalize: Moneda no reconocida: XOF
2026-09-13 14:15:32,328 [WARNING] normalize: Moneda no reconocida: IRR
2026-09-13 14:15:32,328 [WARNING] normalize: Moneda no reconocida: IRR
2026-09-13 14:15:32,328 [WARNING] normalize: Moneda no reconocida: IRR
2026-09-13 14:15:32,328 [WARNING] normalize: Moneda no reconocida: IQD
2026-09-13 14:15:32,329 [WARNING] normalize: Moneda no reconocida: IQD
2026-09-13 14:15:32,329 [WARNING] normalize: Moneda no reconocida: IRR
2026-09-13 14:15:32,329 [WARNING] normalize: Moneda no reconocida: IQD
2026-09-13 14:15:32,330 [WARNING] normalize: Moneda no reconocida: IRR
2026-09-13 14:15:32,331 [WARNING] normalize: Moneda no reconocida: IRR
2026-09-13 14:15:32,332 [WARNING] normalize: Moneda no reconocida: IRR
2026-09-13 14:15:32,332 [WARNING] normalize: Moneda no reconocida: IRR
2026-09-13 14:15:32,332 [WARNING] normalize: Moneda no reconocida: IRR
2026-09-13 14:15:32,333 [WARNING] normalize: Moneda no reconocida: IQD
2026-09-13 14:15:32,336 [WARNING] normalize: Moneda no reconocida: IRR
2026-09-13 14:15:32,336 [WARNING] normalize: Moneda no reconocida: IRR
2026-09-13 14:15:32,338 [WARNING] normalize: Moneda no reconocida: IQD
2026-09-13 14:15:32,339 [WARNING] normalize: Moneda no reconocida: IQD
2026-09-13 14:15:32,339 [WARNING] normalize: Moneda no reconocida: IRR
2026-09-13 14:15:32,342 [WARNING] normalize: Moneda no reconocida: IRR
2026-09-13 14:15:32,343 [WARNING] normalize: Moneda no reconocida: IRR
2026-09-13 14:15:32,344 [WARNING] normalize: Moneda no reconocida: IRR
2026-09-13 14:15:32,344 [WARNING] normalize: Moneda no reconocida: IRR
2026-09-13 14:15:32,345 [WARNING] normalize: Moneda no reconocida: IRR
2026-09-13 14:15:32,345 [WARNING] normalize: Moneda no reconocida: IRR
2026-09-13 14:15:32,347 [WARNING] normalize: Moneda no reconocida: IRR
2026-09-13 14:15:32,347 [WARNING] normalize: Moneda no reconocida: IRR
2026-09-13 14:15:32,349 [WARNING] normalize: Moneda no reconocida: IRR
2026-09-13 14:15:32,349 [WARNING] normalize: Moneda no reconocida: IRR
2026-09-13 14:15:32,350 [WARNING] normalize: Moneda no reconocida: IQD
2026-09-13 14:15:32,351 [WARNING] normalize: Moneda no reconocida: KZT
2026-09-13 14:15:32,352 [WARNING] normalize: Moneda no reconocida: XOF
2026-09-13 14:15:32,353 [WARNING] normalize: Moneda no reconocida: IRR
2026-09-13 14:15:32,354 [WARNING] normalize: Moneda no reconocida: IRR
2026-09-13 14:15:32,354 [WARNING] normalize: Moneda no reconocida: IRR
2026-09-13 14:15:32,358 [WARNING] normalize: Moneda no reconocida: IRR
2026-09-13 14:15:32,360 [WARNING] normalize: Moneda no reconocida: IRR
2026-09-13 14:15:32,360 [WARNING] normalize: Moneda no reconocida: IQD
2026-09-13 14:15:32,362 [WARNING] normalize: Moneda no reconocida: IRR
2026-09-13 14:15:32,362 [WARNING] normalize: Moneda no reconocida: IRR
2026-09-13 14:15:32,363 [WARNING] normalize: Moneda no reconocida: IQD
2026-09-13 14:15:32,365 [WARNING] normalize: Moneda no reconocida: IRR
2026-09-13 14:15:32,366 [WARNING] normalize: Moneda no reconocida: IRR
2026-09-13 14:15:32,368 [WARNING] normalize: Moneda no reconocida: IRR
2026-09-13 14:15:32,368 [WARNING] normalize: Moneda no reconocida: IQD
2026-09-13 14:15:32,369 [WARNING] normalize: Moneda no reconocida: IQD
2026-09-13 14:15:32,370 [WARNING] normalize: Moneda no reconocida: IRR
2026-09-13 14:15:32,370 [WARNING] normalize: Moneda no reconocida: IRR
2026-09-13 14:15:32,371 [WARNING] normalize: Moneda no reconocida: IRR
2026-09-13 14:15:32,371 [WARNING] normalize: Moneda no reconocida: IRR
2026-09-13 14:15:32,372 [WARNING] normalize: Moneda no reconocida: IRR
2026-09-13 14:15:32,372 [WARNING] normalize: Moneda no reconocida: IQD
2026-09-13 14:15:32,374 [WARNING] normalize: Moneda no reconocida: IRR
2026-09-13 14:15:32,377 [WARNING] normalize: Moneda no reconocida: IRR
2026-09-13 14:15:32,377 [WARNING] normalize: Moneda no reconocida: YER
2026-09-13 14:15:32,378 [WARNING] normalize: Moneda no reconocida: IRR
2026-09-13 14:15:32,380 [WARNING] normalize: Moneda no reconocida: IRR
2026-09-13 14:15:32,380 [WARNING] normalize: Moneda no reconocida: IRR
2026-09-13 14:15:32,381 [WARNING] normalize: Moneda no reconocida: IRR
2026-09-13 14:15:32,381 [WARNING] normalize: Moneda no reconocida: IRR
2026-09-13 14:15:32,383 [WARNING] normalize: Moneda no reconocida: IQD
2026-09-13 14:15:32,384 [WARNING] normalize: Moneda no reconocida: IRR
2026-09-13 14:15:32,384 [WARNING] normalize: Moneda no reconocida: IRR
2026-09-13 14:15:32,385 [WARNING] normalize: Moneda no reconocida: IRR
2026-09-13 14:15:32,385 [WARNING] normalize: Moneda no reconocida: IQD
2026-09-13 14:15:32,386 [WARNING] normalize: Moneda no reconocida: IRR
2026-09-13 14:15:32,388 [WARNING] normalize: Moneda no reconocida: IQD
2026-09-13 14:15:32,389 [WARNING] normalize: Moneda no reconocida: IRR
2026-09-13 14:15:32,395 [WARNING] normalize: Moneda no reconocida: IRR
2026-09-13 14:15:32,402 [WARNING] normalize: Moneda no reconocida: MAD
2026-09-13 14:15:32,407 [WARNING] normalize: Moneda no reconocida: IRR
2026-09-13 14:15:32,412 [WARNING] normalize: Moneda no reconocida: IRR
2026-09-13 14:15:32,413 [WARNING] normalize: Moneda no reconocida: IRR
2026-09-13 14:15:32,413 [WARNING] normalize: Moneda no reconocida: IRR
2026-09-13 14:15:32,413 [WARNING] normalize: Moneda no reconocida: IRR
2026-09-13 14:15:32,413 [WARNING] normalize: Moneda no reconocida: IRR
2026-09-13 14:15:32,413 [WARNING] normalize: Moneda no reconocida: IQD
2026-09-13 14:15:32,414 [WARNING] normalize: Moneda no reconocida: IRR
2026-09-13 14:15:32,414 [WARNING] normalize: Moneda no reconocida: NPR
2026-09-13 14:15:32,415 [WARNING] normalize: Moneda no reconocida: IRR
2026-09-13 14:15:32,416 [WARNING] normalize: Moneda no reconocida: IRR
2026-09-13 14:15:32,421 [WARNING] normalize: Moneda no reconocida: IRR
2026-09-13 14:15:32,422 [WARNING] normalize: Moneda no reconocida: IRR
2026-09-13 14:15:32,424 [WARNING] normalize: Moneda no reconocida: IRR
2026-09-13 14:15:32,424 [WARNING] normalize: Moneda no reconocida: IRR
2026-09-13 14:15:32,424 [WARNING] normalize: Moneda no reconocida: XAF
2026-09-13 14:15:32,424 [WARNING] normalize: Moneda no reconocida: IRR
2026-09-13 14:15:32,425 [WARNING] normalize: Moneda no reconocida: IRR
2026-09-13 14:15:32,425 [WARNING] normalize: Moneda no reconocida: IRR
2026-09-13 14:15:32,426 [WARNING] normalize: Moneda no reconocida: IRR
2026-09-13 14:15:32,426 [WARNING] normalize: Moneda no reconocida: IQD
2026-09-13 14:15:32,427 [WARNING] normalize: Moneda no reconocida: YER
2026-09-13 14:15:32,428 [WARNING] normalize: Moneda no reconocida: IRR
2026-09-13 14:15:32,429 [WARNING] normalize: Moneda no reconocida: IRR
2026-09-13 14:15:32,430 [WARNING] normalize: Moneda no reconocida: IQD
2026-09-13 14:15:32,442 [WARNING] normalize: Moneda no reconocida: IRR
2026-09-13 14:15:32,444 [WARNING] normalize: Moneda no reconocida: IRR
2026-09-13 14:15:32,445 [WARNING] normalize: Moneda no reconocida: KZT
2026-09-13 14:15:32,452 [WARNING] normalize: Moneda no reconocida: MAD
2026-09-13 14:15:32,456 [WARNING] normalize: Moneda no reconocida: IRR
2026-09-13 14:15:32,459 [WARNING] normalize: Moneda no reconocida: IQD
2026-09-13 14:15:32,459 [WARNING] normalize: Moneda no reconocida: IRR
2026-09-13 14:15:32,463 [WARNING] normalize: Moneda no reconocida: IQD
2026-09-13 14:15:32,464 [WARNING] normalize: Moneda no reconocida: IQD
2026-09-13 14:15:32,464 [WARNING] normalize: Moneda no reconocida: IRR
2026-09-13 14:15:32,465 [WARNING] normalize: Moneda no reconocida: IRR
2026-09-13 14:15:32,465 [WARNING] normalize: Moneda no reconocida: IRR
2026-09-13 14:15:32,466 [WARNING] normalize: Moneda no reconocida: IQD
2026-09-13 14:15:32,469 [WARNING] normalize: Moneda no reconocida: IRR
2026-09-13 14:15:32,469 [WARNING] normalize: Moneda no reconocida: IRR
2026-09-13 14:15:32,470 [WARNING] normalize: Moneda no reconocida: IRR
2026-09-13 14:15:32,470 [WARNING] normalize: Moneda no reconocida: IRR
2026-09-13 14:15:32,471 [WARNING] normalize: Moneda no reconocida: IRR
2026-09-13 14:15:32,473 [WARNING] normalize: Moneda no reconocida: IRR
2026-09-13 14:15:32,477 [WARNING] normalize: Moneda no reconocida: IRR
2026-09-13 14:15:32,477 [WARNING] normalize: Moneda no reconocida: IRR
2026-09-13 14:15:32,477 [WARNING] normalize: Moneda no reconocida: IRR
2026-09-13 14:15:32,478 [WARNING] normalize: Moneda no reconocida: IQD
2026-09-13 14:15:32,478 [WARNING] normalize: Moneda no reconocida: IQD
2026-09-13 14:15:32,479 [WARNING] normalize: Moneda no reconocida: IRR
2026-09-13 14:15:32,482 [WARNING] normalize: Moneda no reconocida: IRR
2026-09-13 14:15:32,483 [WARNING] normalize: Moneda no reconocida: IQD
2026-09-13 14:15:32,483 [WARNING] normalize: Moneda no reconocida: IRR
2026-09-13 14:15:32,484 [WARNING] normalize: Moneda no reconocida: IRR
2026-09-13 14:15:32,486 [WARNING] normalize: Moneda no reconocida: MNT
2026-09-13 14:15:32,487 [WARNING] normalize: Moneda no reconocida: IRR
2026-09-13 14:15:32,489 [WARNING] normalize: Moneda no reconocida: IRR
2026-09-13 14:15:32,489 [WARNING] normalize: Moneda no reconocida: LYD
2026-09-13 14:15:32,493 [WARNING] normalize: Moneda no reconocida: IRR
2026-09-13 14:15:32,495 [WARNING] normalize: Moneda no reconocida: IRR
2026-09-13 14:15:32,496 [WARNING] normalize: Moneda no reconocida: IQD
2026-09-13 14:15:32,497 [WARNING] normalize: Moneda no reconocida: IRR
2026-09-13 14:15:32,497 [WARNING] normalize: Moneda no reconocida: IRR
2026-09-13 14:15:32,497 [WARNING] normalize: Moneda no reconocida: IQD
2026-09-13 14:15:32,497 [WARNING] normalize: Moneda no reconocida: IRR
2026-09-13 14:15:32,499 [WARNING] normalize: Moneda no reconocida: IRR
2026-09-13 14:15:32,499 [WARNING] normalize: Moneda no reconocida: IRR
2026-09-13 14:15:32,501 [WARNING] normalize: Moneda no reconocida: IQD
2026-09-13 14:15:32,501 [WARNING] normalize: Moneda no reconocida: IRR
2026-09-13 14:15:32,503 [WARNING] normalize: Moneda no reconocida: IQD
2026-09-13 14:15:32,504 [WARNING] normalize: Moneda no reconocida: KZT
2026-09-13 14:15:32,507 [WARNING] normalize: Moneda no reconocida: IQD
2026-09-13 14:15:32,510 [WARNING] normalize: Moneda no reconocida: IRR
2026-09-13 14:15:32,512 [WARNING] normalize: Moneda no reconocida: MAD
2026-09-13 14:15:32,513 [WARNING] normalize: Moneda no reconocida: IQD
2026-09-13 14:15:32,515 [WARNING] normalize: Moneda no reconocida: XOF
2026-09-13 14:15:32,516 [WARNING] normalize: Moneda no reconocida: IQD
2026-09-13 14:15:32,517 [WARNING] normalize: Moneda no reconocida: IRR
2026-09-13 14:15:32,517 [WARNING] normalize: Moneda no reconocida: IRR
2026-09-13 14:15:32,517 [WARNING] normalize: Moneda no reconocida: IRR
2026-09-13 14:15:32,518 [WARNING] normalize: Moneda no reconocida: IRR
2026-09-13 14:15:32,518 [WARNING] normalize: Moneda no reconocida: IRR
2026-09-13 14:15:32,518 [WARNING] normalize: Moneda no reconocida: IRR
2026-09-13 14:15:32,518 [WARNING] normalize: Moneda no reconocida: IRR
2026-09-13 14:15:32,520 [WARNING] normalize: Moneda no reconocida: IRR
2026-09-13 14:15:32,520 [WARNING] normalize: Moneda no reconocida: IQD
2026-09-13 14:15:32,520 [WARNING] normalize: Moneda no reconocida: IQD
2026-09-13 14:15:32,521 [WARNING] normalize: Moneda no reconocida: VND
2026-09-13 14:15:32,527 [WARNING] normalize: Moneda no reconocida: IQD
2026-09-13 14:15:32,528 [WARNING] normalize: Moneda no reconocida: IQD
2026-09-13 14:15:32,528 [WARNING] normalize: Moneda no reconocida: IRR
2026-09-13 14:15:32,528 [WARNING] normalize: Moneda no reconocida: IRR
2026-09-13 14:15:32,529 [WARNING] normalize: Moneda no reconocida: IQD
2026-09-13 14:15:32,530 [WARNING] normalize: Moneda no reconocida: IRR
2026-09-13 14:15:32,533 [WARNING] normalize: Moneda no reconocida: IQD
2026-09-13 14:15:32,534 [WARNING] normalize: Moneda no reconocida: YER
2026-09-13 14:15:32,535 [WARNING] normalize: Moneda no reconocida: IRR
2026-09-13 14:15:32,538 [WARNING] normalize: Moneda no reconocida: IRR
2026-09-13 14:15:32,540 [WARNING] normalize: Moneda no reconocida: IQD
2026-09-13 14:15:32,540 [WARNING] normalize: Moneda no reconocida: MAD
2026-09-13 14:15:32,541 [WARNING] normalize: Moneda no reconocida: XOF
2026-09-13 14:15:32,541 [WARNING] normalize: Moneda no reconocida: IQD
2026-09-13 14:15:32,542 [WARNING] normalize: Moneda no reconocida: KZT
2026-09-13 14:15:32,542 [WARNING] normalize: Moneda no reconocida: IRR
2026-09-13 14:15:32,542 [WARNING] normalize: Moneda no reconocida: IQD
2026-09-13 14:15:32,542 [WARNING] normalize: Moneda no reconocida: IRR
2026-09-13 14:15:32,542 [WARNING] normalize: Moneda no reconocida: IRR
2026-09-13 14:15:32,543 [WARNING] normalize: Moneda no reconocida: IRR
2026-09-13 14:15:32,543 [WARNING] normalize: Moneda no reconocida: IRR
2026-09-13 14:15:32,543 [WARNING] normalize: Moneda no reconocida: IRR
2026-09-13 14:15:32,545 [WARNING] normalize: Moneda no reconocida: KZT
2026-09-13 14:15:32,545 [WARNING] normalize: Moneda no reconocida: KPW
2026-09-13 14:15:32,549 [WARNING] normalize: Moneda no reconocida: KZT
2026-09-13 14:15:32,550 [WARNING] normalize: Moneda no reconocida: IRR
2026-09-13 14:15:32,551 [WARNING] normalize: Moneda no reconocida: IQD
2026-09-13 14:15:32,556 [WARNING] normalize: Moneda no reconocida: IRR
2026-09-13 14:15:32,556 [WARNING] normalize: Moneda no reconocida: IQD
2026-09-13 14:15:32,557 [WARNING] normalize: Moneda no reconocida: KZT
2026-09-13 14:15:32,557 [WARNING] normalize: Moneda no reconocida: IQD
2026-09-13 14:15:32,557 [WARNING] normalize: Moneda no reconocida: IRR
2026-09-13 14:15:32,622 [INFO] etl_doaj:   APC convertidos a USD: 8084 registros
2026-09-13 14:15:32,697 [INFO] etl_doaj:   Campos Yes/No convertidos a booleano: ['politica_plagio', 'autor_retiene_copyright', 'tiene_otros_cobros', 'politica_exencion', 'subscribe_to_open', 'cumple_oa_doaj', 'cc_legible_maquina']
2026-09-13 14:15:32,809 [INFO] etl_doaj:   Fecha 'fecha_incorporacion_doaj' parseada — nulos: 0
2026-09-13 14:15:32,886 [INFO] etl_doaj:   Fecha 'fecha_actualizacion_doaj' parseada — nulos: 0
2026-09-13 14:15:32,964 [INFO] etl_doaj:   Fecha 'fecha_ultimo_articulo' parseada — nulos: 3836
2026-09-13 14:15:33,199 [INFO] etl_doaj:   Deduplicación por ISSN: 1 duplicados eliminados
2026-09-13 14:15:34,437 [INFO] etl_doaj:   Parquet guardado en: /home/vydi/recomendador_revistas/data/silver/doaj_clean.parquet
2026-09-13 14:15:34,437 [INFO] etl_doaj: ============================================================
2026-09-13 14:15:34,437 [INFO] etl_doaj:   RESUMEN ETL DOAJ
2026-09-13 14:15:34,437 [INFO] etl_doaj: ============================================================
2026-09-13 14:15:34,437 [INFO] etl_doaj:   Filas entrada:       23305
2026-09-13 14:15:34,438 [INFO] etl_doaj:   Filas salida:        23304
2026-09-13 14:15:34,438 [INFO] etl_doaj:   Duplicados removidos:1
2026-09-13 14:15:34,438 [INFO] etl_doaj:   ISSN nulos:          0
2026-09-13 14:15:34,439 [INFO] etl_doaj:   Títulos nulos:       7
2026-09-13 14:15:34,440 [INFO] etl_doaj:   País ISO nulos:      3668
2026-09-13 14:15:34,440 [INFO] etl_doaj:   APC en USD válidos:  8084
2026-09-13 14:15:34,440 [INFO] etl_doaj:   tiene_apc True:      8662
2026-09-13 14:15:34,441 [INFO] etl_doaj:   Columnas finales:    ['titulo', 'url_revista', 'url_doaj', 'When did the journal start to publish all content using an open license?', 'titulo_alternativo', 'issn_impreso', 'issn_electronico', 'palabras_clave', 'idiomas', 'editorial', 'pais_editorial', 'Other organisation', 'Country of other organisation', 'licencia', 'atributos_licencia', 'URL for license terms', 'cc_legible_maquina', 'autor_retiene_copyright', 'Copyright information URL', 'tipo_revision', 'Review process information URL', 'politica_plagio', "URL for journal's aims & scope", 'URL for the Editorial Board page', "URL for journal's instructions for authors", 'semanas_submission_publicacion', 'tiene_apc', 'APC information URL', 'politica_exencion', 'Waiver policy information URL', 'tiene_otros_cobros', 'Other fees information URL', 'servicios_preservacion', 'Preservation Service: national library', 'Preservation information URL', 'Deposit policy directory', 'URL for deposit policy', 'identificadores_persistentes', 'cumple_oa_doaj', 'Continues', 'Continued By', 'codigos_lcc', 'subscribe_to_open', 'Mirror Journal', 'Open Journals Collective', 'materias', 'fecha_incorporacion_doaj', 'fecha_actualizacion_doaj', 'Last Full Review Date', 'num_articulos', 'fecha_ultimo_articulo', 'issn_normalizado', 'titulo_normalizado', 'pais_iso', 'apc_monto', 'apc_moneda', 'apc_monto_usd', 'apc_tipo', '_fuente', '_fecha_captura', '_estado_calidad', '_hash_registro']
2026-09-13 14:15:34,441 [INFO] etl_doaj: ============================================================
2026-09-13 14:15:34,444 [INFO] pipeline:   ✓ DOAJ: 23304 registros procesados
2026-09-13 14:15:34,444 [INFO] pipeline: 
── Procesando Scimago ──
2026-09-13 14:15:34,445 [INFO] etl_scimago: Leyendo CSV bronze: /home/vydi/recomendador_revistas/data/bronze/scimagojr 2025 CO.csv
2026-09-13 14:15:34,451 [INFO] etl_scimago: Filas leídas: 166 | Columnas: 26
2026-09-13 14:15:34,454 [INFO] etl_scimago: Columna Publisher duplicada eliminada (Publisher.1)
2026-09-13 14:15:34,454 [INFO] etl_scimago: Parseando ISSNs...
2026-09-13 14:15:34,466 [INFO] etl_scimago: ISSNs: print=166 | electronic=128 | normalizado nulos=0
2026-09-13 14:15:34,466 [INFO] etl_scimago: Normalizando títulos...
2026-09-13 14:15:34,472 [INFO] etl_scimago: Títulos normalizados: nulos=0
2026-09-13 14:15:34,473 [INFO] etl_scimago: Convirtiendo campos numéricos (coma decimal)...
2026-09-13 14:15:34,476 [INFO] etl_scimago:   SJR → sjr_score: nulos=0
2026-09-13 14:15:34,481 [INFO] etl_scimago:   Citations / Doc. (2years) → citas_por_doc_2y: nulos=0
2026-09-13 14:15:34,485 [INFO] etl_scimago:   Ref. / Doc. → refs_por_doc: nulos=0
2026-09-13 14:15:34,490 [INFO] etl_scimago:   %Female → pct_female_raw: nulos=0
2026-09-13 14:15:34,490 [INFO] etl_scimago: Convirtiendo campos enteros...
2026-09-13 14:15:34,495 [INFO] etl_scimago:   Rank → rank_scimago: nulos=0
2026-09-13 14:15:34,499 [INFO] etl_scimago:   H index → h_index: nulos=0
2026-09-13 14:15:34,504 [INFO] etl_scimago:   Total Docs. (2025) → total_docs: nulos=0
2026-09-13 14:15:34,509 [INFO] etl_scimago:   Total Docs. (3years) → total_docs_3y: nulos=0
2026-09-13 14:15:34,514 [INFO] etl_scimago:   Total Refs. → total_refs: nulos=0
2026-09-13 14:15:34,519 [INFO] etl_scimago:   Total Citations (3years) → total_citas_3y: nulos=0
2026-09-13 14:15:34,524 [INFO] etl_scimago:   Citable Docs. (3years) → docs_citables_3y: nulos=0
2026-09-13 14:15:34,529 [INFO] etl_scimago:   Overton → overton: nulos=0
2026-09-13 14:15:34,529 [INFO] etl_scimago: Parseando categorías Scimago...
2026-09-13 14:15:34,568 [INFO] etl_scimago: Cuartiles: distribución={'Q4': 69, 'Q3': 55, 'Q2': 32, 'Q1': 10} | nulos=0
2026-09-13 14:15:34,569 [INFO] etl_scimago: Parseando áreas temáticas...
2026-09-13 14:15:34,576 [INFO] etl_scimago: Convirtiendo campos booleanos...
2026-09-13 14:15:34,584 [INFO] etl_scimago: Open Access: yes=158 | Diamond OA: yes=143
2026-09-13 14:15:34,585 [INFO] etl_scimago: Convirtiendo %%Female a proporción decimal...
2026-09-13 14:15:34,588 [INFO] etl_scimago: Normalizando país...
2026-09-13 14:15:34,593 [INFO] etl_scimago: Renombrando columnas...
2026-09-13 14:15:34,606 [INFO] etl_scimago: Deduplicación por issn_normalizado: 166 → 166 filas (-0 duplicados, 0 sin ISSN)
2026-09-13 14:15:34,607 [INFO] etl_scimago: Agregando metadatos de trazabilidad...
2026-09-13 14:15:34,633 [INFO] etl_scimago: ════════════════════════════════════════════════════════════
2026-09-13 14:15:34,634 [INFO] etl_scimago: RESUMEN ETL SCIMAGO
2026-09-13 14:15:34,634 [INFO] etl_scimago: ════════════════════════════════════════════════════════════
2026-09-13 14:15:34,634 [INFO] etl_scimago:   Filas entrada (bronze) : 166
2026-09-13 14:15:34,634 [INFO] etl_scimago:   Filas salida  (silver) : 166
2026-09-13 14:15:34,634 [INFO] etl_scimago:   Columnas               : 33
2026-09-13 14:15:34,636 [INFO] etl_scimago:   ISSNs nulos            : 0
2026-09-13 14:15:34,636 [INFO] etl_scimago:   Títulos nulos          : 0
2026-09-13 14:15:34,637 [INFO] etl_scimago:   SJR nulos              : 0
2026-09-13 14:15:34,637 [INFO] etl_scimago:   Cuartil nulos          : 0
2026-09-13 14:15:34,638 [INFO] etl_scimago:   Open Access            : 158 / 166
2026-09-13 14:15:34,638 [INFO] etl_scimago:   Diamond OA             : 143 / 166
2026-09-13 14:15:34,640 [INFO] etl_scimago:   Cuartiles              : {'Q4': 69, 'Q3': 55, 'Q2': 32, 'Q1': 10}
2026-09-13 14:15:34,642 [INFO] etl_scimago:   Áreas únicas           : 53
2026-09-13 14:15:34,642 [INFO] etl_scimago: ════════════════════════════════════════════════════════════
2026-09-13 14:15:34,656 [INFO] etl_scimago: Parquet Scimago guardado: /home/vydi/recomendador_revistas/data/silver/scimago_clean.parquet
2026-09-13 14:15:34,673 [INFO] pipeline:   ✓ Scimago: 166 registros procesados
2026-09-13 14:15:34,674 [INFO] pipeline: 
── Procesando OpenAPC ──
2026-09-13 14:15:34,675 [WARNING] etl_openapc: OpenAPC no utilizable: OpenAPC contiene HTML/XML en lugar de un CSV
2026-09-13 14:15:34,677 [WARNING] pipeline:   ⚠ OpenAPC: fuente no disponible o resultado vacío
2026-09-13 14:15:34,677 [INFO] pipeline: 
  Silver completado: 3 éxitos, 0 errores
2026-09-13 14:15:34,678 [INFO] pipeline: 
ANÁLISIS DE CRUCES SILVER
2026-09-13 14:15:34,760 [INFO] pipeline:   publindex: 906 registros
2026-09-13 14:15:35,013 [INFO] pipeline:   doaj: 23304 registros
2026-09-13 14:15:35,021 [INFO] pipeline:   scimago: 166 registros
2026-09-13 14:15:35,021 [WARNING] pipeline:   openapc: Silver no disponible
2026-09-13 14:15:35,077 [INFO] pipeline:   Publindex ↔ doaj: 323 coincidencias (35.65% de Publindex; 1.39% de doaj)
2026-09-13 14:15:35,082 [INFO] pipeline:   Publindex ↔ scimago: 148 coincidencias (16.34% de Publindex; 89.16% de scimago)
2026-09-13 14:15:35,082 [WARNING] pipeline:   openapc: sin datos para cruce
2026-09-13 14:15:35,092 [INFO] pipeline: 
============================================================
2026-09-13 14:15:35,092 [INFO] pipeline: CAPA GOLD — Integración y consolidación
2026-09-13 14:15:35,092 [INFO] pipeline: ============================================================
2026-09-13 14:15:35,104 [INFO] merge_gold: ============================================================
2026-09-13 14:15:35,105 [INFO] merge_gold: INICIO: Merge Gold — Catálogo maestro de revistas
2026-09-13 14:15:35,105 [INFO] merge_gold: ============================================================
2026-09-13 14:15:35,105 [INFO] merge_gold: 
1. Cargando datos silver...
2026-09-13 14:15:35,117 [INFO] merge_gold:   publindex: 906 registros cargados
2026-09-13 14:15:35,349 [INFO] merge_gold:   doaj: 23304 registros cargados
2026-09-13 14:15:35,358 [INFO] merge_gold:   scimago: 166 registros cargados
2026-09-13 14:15:35,358 [WARNING] merge_gold:   openapc: archivo no encontrado en /home/vydi/recomendador_revistas/data/silver/openapc_clean.parquet
2026-09-13 14:15:35,359 [INFO] merge_gold: 
  Base inicial (Publindex): 906 registros
2026-09-13 14:15:35,360 [INFO] merge_gold: 
2. Merge con Scimago...
2026-09-13 14:15:35,368 [INFO] merge_gold:   Merge con scimago:
2026-09-13 14:15:35,369 [INFO] merge_gold:     Coincidencias por ISSN: 148
2026-09-13 14:15:35,369 [INFO] merge_gold:     Solo en base: 758
2026-09-13 14:15:35,369 [INFO] merge_gold:     Solo en scimago: 18
2026-09-13 14:15:35,380 [INFO] merge_gold:   Registros tras merge Scimago: 906
2026-09-13 14:15:35,380 [INFO] merge_gold: 
3. Merge con DOAJ...
2026-09-13 14:15:35,462 [INFO] merge_gold:   Merge con doaj:
2026-09-13 14:15:35,463 [INFO] merge_gold:     Coincidencias por ISSN: 323
2026-09-13 14:15:35,463 [INFO] merge_gold:     Solo en base: 583
2026-09-13 14:15:35,463 [INFO] merge_gold:     Solo en doaj: 22981
2026-09-13 14:15:35,561 [INFO] merge_gold:   Registros tras merge DOAJ: 906
2026-09-13 14:15:35,562 [INFO] merge_gold: 
4. Merge con OpenAPC...
2026-09-13 14:15:35,562 [INFO] merge_gold: 
5. Resolviendo conflictos...
2026-09-13 14:15:35,576 [INFO] merge_gold: 
6. Consolidando fuentes...
2026-09-13 14:15:35,638 [INFO] merge_gold: 
6. Imputación de APC...
2026-09-13 14:15:35,673 [INFO] merge_gold:   APC nulos antes: 903, después: 0
2026-09-13 14:15:35,673 [INFO] merge_gold:   Valores imputados: 903
2026-09-13 14:15:35,673 [INFO] merge_gold: 
7. Detección de outliers en APC...
2026-09-13 14:15:35,807 [INFO] merge_gold:   Outliers detectados: 0
2026-09-13 14:15:35,807 [INFO] merge_gold: 
8. Generando features...
2026-09-13 14:15:35,910 [INFO] merge_gold: 
9. Guardando catálogo gold...
2026-09-13 14:15:35,937 [INFO] merge_gold:   Guardado: /home/vydi/recomendador_revistas/data/gold/catalogo_maestro_revistas.parquet
2026-09-13 14:15:35,937 [INFO] merge_gold:   Registros finales: 906
2026-09-13 14:15:35,937 [INFO] merge_gold:   Columnas: 109
2026-09-13 14:15:36,043 [INFO] merge_gold:   CSV de referencia: /home/vydi/recomendador_revistas/data/gold/catalogo_maestro_revistas.csv
2026-09-13 14:15:36,051 [INFO] merge_gold:   Features del modelo: /home/vydi/recomendador_revistas/data/gold/features_modelo.parquet (22 columnas)
2026-09-13 14:15:36,167 [INFO] merge_gold:   Log de merge: /home/vydi/recomendador_revistas/data/silver/merge_log.csv (23470 entradas)
2026-09-13 14:15:36,167 [INFO] merge_gold: 
============================================================
2026-09-13 14:15:36,167 [INFO] merge_gold: RESUMEN DEL CATÁLOGO MAESTRO
2026-09-13 14:15:36,167 [INFO] merge_gold: ============================================================
2026-09-13 14:15:36,167 [INFO] merge_gold:   Total revistas: 906
2026-09-13 14:15:36,167 [INFO] merge_gold: 
  Distribución por categoría Publindex:
2026-09-13 14:15:36,169 [INFO] merge_gold:     C: 551
2026-09-13 14:15:36,169 [INFO] merge_gold:     B: 299
2026-09-13 14:15:36,169 [INFO] merge_gold:     A2: 45
2026-09-13 14:15:36,169 [INFO] merge_gold:     A1: 11
2026-09-13 14:15:36,169 [INFO] merge_gold: 
  Distribución por cuartil SJR:
2026-09-13 14:15:36,170 [INFO] merge_gold:     Q4: 56
2026-09-13 14:15:36,170 [INFO] merge_gold:     Q3: 51
2026-09-13 14:15:36,170 [INFO] merge_gold:     Q2: 31
2026-09-13 14:15:36,170 [INFO] merge_gold:     Q1: 10
2026-09-13 14:15:36,170 [INFO] merge_gold: 
  Revistas con APC: 3
2026-09-13 14:15:36,171 [INFO] merge_gold: 
  Distribución tipo APC:
2026-09-13 14:15:36,171 [INFO] merge_gold:     imputado: 903
2026-09-13 14:15:36,171 [INFO] merge_gold:     declarado: 3
2026-09-13 14:15:36,172 [INFO] merge_gold: 
  Cobertura por fuente:
2026-09-13 14:15:36,172 [INFO] merge_gold:     publindex: 906 registros
2026-09-13 14:15:36,172 [INFO] merge_gold: ============================================================
2026-09-13 14:15:36,180 [INFO] pipeline:   ✓ Gold: 906 registros en catálogo maestro
2026-09-13 14:15:36,193 [INFO] pipeline: 
============================================================
2026-09-13 14:15:36,193 [INFO] pipeline: RESUMEN FINAL DEL PIPELINE
2026-09-13 14:15:36,193 [INFO] pipeline: ============================================================
2026-09-13 14:15:36,193 [INFO] pipeline: 
🥉 Bronze:
2026-09-13 14:15:36,194 [INFO] pipeline:     Revistas_Indexadas,_Índice_Nacional_Publindex_20260910.csv: 2,708,275 bytes
2026-09-13 14:15:36,194 [INFO] pipeline:     doaj_journalcsv_20260812_2320_utf8.csv: 25,554,714 bytes
2026-09-13 14:15:36,194 [INFO] pipeline:     apc_de.csv: 470 bytes
2026-09-13 14:15:36,194 [INFO] pipeline:     scimagojr 2025 CO.csv: 57,736 bytes
2026-09-13 14:15:36,194 [INFO] pipeline: 
🥈 Silver:
2026-09-13 14:15:36,359 [INFO] pipeline:     doaj_clean.parquet: 23304 registros, 62 columnas
2026-09-13 14:15:36,375 [INFO] pipeline:     publindex_clean.parquet: 906 registros, 26 columnas
2026-09-13 14:15:36,385 [INFO] pipeline:     scimago_clean.parquet: 166 registros, 33 columnas
2026-09-13 14:15:36,386 [INFO] pipeline:     merge_log.csv: 1,215,319 bytes
2026-09-13 14:15:36,386 [INFO] pipeline: 
🥇 Gold:
2026-09-13 14:15:36,440 [INFO] pipeline:     catalogo_maestro_revistas.parquet: 906 registros, 109 columnas
2026-09-13 14:15:36,440 [INFO] pipeline:     catalogo_maestro_revistas.csv: 745,505 bytes
2026-09-13 14:15:36,459 [INFO] pipeline:     features_modelo.parquet: 906 registros, 22 columnas
2026-09-13 14:15:36,459 [INFO] pipeline: 
Duración total: 18.2 segundos
2026-09-13 14:15:36,460 [INFO] pipeline: Log guardado en: /home/vydi/recomendador_revistas/logs/pipeline_20260913_141518.log
2026-09-13 14:15:36,460 [INFO] pipeline: 
✓ Pipeline completado exitosamente.
