2026-09-13 16:50:18,031 [INFO] pipeline: ╔══════════════════════════════════════════════════════════╗
2026-09-13 16:50:18,032 [INFO] pipeline: ║  PIPELINE ETL — Recomendador de Revistas Científicas    ║
2026-09-13 16:50:18,032 [INFO] pipeline: ║  Versión: 1.0.0           Fecha: 2026-09-13 16:50:18       ║
2026-09-13 16:50:18,032 [INFO] pipeline: ╚══════════════════════════════════════════════════════════╝
2026-09-13 16:50:18,033 [INFO] pipeline: 
============================================================
2026-09-13 16:50:18,033 [INFO] pipeline: CAPA GOLD — Integración, Imputación y Matriz de Features
2026-09-13 16:50:18,033 [INFO] pipeline: ============================================================
2026-09-13 16:50:18,110 [INFO] merge_gold: ============================================================
2026-09-13 16:50:18,110 [INFO] merge_gold: INICIO: Consolidación Gold — Catálogo Maestro de Revistas
2026-09-13 16:50:18,110 [INFO] merge_gold: ============================================================
2026-09-13 16:50:18,217 [INFO] merge_gold:   publindex: 906 registros cargados desde publindex_clean.parquet
2026-09-13 16:50:18,238 [INFO] merge_gold:   scimago: 166 registros cargados desde scimago_clean.parquet
2026-09-13 16:50:18,364 [INFO] merge_gold:   doaj: 23304 registros cargados desde doaj_clean.parquet
2026-09-13 16:50:18,386 [INFO] merge_gold:   openapc: 12242 registros cargados desde openapc_clean.parquet
2026-09-13 16:50:18,387 [INFO] merge_gold: Base inicial (Publindex): 906 registros
2026-09-13 16:50:18,421 [INFO] merge_gold:   Cruce con scimago: 148 coincidencias por ISSN primario
2026-09-13 16:50:18,873 [INFO] merge_gold:   Cruce secundario por título con scimago: 17 matches adicionales
2026-09-13 16:50:18,973 [INFO] merge_gold:   Cruce con doaj: 323 coincidencias por ISSN primario
2026-09-13 16:50:39,654 [INFO] merge_gold:   Cruce secundario por título con doaj: 135 matches adicionales
2026-09-13 16:50:39,788 [INFO] merge_gold:   Cruce con openapc: 0 coincidencias por ISSN primario
2026-09-13 16:50:50,690 [INFO] merge_gold:   Cruce secundario por título con openapc: 37 matches adicionales
2026-09-13 16:50:50,706 [INFO] merge_gold: Resolviendo conflictos y precedencias...
2026-09-13 16:50:51,084 [INFO] merge_gold: Generando variables derivadas, imputación y transformaciones continuas...
2026-09-13 16:50:51,158 [INFO] merge_gold: Outliers detectados en APC (3*IQR): 1
2026-09-13 16:50:51,171 [INFO] normalize: Iniciando imputación condicional de APC para 858 registros faltantes...
2026-09-13 16:50:51,208 [INFO] normalize: Imputación por regresión condicional completada con éxito.
2026-09-13 16:50:51,352 [ERROR] pipeline:   ✗ Gold error: boolean value of NA is ambiguous
Traceback (most recent call last):
  File "/home/vydi/recomendador_revistas/codes/pipeline.py", line 252, in ejecutar_gold
    catalogo = merge_gold()
               ^^^^^^^^^^^^
  File "/home/vydi/recomendador_revistas/codes/merge_gold.py", line 406, in merge_gold
    catalogo = calcular_features_avanzadas(catalogo)
               ^^^^^^^^^^^^^^^^^^^^^^^^^^^^^^^^^^^^^
  File "/home/vydi/recomendador_revistas/codes/merge_gold.py", line 333, in calcular_features_avanzadas
    df["ratio_citas_docs"] = np.where(docs > 0, citas / docs, np.nan)
                             ^^^^^^^^^^^^^^^^^^^^^^^^^^^^^^^^^^^^^^^^
  File "pandas/_libs/missing.pyx", line 415, in pandas._libs.missing.NAType.__bool__
TypeError: boolean value of NA is ambiguous
2026-09-13 16:50:51,361 [INFO] pipeline: 
============================================================
2026-09-13 16:50:51,361 [INFO] pipeline: Duración total de ejecución: 33.33 segundos
2026-09-13 16:50:51,362 [INFO] pipeline: Log del pipeline registrado en: /home/vydi/recomendador_revistas/logs/pipeline_20260913_165018.log
2026-09-13 16:50:51,362 [INFO] pipeline: ============================================================
2026-09-13 16:50:51,362 [ERROR] pipeline: ✗ Pipeline finalizado con errores.
