2026-09-13 17:57:40,005 [INFO] pipeline: ╔══════════════════════════════════════════════════════════╗
2026-09-13 17:57:40,006 [INFO] pipeline: ║  PIPELINE ETL — Recomendador de Revistas Científicas    ║
2026-09-13 17:57:40,006 [INFO] pipeline: ║  Versión: 1.0.0           Fecha: 2026-09-13 17:57:40       ║
2026-09-13 17:57:40,007 [INFO] pipeline: ╚══════════════════════════════════════════════════════════╝
2026-09-13 17:57:40,007 [INFO] pipeline: 
============================================================
2026-09-13 17:57:40,007 [INFO] pipeline: CAPA GOLD — Integración, Imputación y Matriz de Features
2026-09-13 17:57:40,007 [INFO] pipeline: ============================================================
2026-09-13 17:57:40,038 [INFO] merge_gold: ============================================================
2026-09-13 17:57:40,038 [INFO] merge_gold: INICIO: Consolidación Gold — Catálogo Maestro de Revistas
2026-09-13 17:57:40,038 [INFO] merge_gold: ============================================================
2026-09-13 17:57:40,175 [INFO] merge_gold:   publindex: 906 registros cargados desde publindex_clean.parquet
2026-09-13 17:57:40,205 [INFO] merge_gold:   scimago: 166 registros cargados desde scimago_clean.parquet
2026-09-13 17:57:40,391 [INFO] merge_gold:   doaj: 23304 registros cargados desde doaj_clean.parquet
2026-09-13 17:57:40,419 [INFO] merge_gold:   facts: 12583 registros cargados desde facts_clean.parquet
2026-09-13 17:57:40,451 [INFO] merge_gold:   openapc: 12242 registros cargados desde openapc_clean.parquet
2026-09-13 17:57:40,453 [INFO] merge_gold: Base inicial (Publindex): 906 registros
2026-09-13 17:57:40,493 [INFO] merge_gold:   Cruce con scimago: 148 coincidencias por ISSN primario
2026-09-13 17:57:49,208 [INFO] merge_gold:   Cruce secundario por título con scimago: 189 matches adicionales
2026-09-13 17:57:49,367 [INFO] merge_gold:   Cruce con doaj: 323 coincidencias por ISSN primario
2026-09-13 18:29:20,150 [INFO] merge_gold:   Cruce secundario por título con doaj: 541 matches adicionales
2026-09-13 18:29:20,240 [INFO] merge_gold:   Cruce con facts: 0 coincidencias por ISSN primario
