2026-09-13 14:29:16,709 [INFO] pipeline: ╔══════════════════════════════════════════════════════════╗
2026-09-13 14:29:16,710 [INFO] pipeline: ║  PIPELINE ETL — Recomendador de Revistas Científicas    ║
2026-09-13 14:29:16,710 [INFO] pipeline: ║  Inicio: 2026-09-13 14:29:16                             ║
2026-09-13 14:29:16,710 [INFO] pipeline: ╚══════════════════════════════════════════════════════════╝
2026-09-13 14:29:16,710 [INFO] pipeline: ============================================================
2026-09-13 14:29:16,710 [INFO] pipeline: VALIDACIÓN BRONZE
2026-09-13 14:29:16,710 [INFO] pipeline: ============================================================
2026-09-13 14:29:16,744 [INFO] pipeline:   ✓ publindex: 6276 filas, 34 columnas, 2,708,275 bytes
2026-09-13 14:29:17,238 [INFO] pipeline:   ✓ doaj: 23305 filas, 52 columnas, 25,554,714 bytes
2026-09-13 14:29:17,243 [INFO] pipeline:   ✓ scimago: 166 filas, 26 columnas, 57,736 bytes
2026-09-13 14:29:17,576 [INFO] pipeline:   ✓ openapc: 268157 filas, 18 columnas, 66,143,808 bytes
2026-09-13 14:29:17,577 [INFO] pipeline: 
  Registro de validación: /home/vydi/recomendador_revistas/logs/bronze_validation.json
2026-09-13 14:29:17,582 [INFO] pipeline: 
============================================================
2026-09-13 14:29:17,582 [INFO] pipeline: CAPA SILVER — Limpieza y normalización
2026-09-13 14:29:17,582 [INFO] pipeline: ============================================================
2026-09-13 14:29:17,582 [INFO] pipeline: 
── Procesando Publindex ──
2026-09-13 14:29:17,609 [INFO] etl_publindex: Leyendo CSV bronce: /home/vydi/recomendador_revistas/data/bronze/Revistas_Indexadas,_Índice_Nacional_Publindex_20260910.csv
2026-09-13 14:29:17,754 [INFO] etl_publindex: Filas leídas: 6276 | Columnas: 34
2026-09-13 14:29:17,755 [INFO] etl_publindex: Normalizando campos ISSN...
2026-09-13 14:29:17,862 [WARNING] etl_publindex:   TXT_ISSN_P: 22 ISSN con checksum inválido de 6169 no nulos
2026-09-13 14:29:17,871 [WARNING] etl_publindex:   TXT_ISSN_E: 18 ISSN con checksum inválido de 1432 no nulos
2026-09-13 14:29:17,875 [INFO] etl_publindex: Calculando ISSN canónico (prioridad: ISSN-L > print > electronic)...
2026-09-13 14:29:19,789 [INFO] etl_publindex: Filas sin ISSN válido: 0 (serán eliminadas)
2026-09-13 14:29:19,792 [INFO] etl_publindex: Normalizando títulos...
2026-09-13 14:29:19,879 [INFO] etl_publindex: Limpiando año de clasificación (NRO_ANO)...
2026-09-13 14:29:19,890 [INFO] etl_publindex: Normalizando país a código ISO...
2026-09-13 14:29:19,902 [INFO] etl_publindex: Renombrando columnas a esquema silver...
2026-09-13 14:29:19,908 [INFO] etl_publindex: Deduplicando por issn_normalizado (conservar año más reciente)...
2026-09-13 14:29:19,962 [INFO] etl_publindex:   Duplicados removidos: 5370 | Filas tras deduplicación: 906
2026-09-13 14:29:19,962 [INFO] etl_publindex: Agregando metadatos de trazabilidad...
2026-09-13 14:29:19,966 [INFO] etl_publindex: Calculando hash de registro...
2026-09-13 14:29:19,998 [INFO] etl_publindex: Escribiendo parquet silver: /home/vydi/recomendador_revistas/data/silver/publindex_clean.parquet
2026-09-13 14:29:20,051 [INFO] etl_publindex: ════════════════════════════════════════════════════════════
2026-09-13 14:29:20,051 [INFO] etl_publindex: RESUMEN ETL PUBLINDEX
2026-09-13 14:29:20,051 [INFO] etl_publindex: ════════════════════════════════════════════════════════════
2026-09-13 14:29:20,052 [INFO] etl_publindex:   Filas entrada       : 6276
2026-09-13 14:29:20,052 [INFO] etl_publindex:   Sin ISSN (eliminadas): 0
2026-09-13 14:29:20,052 [INFO] etl_publindex:   Duplicados removidos : 5370
2026-09-13 14:29:20,052 [INFO] etl_publindex:   Filas salida         : 906
2026-09-13 14:29:20,053 [INFO] etl_publindex:   Nulos en issn_normalizado         :     0 (  0.0%)
2026-09-13 14:29:20,053 [INFO] etl_publindex:   Nulos en titulo                   :     0 (  0.0%)
2026-09-13 14:29:20,054 [INFO] etl_publindex:   Nulos en titulo_normalizado       :     0 (  0.0%)
2026-09-13 14:29:20,054 [INFO] etl_publindex:   Nulos en anio_clasificacion       :     0 (  0.0%)
2026-09-13 14:29:20,054 [INFO] etl_publindex:   Nulos en categoria_publindex      :     0 (  0.0%)
2026-09-13 14:29:20,055 [INFO] etl_publindex:   Nulos en pais_iso                 :    86 (  9.5%)
2026-09-13 14:29:20,057 [INFO] etl_publindex:   Distribución de categorías:
2026-09-13 14:29:20,057 [INFO] etl_publindex:     C    : 551
2026-09-13 14:29:20,058 [INFO] etl_publindex:     B    : 299
2026-09-13 14:29:20,058 [INFO] etl_publindex:     A2   : 45
2026-09-13 14:29:20,058 [INFO] etl_publindex:     A1   : 11
2026-09-13 14:29:20,058 [INFO] etl_publindex: ════════════════════════════════════════════════════════════
2026-09-13 14:29:20,058 [INFO] pipeline:   ✓ Publindex: 906 registros procesados
2026-09-13 14:29:20,058 [INFO] pipeline: 
── Procesando DOAJ ──
2026-09-13 14:29:20,059 [INFO] etl_doaj: Leyendo archivo DOAJ: /home/vydi/recomendador_revistas/data/bronze/doaj_journalcsv_20260812_2320_utf8.csv
2026-09-13 14:29:21,291 [INFO] etl_doaj:   CSV leído: 23305 filas × 52 columnas
2026-09-13 14:29:21,298 [INFO] etl_doaj:   Columnas renombradas: 31 de 31 mapeadas
2026-09-13 14:29:30,823 [INFO] etl_doaj:   ISSN normalizados — nulos: 0 (0.0%)
2026-09-13 14:29:31,088 [INFO] etl_doaj:   Títulos normalizados — nulos: 7
2026-09-13 14:29:31,151 [INFO] etl_doaj:   Países normalizados — nulos: 3668
2026-09-13 14:29:31,443 [WARNING] normalize: Moneda no reconocida: YER
2026-09-13 14:29:31,444 [WARNING] normalize: Moneda no reconocida: IRR
2026-09-13 14:29:31,444 [WARNING] normalize: Moneda no reconocida: IRR
2026-09-13 14:29:31,445 [WARNING] normalize: Moneda no reconocida: SYP
2026-09-13 14:29:31,446 [WARNING] normalize: Moneda no reconocida: XOF
2026-09-13 14:29:31,446 [WARNING] normalize: Moneda no reconocida: IRR
2026-09-13 14:29:31,448 [WARNING] normalize: Moneda no reconocida: IRR
2026-09-13 14:29:31,448 [WARNING] normalize: Moneda no reconocida: IQD
2026-09-13 14:29:31,449 [WARNING] normalize: Moneda no reconocida: IQD
2026-09-13 14:29:31,450 [WARNING] normalize: Moneda no reconocida: IRR
2026-09-13 14:29:31,450 [WARNING] normalize: Moneda no reconocida: IRR
2026-09-13 14:29:31,451 [WARNING] normalize: Moneda no reconocida: IRR
2026-09-13 14:29:31,451 [WARNING] normalize: Moneda no reconocida: IRR
2026-09-13 14:29:31,451 [WARNING] normalize: Moneda no reconocida: IRR
2026-09-13 14:29:31,451 [WARNING] normalize: Moneda no reconocida: IRR
2026-09-13 14:29:31,451 [WARNING] normalize: Moneda no reconocida: KZT
2026-09-13 14:29:31,452 [WARNING] normalize: Moneda no reconocida: IRR
2026-09-13 14:29:31,452 [WARNING] normalize: Moneda no reconocida: IRR
2026-09-13 14:29:31,453 [WARNING] normalize: Moneda no reconocida: IRR
2026-09-13 14:29:31,453 [WARNING] normalize: Moneda no reconocida: IRR
2026-09-13 14:29:31,454 [WARNING] normalize: Moneda no reconocida: NPR
2026-09-13 14:29:31,454 [WARNING] normalize: Moneda no reconocida: IRR
2026-09-13 14:29:31,454 [WARNING] normalize: Moneda no reconocida: IRR
2026-09-13 14:29:31,455 [WARNING] normalize: Moneda no reconocida: IRR
2026-09-13 14:29:31,455 [WARNING] normalize: Moneda no reconocida: IRR
2026-09-13 14:29:31,455 [WARNING] normalize: Moneda no reconocida: IRR
2026-09-13 14:29:31,456 [WARNING] normalize: Moneda no reconocida: IRR
2026-09-13 14:29:31,456 [WARNING] normalize: Moneda no reconocida: IRR
2026-09-13 14:29:31,457 [WARNING] normalize: Moneda no reconocida: IRR
2026-09-13 14:29:31,457 [WARNING] normalize: Moneda no reconocida: IRR
2026-09-13 14:29:31,457 [WARNING] normalize: Moneda no reconocida: IRR
2026-09-13 14:29:31,457 [WARNING] normalize: Moneda no reconocida: XOF
2026-09-13 14:29:31,457 [WARNING] normalize: Moneda no reconocida: IRR
2026-09-13 14:29:31,458 [WARNING] normalize: Moneda no reconocida: IRR
2026-09-13 14:29:31,458 [WARNING] normalize: Moneda no reconocida: IRR
2026-09-13 14:29:31,458 [WARNING] normalize: Moneda no reconocida: IRR
2026-09-13 14:29:31,459 [WARNING] normalize: Moneda no reconocida: IRR
2026-09-13 14:29:31,460 [WARNING] normalize: Moneda no reconocida: IRR
2026-09-13 14:29:31,460 [WARNING] normalize: Moneda no reconocida: IRR
2026-09-13 14:29:31,461 [WARNING] normalize: Moneda no reconocida: IRR
2026-09-13 14:29:31,461 [WARNING] normalize: Moneda no reconocida: IRR
2026-09-13 14:29:31,462 [WARNING] normalize: Moneda no reconocida: IRR
2026-09-13 14:29:31,463 [WARNING] normalize: Moneda no reconocida: IRR
2026-09-13 14:29:31,464 [WARNING] normalize: Moneda no reconocida: IRR
2026-09-13 14:29:31,464 [WARNING] normalize: Moneda no reconocida: IRR
2026-09-13 14:29:31,464 [WARNING] normalize: Moneda no reconocida: IRR
2026-09-13 14:29:31,465 [WARNING] normalize: Moneda no reconocida: IQD
2026-09-13 14:29:31,467 [WARNING] normalize: Moneda no reconocida: IRR
2026-09-13 14:29:31,467 [WARNING] normalize: Moneda no reconocida: IRR
2026-09-13 14:29:31,468 [WARNING] normalize: Moneda no reconocida: IRR
2026-09-13 14:29:31,468 [WARNING] normalize: Moneda no reconocida: IRR
2026-09-13 14:29:31,468 [WARNING] normalize: Moneda no reconocida: IRR
2026-09-13 14:29:31,469 [WARNING] normalize: Moneda no reconocida: IQD
2026-09-13 14:29:31,469 [WARNING] normalize: Moneda no reconocida: IRR
2026-09-13 14:29:31,469 [WARNING] normalize: Moneda no reconocida: IRR
2026-09-13 14:29:31,470 [WARNING] normalize: Moneda no reconocida: IRR
2026-09-13 14:29:31,471 [WARNING] normalize: Moneda no reconocida: IRR
2026-09-13 14:29:31,472 [WARNING] normalize: Moneda no reconocida: IRR
2026-09-13 14:29:31,473 [WARNING] normalize: Moneda no reconocida: IRR
2026-09-13 14:29:31,474 [WARNING] normalize: Moneda no reconocida: IRR
2026-09-13 14:29:31,474 [WARNING] normalize: Moneda no reconocida: IQD
2026-09-13 14:29:31,476 [WARNING] normalize: Moneda no reconocida: SYP
2026-09-13 14:29:31,476 [WARNING] normalize: Moneda no reconocida: IQD
2026-09-13 14:29:31,476 [WARNING] normalize: Moneda no reconocida: IRR
2026-09-13 14:29:31,482 [WARNING] normalize: Moneda no reconocida: XAF
2026-09-13 14:29:31,483 [WARNING] normalize: Moneda no reconocida: IRR
2026-09-13 14:29:31,483 [WARNING] normalize: Moneda no reconocida: IQD
2026-09-13 14:29:31,484 [WARNING] normalize: Moneda no reconocida: IRR
2026-09-13 14:29:31,484 [WARNING] normalize: Moneda no reconocida: IRR
2026-09-13 14:29:31,485 [WARNING] normalize: Moneda no reconocida: IRR
2026-09-13 14:29:31,485 [WARNING] normalize: Moneda no reconocida: MAD
2026-09-13 14:29:31,485 [WARNING] normalize: Moneda no reconocida: IRR
2026-09-13 14:29:31,488 [WARNING] normalize: Moneda no reconocida: IRR
2026-09-13 14:29:31,488 [WARNING] normalize: Moneda no reconocida: IRR
2026-09-13 14:29:31,494 [WARNING] normalize: Moneda no reconocida: IRR
2026-09-13 14:29:31,495 [WARNING] normalize: Moneda no reconocida: IRR
2026-09-13 14:29:31,495 [WARNING] normalize: Moneda no reconocida: IRR
2026-09-13 14:29:31,497 [WARNING] normalize: Moneda no reconocida: IQD
2026-09-13 14:29:31,497 [WARNING] normalize: Moneda no reconocida: IRR
2026-09-13 14:29:31,498 [WARNING] normalize: Moneda no reconocida: IRR
2026-09-13 14:29:31,498 [WARNING] normalize: Moneda no reconocida: IRR
2026-09-13 14:29:31,499 [WARNING] normalize: Moneda no reconocida: IRR
2026-09-13 14:29:31,499 [WARNING] normalize: Moneda no reconocida: IRR
2026-09-13 14:29:31,499 [WARNING] normalize: Moneda no reconocida: IQD
2026-09-13 14:29:31,501 [WARNING] normalize: Moneda no reconocida: IRR
2026-09-13 14:29:31,501 [WARNING] normalize: Moneda no reconocida: IRR
2026-09-13 14:29:31,502 [WARNING] normalize: Moneda no reconocida: IRR
2026-09-13 14:29:31,504 [WARNING] normalize: Moneda no reconocida: IRR
2026-09-13 14:29:31,506 [WARNING] normalize: Moneda no reconocida: IRR
2026-09-13 14:29:31,509 [WARNING] normalize: Moneda no reconocida: IRR
2026-09-13 14:29:31,510 [WARNING] normalize: Moneda no reconocida: IRR
2026-09-13 14:29:31,513 [WARNING] normalize: Moneda no reconocida: IRR
2026-09-13 14:29:31,516 [WARNING] normalize: Moneda no reconocida: IRR
2026-09-13 14:29:31,520 [WARNING] normalize: Moneda no reconocida: IRR
2026-09-13 14:29:31,521 [WARNING] normalize: Moneda no reconocida: IRR
2026-09-13 14:29:31,523 [WARNING] normalize: Moneda no reconocida: IRR
2026-09-13 14:29:31,527 [WARNING] normalize: Moneda no reconocida: IQD
2026-09-13 14:29:31,528 [WARNING] normalize: Moneda no reconocida: IQD
2026-09-13 14:29:31,531 [WARNING] normalize: Moneda no reconocida: IRR
2026-09-13 14:29:31,532 [WARNING] normalize: Moneda no reconocida: IRR
2026-09-13 14:29:31,534 [WARNING] normalize: Moneda no reconocida: IQD
2026-09-13 14:29:31,538 [WARNING] normalize: Moneda no reconocida: IRR
2026-09-13 14:29:31,538 [WARNING] normalize: Moneda no reconocida: SYP
2026-09-13 14:29:31,539 [WARNING] normalize: Moneda no reconocida: SYP
2026-09-13 14:29:31,539 [WARNING] normalize: Moneda no reconocida: IRR
2026-09-13 14:29:31,545 [WARNING] normalize: Moneda no reconocida: IRR
2026-09-13 14:29:31,552 [WARNING] normalize: Moneda no reconocida: IRR
2026-09-13 14:29:31,553 [WARNING] normalize: Moneda no reconocida: IRR
2026-09-13 14:29:31,554 [WARNING] normalize: Moneda no reconocida: IQD
2026-09-13 14:29:31,555 [WARNING] normalize: Moneda no reconocida: IRR
2026-09-13 14:29:31,556 [WARNING] normalize: Moneda no reconocida: IRR
2026-09-13 14:29:31,557 [WARNING] normalize: Moneda no reconocida: IRR
2026-09-13 14:29:31,558 [WARNING] normalize: Moneda no reconocida: IRR
2026-09-13 14:29:31,558 [WARNING] normalize: Moneda no reconocida: IRR
2026-09-13 14:29:31,560 [WARNING] normalize: Moneda no reconocida: KZT
2026-09-13 14:29:31,560 [WARNING] normalize: Moneda no reconocida: IRR
2026-09-13 14:29:31,561 [WARNING] normalize: Moneda no reconocida: IRR
2026-09-13 14:29:31,563 [WARNING] normalize: Moneda no reconocida: IRR
2026-09-13 14:29:31,563 [WARNING] normalize: Moneda no reconocida: IRR
2026-09-13 14:29:31,563 [WARNING] normalize: Moneda no reconocida: IRR
2026-09-13 14:29:31,564 [WARNING] normalize: Moneda no reconocida: IRR
2026-09-13 14:29:31,566 [WARNING] normalize: Moneda no reconocida: IRR
2026-09-13 14:29:31,566 [WARNING] normalize: Moneda no reconocida: IRR
2026-09-13 14:29:31,567 [WARNING] normalize: Moneda no reconocida: IRR
2026-09-13 14:29:31,567 [WARNING] normalize: Moneda no reconocida: IRR
2026-09-13 14:29:31,568 [WARNING] normalize: Moneda no reconocida: IRR
2026-09-13 14:29:31,568 [WARNING] normalize: Moneda no reconocida: XOF
2026-09-13 14:29:31,569 [WARNING] normalize: Moneda no reconocida: IRR
2026-09-13 14:29:31,571 [WARNING] normalize: Moneda no reconocida: IRR
2026-09-13 14:29:31,571 [WARNING] normalize: Moneda no reconocida: KZT
2026-09-13 14:29:31,572 [WARNING] normalize: Moneda no reconocida: KZT
2026-09-13 14:29:31,572 [WARNING] normalize: Moneda no reconocida: KZT
2026-09-13 14:29:31,572 [WARNING] normalize: Moneda no reconocida: KZT
2026-09-13 14:29:31,573 [WARNING] normalize: Moneda no reconocida: IRR
2026-09-13 14:29:31,574 [WARNING] normalize: Moneda no reconocida: IRR
2026-09-13 14:29:31,575 [WARNING] normalize: Moneda no reconocida: IRR
2026-09-13 14:29:31,575 [WARNING] normalize: Moneda no reconocida: IQD
2026-09-13 14:29:31,576 [WARNING] normalize: Moneda no reconocida: IRR
2026-09-13 14:29:31,577 [WARNING] normalize: Moneda no reconocida: IRR
2026-09-13 14:29:31,578 [WARNING] normalize: Moneda no reconocida: IRR
2026-09-13 14:29:31,580 [WARNING] normalize: Moneda no reconocida: IQD
2026-09-13 14:29:31,581 [WARNING] normalize: Moneda no reconocida: IRR
2026-09-13 14:29:31,581 [WARNING] normalize: Moneda no reconocida: IRR
2026-09-13 14:29:31,582 [WARNING] normalize: Moneda no reconocida: KZT
2026-09-13 14:29:31,583 [WARNING] normalize: Moneda no reconocida: IRR
2026-09-13 14:29:31,583 [WARNING] normalize: Moneda no reconocida: IRR
2026-09-13 14:29:31,584 [WARNING] normalize: Moneda no reconocida: IRR
2026-09-13 14:29:31,584 [WARNING] normalize: Moneda no reconocida: IRR
2026-09-13 14:29:31,585 [WARNING] normalize: Moneda no reconocida: IRR
2026-09-13 14:29:31,586 [WARNING] normalize: Moneda no reconocida: IQD
2026-09-13 14:29:31,587 [WARNING] normalize: Moneda no reconocida: IRR
2026-09-13 14:29:31,588 [WARNING] normalize: Moneda no reconocida: IRR
2026-09-13 14:29:31,588 [WARNING] normalize: Moneda no reconocida: IRR
2026-09-13 14:29:31,589 [WARNING] normalize: Moneda no reconocida: IRR
2026-09-13 14:29:31,591 [WARNING] normalize: Moneda no reconocida: IRR
2026-09-13 14:29:31,591 [WARNING] normalize: Moneda no reconocida: IQD
2026-09-13 14:29:31,594 [WARNING] normalize: Moneda no reconocida: IQD
2026-09-13 14:29:31,594 [WARNING] normalize: Moneda no reconocida: IRR
2026-09-13 14:29:31,595 [WARNING] normalize: Moneda no reconocida: IRR
2026-09-13 14:29:31,596 [WARNING] normalize: Moneda no reconocida: IRR
2026-09-13 14:29:31,597 [WARNING] normalize: Moneda no reconocida: IRR
2026-09-13 14:29:31,597 [WARNING] normalize: Moneda no reconocida: IRR
2026-09-13 14:29:31,598 [WARNING] normalize: Moneda no reconocida: IRR
2026-09-13 14:29:31,599 [WARNING] normalize: Moneda no reconocida: IQD
2026-09-13 14:29:31,599 [WARNING] normalize: Moneda no reconocida: IQD
2026-09-13 14:29:31,600 [WARNING] normalize: Moneda no reconocida: IRR
2026-09-13 14:29:31,602 [WARNING] normalize: Moneda no reconocida: IRR
2026-09-13 14:29:31,603 [WARNING] normalize: Moneda no reconocida: IQD
2026-09-13 14:29:31,603 [WARNING] normalize: Moneda no reconocida: IQD
2026-09-13 14:29:31,603 [WARNING] normalize: Moneda no reconocida: VND
2026-09-13 14:29:31,604 [WARNING] normalize: Moneda no reconocida: IRR
2026-09-13 14:29:31,604 [WARNING] normalize: Moneda no reconocida: IRR
2026-09-13 14:29:31,605 [WARNING] normalize: Moneda no reconocida: IQD
2026-09-13 14:29:31,608 [WARNING] normalize: Moneda no reconocida: IRR
2026-09-13 14:29:31,609 [WARNING] normalize: Moneda no reconocida: IRR
2026-09-13 14:29:31,609 [WARNING] normalize: Moneda no reconocida: IRR
2026-09-13 14:29:31,610 [WARNING] normalize: Moneda no reconocida: IRR
2026-09-13 14:29:31,613 [WARNING] normalize: Moneda no reconocida: KZT
2026-09-13 14:29:31,620 [WARNING] normalize: Moneda no reconocida: IRR
2026-09-13 14:29:31,620 [WARNING] normalize: Moneda no reconocida: IRR
2026-09-13 14:29:31,620 [WARNING] normalize: Moneda no reconocida: IRR
2026-09-13 14:29:31,621 [WARNING] normalize: Moneda no reconocida: IRR
2026-09-13 14:29:31,621 [WARNING] normalize: Moneda no reconocida: IRR
2026-09-13 14:29:31,623 [WARNING] normalize: Moneda no reconocida: IRR
2026-09-13 14:29:31,624 [WARNING] normalize: Moneda no reconocida: IRR
2026-09-13 14:29:31,624 [WARNING] normalize: Moneda no reconocida: IQD
2026-09-13 14:29:31,625 [WARNING] normalize: Moneda no reconocida: IRR
2026-09-13 14:29:31,625 [WARNING] normalize: Moneda no reconocida: KZT
2026-09-13 14:29:31,625 [WARNING] normalize: Moneda no reconocida: IRR
2026-09-13 14:29:31,625 [WARNING] normalize: Moneda no reconocida: IRR
2026-09-13 14:29:31,626 [WARNING] normalize: Moneda no reconocida: IRR
2026-09-13 14:29:31,627 [WARNING] normalize: Moneda no reconocida: KZT
2026-09-13 14:29:31,627 [WARNING] normalize: Moneda no reconocida: IRR
2026-09-13 14:29:31,628 [WARNING] normalize: Moneda no reconocida: IRR
2026-09-13 14:29:31,628 [WARNING] normalize: Moneda no reconocida: IRR
2026-09-13 14:29:31,629 [WARNING] normalize: Moneda no reconocida: IRR
2026-09-13 14:29:31,631 [WARNING] normalize: Moneda no reconocida: IRR
2026-09-13 14:29:31,632 [WARNING] normalize: Moneda no reconocida: IRR
2026-09-13 14:29:31,632 [WARNING] normalize: Moneda no reconocida: IRR
2026-09-13 14:29:31,633 [WARNING] normalize: Moneda no reconocida: IRR
2026-09-13 14:29:31,634 [WARNING] normalize: Moneda no reconocida: IQD
2026-09-13 14:29:31,634 [WARNING] normalize: Moneda no reconocida: IRR
2026-09-13 14:29:31,635 [WARNING] normalize: Moneda no reconocida: IQD
2026-09-13 14:29:31,635 [WARNING] normalize: Moneda no reconocida: IQD
2026-09-13 14:29:31,636 [WARNING] normalize: Moneda no reconocida: IRR
2026-09-13 14:29:31,637 [WARNING] normalize: Moneda no reconocida: IRR
2026-09-13 14:29:31,637 [WARNING] normalize: Moneda no reconocida: IRR
2026-09-13 14:29:31,638 [WARNING] normalize: Moneda no reconocida: IRR
2026-09-13 14:29:31,638 [WARNING] normalize: Moneda no reconocida: XOF
2026-09-13 14:29:31,639 [WARNING] normalize: Moneda no reconocida: IRR
2026-09-13 14:29:31,640 [WARNING] normalize: Moneda no reconocida: IRR
2026-09-13 14:29:31,640 [WARNING] normalize: Moneda no reconocida: IRR
2026-09-13 14:29:31,640 [WARNING] normalize: Moneda no reconocida: IRR
2026-09-13 14:29:31,641 [WARNING] normalize: Moneda no reconocida: IRR
2026-09-13 14:29:31,641 [WARNING] normalize: Moneda no reconocida: IRR
2026-09-13 14:29:31,642 [WARNING] normalize: Moneda no reconocida: IRR
2026-09-13 14:29:31,645 [WARNING] normalize: Moneda no reconocida: IRR
2026-09-13 14:29:31,646 [WARNING] normalize: Moneda no reconocida: MAD
2026-09-13 14:29:31,647 [WARNING] normalize: Moneda no reconocida: IRR
2026-09-13 14:29:31,647 [WARNING] normalize: Moneda no reconocida: IQD
2026-09-13 14:29:31,648 [WARNING] normalize: Moneda no reconocida: IRR
2026-09-13 14:29:31,649 [WARNING] normalize: Moneda no reconocida: IQD
2026-09-13 14:29:31,649 [WARNING] normalize: Moneda no reconocida: IRR
2026-09-13 14:29:31,650 [WARNING] normalize: Moneda no reconocida: IRR
2026-09-13 14:29:31,651 [WARNING] normalize: Moneda no reconocida: IRR
2026-09-13 14:29:31,651 [WARNING] normalize: Moneda no reconocida: IRR
2026-09-13 14:29:31,653 [WARNING] normalize: Moneda no reconocida: IRR
2026-09-13 14:29:31,653 [WARNING] normalize: Moneda no reconocida: IRR
2026-09-13 14:29:31,655 [WARNING] normalize: Moneda no reconocida: NPR
2026-09-13 14:29:31,656 [WARNING] normalize: Moneda no reconocida: IQD
2026-09-13 14:29:31,657 [WARNING] normalize: Moneda no reconocida: XOF
2026-09-13 14:29:31,658 [WARNING] normalize: Moneda no reconocida: IRR
2026-09-13 14:29:31,658 [WARNING] normalize: Moneda no reconocida: IQD
2026-09-13 14:29:31,659 [WARNING] normalize: Moneda no reconocida: IRR
2026-09-13 14:29:31,660 [WARNING] normalize: Moneda no reconocida: IRR
2026-09-13 14:29:31,661 [WARNING] normalize: Moneda no reconocida: IRR
2026-09-13 14:29:31,661 [WARNING] normalize: Moneda no reconocida: IRR
2026-09-13 14:29:31,661 [WARNING] normalize: Moneda no reconocida: IRR
2026-09-13 14:29:31,662 [WARNING] normalize: Moneda no reconocida: IRR
2026-09-13 14:29:31,662 [WARNING] normalize: Moneda no reconocida: IRR
2026-09-13 14:29:31,662 [WARNING] normalize: Moneda no reconocida: IRR
2026-09-13 14:29:31,662 [WARNING] normalize: Moneda no reconocida: IRR
2026-09-13 14:29:31,663 [WARNING] normalize: Moneda no reconocida: IRR
2026-09-13 14:29:31,663 [WARNING] normalize: Moneda no reconocida: IQD
2026-09-13 14:29:31,663 [WARNING] normalize: Moneda no reconocida: IRR
2026-09-13 14:29:31,664 [WARNING] normalize: Moneda no reconocida: IRR
2026-09-13 14:29:31,666 [WARNING] normalize: Moneda no reconocida: IRR
2026-09-13 14:29:31,666 [WARNING] normalize: Moneda no reconocida: IRR
2026-09-13 14:29:31,667 [WARNING] normalize: Moneda no reconocida: IQD
2026-09-13 14:29:31,667 [WARNING] normalize: Moneda no reconocida: IQD
2026-09-13 14:29:31,668 [WARNING] normalize: Moneda no reconocida: IQD
2026-09-13 14:29:31,668 [WARNING] normalize: Moneda no reconocida: IRR
2026-09-13 14:29:31,669 [WARNING] normalize: Moneda no reconocida: IRR
2026-09-13 14:29:31,670 [WARNING] normalize: Moneda no reconocida: IRR
2026-09-13 14:29:31,670 [WARNING] normalize: Moneda no reconocida: IQD
2026-09-13 14:29:31,670 [WARNING] normalize: Moneda no reconocida: IRR
2026-09-13 14:29:31,672 [WARNING] normalize: Moneda no reconocida: IRR
2026-09-13 14:29:31,673 [WARNING] normalize: Moneda no reconocida: IRR
2026-09-13 14:29:31,673 [WARNING] normalize: Moneda no reconocida: XOF
2026-09-13 14:29:31,673 [WARNING] normalize: Moneda no reconocida: IRR
2026-09-13 14:29:31,674 [WARNING] normalize: Moneda no reconocida: IRR
2026-09-13 14:29:31,674 [WARNING] normalize: Moneda no reconocida: IRR
2026-09-13 14:29:31,674 [WARNING] normalize: Moneda no reconocida: IRR
2026-09-13 14:29:31,675 [WARNING] normalize: Moneda no reconocida: IRR
2026-09-13 14:29:31,676 [WARNING] normalize: Moneda no reconocida: IRR
2026-09-13 14:29:31,678 [WARNING] normalize: Moneda no reconocida: IRR
2026-09-13 14:29:31,678 [WARNING] normalize: Moneda no reconocida: IRR
2026-09-13 14:29:31,679 [WARNING] normalize: Moneda no reconocida: IRR
2026-09-13 14:29:31,680 [WARNING] normalize: Moneda no reconocida: IRR
2026-09-13 14:29:31,680 [WARNING] normalize: Moneda no reconocida: IRR
2026-09-13 14:29:31,681 [WARNING] normalize: Moneda no reconocida: IQD
2026-09-13 14:29:31,681 [WARNING] normalize: Moneda no reconocida: IRR
2026-09-13 14:29:31,682 [WARNING] normalize: Moneda no reconocida: IRR
2026-09-13 14:29:31,682 [WARNING] normalize: Moneda no reconocida: YER
2026-09-13 14:29:31,686 [WARNING] normalize: Moneda no reconocida: IRR
2026-09-13 14:29:31,686 [WARNING] normalize: Moneda no reconocida: IRR
2026-09-13 14:29:31,688 [WARNING] normalize: Moneda no reconocida: IRR
2026-09-13 14:29:31,690 [WARNING] normalize: Moneda no reconocida: IRR
2026-09-13 14:29:31,690 [WARNING] normalize: Moneda no reconocida: YER
2026-09-13 14:29:31,690 [WARNING] normalize: Moneda no reconocida: IRR
2026-09-13 14:29:31,690 [WARNING] normalize: Moneda no reconocida: IRR
2026-09-13 14:29:31,691 [WARNING] normalize: Moneda no reconocida: VND
2026-09-13 14:29:31,691 [WARNING] normalize: Moneda no reconocida: IRR
2026-09-13 14:29:31,691 [WARNING] normalize: Moneda no reconocida: IRR
2026-09-13 14:29:31,692 [WARNING] normalize: Moneda no reconocida: IRR
2026-09-13 14:29:31,692 [WARNING] normalize: Moneda no reconocida: IRR
2026-09-13 14:29:31,692 [WARNING] normalize: Moneda no reconocida: IRR
2026-09-13 14:29:31,692 [WARNING] normalize: Moneda no reconocida: IRR
2026-09-13 14:29:31,693 [WARNING] normalize: Moneda no reconocida: IRR
2026-09-13 14:29:31,694 [WARNING] normalize: Moneda no reconocida: IRR
2026-09-13 14:29:31,695 [WARNING] normalize: Moneda no reconocida: IRR
2026-09-13 14:29:31,695 [WARNING] normalize: Moneda no reconocida: IRR
2026-09-13 14:29:31,699 [WARNING] normalize: Moneda no reconocida: LYD
2026-09-13 14:29:31,702 [WARNING] normalize: Moneda no reconocida: IRR
2026-09-13 14:29:31,704 [WARNING] normalize: Moneda no reconocida: IRR
2026-09-13 14:29:31,705 [WARNING] normalize: Moneda no reconocida: IQD
2026-09-13 14:29:31,706 [WARNING] normalize: Moneda no reconocida: IRR
2026-09-13 14:29:31,708 [WARNING] normalize: Moneda no reconocida: IRR
2026-09-13 14:29:31,708 [WARNING] normalize: Moneda no reconocida: IRR
2026-09-13 14:29:31,709 [WARNING] normalize: Moneda no reconocida: IRR
2026-09-13 14:29:31,710 [WARNING] normalize: Moneda no reconocida: IRR
2026-09-13 14:29:31,710 [WARNING] normalize: Moneda no reconocida: IQD
2026-09-13 14:29:31,711 [WARNING] normalize: Moneda no reconocida: IRR
2026-09-13 14:29:31,711 [WARNING] normalize: Moneda no reconocida: IRR
2026-09-13 14:29:31,713 [WARNING] normalize: Moneda no reconocida: IRR
2026-09-13 14:29:31,713 [WARNING] normalize: Moneda no reconocida: IRR
2026-09-13 14:29:31,714 [WARNING] normalize: Moneda no reconocida: IQD
2026-09-13 14:29:31,714 [WARNING] normalize: Moneda no reconocida: IRR
2026-09-13 14:29:31,715 [WARNING] normalize: Moneda no reconocida: IRR
2026-09-13 14:29:31,715 [WARNING] normalize: Moneda no reconocida: VND
2026-09-13 14:29:31,716 [WARNING] normalize: Moneda no reconocida: IRR
2026-09-13 14:29:31,716 [WARNING] normalize: Moneda no reconocida: IRR
2026-09-13 14:29:31,716 [WARNING] normalize: Moneda no reconocida: IRR
2026-09-13 14:29:31,718 [WARNING] normalize: Moneda no reconocida: IRR
2026-09-13 14:29:31,719 [WARNING] normalize: Moneda no reconocida: IRR
2026-09-13 14:29:31,722 [WARNING] normalize: Moneda no reconocida: IRR
2026-09-13 14:29:31,723 [WARNING] normalize: Moneda no reconocida: IRR
2026-09-13 14:29:31,725 [WARNING] normalize: Moneda no reconocida: IRR
2026-09-13 14:29:31,726 [WARNING] normalize: Moneda no reconocida: IRR
2026-09-13 14:29:31,727 [WARNING] normalize: Moneda no reconocida: IRR
2026-09-13 14:29:31,728 [WARNING] normalize: Moneda no reconocida: IRR
2026-09-13 14:29:31,731 [WARNING] normalize: Moneda no reconocida: IRR
2026-09-13 14:29:31,731 [WARNING] normalize: Moneda no reconocida: IQD
2026-09-13 14:29:31,732 [WARNING] normalize: Moneda no reconocida: IRR
2026-09-13 14:29:31,732 [WARNING] normalize: Moneda no reconocida: IQD
2026-09-13 14:29:31,733 [WARNING] normalize: Moneda no reconocida: IRR
2026-09-13 14:29:31,734 [WARNING] normalize: Moneda no reconocida: IRR
2026-09-13 14:29:31,735 [WARNING] normalize: Moneda no reconocida: IRR
2026-09-13 14:29:31,735 [WARNING] normalize: Moneda no reconocida: IRR
2026-09-13 14:29:31,735 [WARNING] normalize: Moneda no reconocida: SYP
2026-09-13 14:29:31,739 [WARNING] normalize: Moneda no reconocida: IRR
2026-09-13 14:29:31,740 [WARNING] normalize: Moneda no reconocida: IQD
2026-09-13 14:29:31,741 [WARNING] normalize: Moneda no reconocida: IRR
2026-09-13 14:29:31,741 [WARNING] normalize: Moneda no reconocida: IRR
2026-09-13 14:29:31,743 [WARNING] normalize: Moneda no reconocida: IRR
2026-09-13 14:29:31,745 [WARNING] normalize: Moneda no reconocida: IRR
2026-09-13 14:29:31,747 [WARNING] normalize: Moneda no reconocida: IQD
2026-09-13 14:29:31,747 [WARNING] normalize: Moneda no reconocida: IRR
2026-09-13 14:29:31,747 [WARNING] normalize: Moneda no reconocida: IRR
2026-09-13 14:29:31,748 [WARNING] normalize: Moneda no reconocida: IRR
2026-09-13 14:29:31,748 [WARNING] normalize: Moneda no reconocida: IRR
2026-09-13 14:29:31,748 [WARNING] normalize: Moneda no reconocida: IRR
2026-09-13 14:29:31,749 [WARNING] normalize: Moneda no reconocida: IRR
2026-09-13 14:29:31,749 [WARNING] normalize: Moneda no reconocida: IRR
2026-09-13 14:29:31,752 [WARNING] normalize: Moneda no reconocida: IRR
2026-09-13 14:29:31,753 [WARNING] normalize: Moneda no reconocida: XOF
2026-09-13 14:29:31,754 [WARNING] normalize: Moneda no reconocida: IRR
2026-09-13 14:29:31,754 [WARNING] normalize: Moneda no reconocida: XOF
2026-09-13 14:29:31,755 [WARNING] normalize: Moneda no reconocida: IQD
2026-09-13 14:29:31,755 [WARNING] normalize: Moneda no reconocida: IQD
2026-09-13 14:29:31,756 [WARNING] normalize: Moneda no reconocida: IRR
2026-09-13 14:29:31,756 [WARNING] normalize: Moneda no reconocida: IRR
2026-09-13 14:29:31,757 [WARNING] normalize: Moneda no reconocida: IRR
2026-09-13 14:29:31,758 [WARNING] normalize: Moneda no reconocida: IRR
2026-09-13 14:29:31,759 [WARNING] normalize: Moneda no reconocida: IRR
2026-09-13 14:29:31,760 [WARNING] normalize: Moneda no reconocida: IRR
2026-09-13 14:29:31,762 [WARNING] normalize: Moneda no reconocida: IRR
2026-09-13 14:29:31,764 [WARNING] normalize: Moneda no reconocida: IRR
2026-09-13 14:29:31,764 [WARNING] normalize: Moneda no reconocida: IQD
2026-09-13 14:29:31,765 [WARNING] normalize: Moneda no reconocida: IQD
2026-09-13 14:29:31,766 [WARNING] normalize: Moneda no reconocida: IRR
2026-09-13 14:29:31,766 [WARNING] normalize: Moneda no reconocida: IQD
2026-09-13 14:29:31,768 [WARNING] normalize: Moneda no reconocida: GHS
2026-09-13 14:29:31,769 [WARNING] normalize: Moneda no reconocida: IQD
2026-09-13 14:29:31,769 [WARNING] normalize: Moneda no reconocida: VND
2026-09-13 14:29:31,771 [WARNING] normalize: Moneda no reconocida: IRR
2026-09-13 14:29:31,771 [WARNING] normalize: Moneda no reconocida: IRR
2026-09-13 14:29:31,773 [WARNING] normalize: Moneda no reconocida: IRR
2026-09-13 14:29:31,774 [WARNING] normalize: Moneda no reconocida: IRR
2026-09-13 14:29:31,775 [WARNING] normalize: Moneda no reconocida: IRR
2026-09-13 14:29:31,776 [WARNING] normalize: Moneda no reconocida: IRR
2026-09-13 14:29:31,776 [WARNING] normalize: Moneda no reconocida: IRR
2026-09-13 14:29:31,776 [WARNING] normalize: Moneda no reconocida: IQD
2026-09-13 14:29:31,777 [WARNING] normalize: Moneda no reconocida: UGX
2026-09-13 14:29:31,777 [WARNING] normalize: Moneda no reconocida: IRR
2026-09-13 14:29:31,777 [WARNING] normalize: Moneda no reconocida: IRR
2026-09-13 14:29:31,779 [WARNING] normalize: Moneda no reconocida: IRR
2026-09-13 14:29:31,779 [WARNING] normalize: Moneda no reconocida: IRR
2026-09-13 14:29:31,779 [WARNING] normalize: Moneda no reconocida: IRR
2026-09-13 14:29:31,779 [WARNING] normalize: Moneda no reconocida: IRR
2026-09-13 14:29:31,781 [WARNING] normalize: Moneda no reconocida: IQD
2026-09-13 14:29:31,781 [WARNING] normalize: Moneda no reconocida: IQD
2026-09-13 14:29:31,781 [WARNING] normalize: Moneda no reconocida: IQD
2026-09-13 14:29:31,782 [WARNING] normalize: Moneda no reconocida: IQD
2026-09-13 14:29:31,782 [WARNING] normalize: Moneda no reconocida: IRR
2026-09-13 14:29:31,783 [WARNING] normalize: Moneda no reconocida: XAF
2026-09-13 14:29:31,783 [WARNING] normalize: Moneda no reconocida: IRR
2026-09-13 14:29:31,785 [WARNING] normalize: Moneda no reconocida: IRR
2026-09-13 14:29:31,785 [WARNING] normalize: Moneda no reconocida: XOF
2026-09-13 14:29:31,785 [WARNING] normalize: Moneda no reconocida: IRR
2026-09-13 14:29:31,785 [WARNING] normalize: Moneda no reconocida: IRR
2026-09-13 14:29:31,786 [WARNING] normalize: Moneda no reconocida: IRR
2026-09-13 14:29:31,786 [WARNING] normalize: Moneda no reconocida: IQD
2026-09-13 14:29:31,787 [WARNING] normalize: Moneda no reconocida: IQD
2026-09-13 14:29:31,787 [WARNING] normalize: Moneda no reconocida: IRR
2026-09-13 14:29:31,788 [WARNING] normalize: Moneda no reconocida: IQD
2026-09-13 14:29:31,788 [WARNING] normalize: Moneda no reconocida: IRR
2026-09-13 14:29:31,789 [WARNING] normalize: Moneda no reconocida: IRR
2026-09-13 14:29:31,790 [WARNING] normalize: Moneda no reconocida: IRR
2026-09-13 14:29:31,790 [WARNING] normalize: Moneda no reconocida: IRR
2026-09-13 14:29:31,790 [WARNING] normalize: Moneda no reconocida: IRR
2026-09-13 14:29:31,791 [WARNING] normalize: Moneda no reconocida: IQD
2026-09-13 14:29:31,794 [WARNING] normalize: Moneda no reconocida: IRR
2026-09-13 14:29:31,795 [WARNING] normalize: Moneda no reconocida: IRR
2026-09-13 14:29:31,797 [WARNING] normalize: Moneda no reconocida: IQD
2026-09-13 14:29:31,797 [WARNING] normalize: Moneda no reconocida: IQD
2026-09-13 14:29:31,798 [WARNING] normalize: Moneda no reconocida: IRR
2026-09-13 14:29:31,802 [WARNING] normalize: Moneda no reconocida: IRR
2026-09-13 14:29:31,805 [WARNING] normalize: Moneda no reconocida: IRR
2026-09-13 14:29:31,806 [WARNING] normalize: Moneda no reconocida: IRR
2026-09-13 14:29:31,807 [WARNING] normalize: Moneda no reconocida: IRR
2026-09-13 14:29:31,808 [WARNING] normalize: Moneda no reconocida: IRR
2026-09-13 14:29:31,809 [WARNING] normalize: Moneda no reconocida: IRR
2026-09-13 14:29:31,811 [WARNING] normalize: Moneda no reconocida: IRR
2026-09-13 14:29:31,812 [WARNING] normalize: Moneda no reconocida: IRR
2026-09-13 14:29:31,814 [WARNING] normalize: Moneda no reconocida: IRR
2026-09-13 14:29:31,814 [WARNING] normalize: Moneda no reconocida: IRR
2026-09-13 14:29:31,815 [WARNING] normalize: Moneda no reconocida: IQD
2026-09-13 14:29:31,816 [WARNING] normalize: Moneda no reconocida: KZT
2026-09-13 14:29:31,816 [WARNING] normalize: Moneda no reconocida: XOF
2026-09-13 14:29:31,817 [WARNING] normalize: Moneda no reconocida: IRR
2026-09-13 14:29:31,818 [WARNING] normalize: Moneda no reconocida: IRR
2026-09-13 14:29:31,818 [WARNING] normalize: Moneda no reconocida: IRR
2026-09-13 14:29:31,822 [WARNING] normalize: Moneda no reconocida: IRR
2026-09-13 14:29:31,823 [WARNING] normalize: Moneda no reconocida: IRR
2026-09-13 14:29:31,824 [WARNING] normalize: Moneda no reconocida: IQD
2026-09-13 14:29:31,827 [WARNING] normalize: Moneda no reconocida: IRR
2026-09-13 14:29:31,827 [WARNING] normalize: Moneda no reconocida: IRR
2026-09-13 14:29:31,828 [WARNING] normalize: Moneda no reconocida: IQD
2026-09-13 14:29:31,830 [WARNING] normalize: Moneda no reconocida: IRR
2026-09-13 14:29:31,831 [WARNING] normalize: Moneda no reconocida: IRR
2026-09-13 14:29:31,833 [WARNING] normalize: Moneda no reconocida: IRR
2026-09-13 14:29:31,833 [WARNING] normalize: Moneda no reconocida: IQD
2026-09-13 14:29:31,833 [WARNING] normalize: Moneda no reconocida: IQD
2026-09-13 14:29:31,834 [WARNING] normalize: Moneda no reconocida: IRR
2026-09-13 14:29:31,834 [WARNING] normalize: Moneda no reconocida: IRR
2026-09-13 14:29:31,836 [WARNING] normalize: Moneda no reconocida: IRR
2026-09-13 14:29:31,836 [WARNING] normalize: Moneda no reconocida: IRR
2026-09-13 14:29:31,836 [WARNING] normalize: Moneda no reconocida: IRR
2026-09-13 14:29:31,837 [WARNING] normalize: Moneda no reconocida: IQD
2026-09-13 14:29:31,838 [WARNING] normalize: Moneda no reconocida: IRR
2026-09-13 14:29:31,841 [WARNING] normalize: Moneda no reconocida: IRR
2026-09-13 14:29:31,842 [WARNING] normalize: Moneda no reconocida: YER
2026-09-13 14:29:31,843 [WARNING] normalize: Moneda no reconocida: IRR
2026-09-13 14:29:31,845 [WARNING] normalize: Moneda no reconocida: IRR
2026-09-13 14:29:31,845 [WARNING] normalize: Moneda no reconocida: IRR
2026-09-13 14:29:31,846 [WARNING] normalize: Moneda no reconocida: IRR
2026-09-13 14:29:31,847 [WARNING] normalize: Moneda no reconocida: IRR
2026-09-13 14:29:31,848 [WARNING] normalize: Moneda no reconocida: IQD
2026-09-13 14:29:31,849 [WARNING] normalize: Moneda no reconocida: IRR
2026-09-13 14:29:31,850 [WARNING] normalize: Moneda no reconocida: IRR
2026-09-13 14:29:31,850 [WARNING] normalize: Moneda no reconocida: IRR
2026-09-13 14:29:31,851 [WARNING] normalize: Moneda no reconocida: IQD
2026-09-13 14:29:31,851 [WARNING] normalize: Moneda no reconocida: IRR
2026-09-13 14:29:31,852 [WARNING] normalize: Moneda no reconocida: IQD
2026-09-13 14:29:31,853 [WARNING] normalize: Moneda no reconocida: IRR
2026-09-13 14:29:31,859 [WARNING] normalize: Moneda no reconocida: IRR
2026-09-13 14:29:31,866 [WARNING] normalize: Moneda no reconocida: MAD
2026-09-13 14:29:31,871 [WARNING] normalize: Moneda no reconocida: IRR
2026-09-13 14:29:31,877 [WARNING] normalize: Moneda no reconocida: IRR
2026-09-13 14:29:31,877 [WARNING] normalize: Moneda no reconocida: IRR
2026-09-13 14:29:31,878 [WARNING] normalize: Moneda no reconocida: IRR
2026-09-13 14:29:31,878 [WARNING] normalize: Moneda no reconocida: IRR
2026-09-13 14:29:31,878 [WARNING] normalize: Moneda no reconocida: IRR
2026-09-13 14:29:31,878 [WARNING] normalize: Moneda no reconocida: IQD
2026-09-13 14:29:31,878 [WARNING] normalize: Moneda no reconocida: IRR
2026-09-13 14:29:31,879 [WARNING] normalize: Moneda no reconocida: NPR
2026-09-13 14:29:31,880 [WARNING] normalize: Moneda no reconocida: IRR
2026-09-13 14:29:31,880 [WARNING] normalize: Moneda no reconocida: IRR
2026-09-13 14:29:31,888 [WARNING] normalize: Moneda no reconocida: IRR
2026-09-13 14:29:31,888 [WARNING] normalize: Moneda no reconocida: IRR
2026-09-13 14:29:31,890 [WARNING] normalize: Moneda no reconocida: IRR
2026-09-13 14:29:31,890 [WARNING] normalize: Moneda no reconocida: IRR
2026-09-13 14:29:31,890 [WARNING] normalize: Moneda no reconocida: XAF
2026-09-13 14:29:31,890 [WARNING] normalize: Moneda no reconocida: IRR
2026-09-13 14:29:31,891 [WARNING] normalize: Moneda no reconocida: IRR
2026-09-13 14:29:31,892 [WARNING] normalize: Moneda no reconocida: IRR
2026-09-13 14:29:31,892 [WARNING] normalize: Moneda no reconocida: IRR
2026-09-13 14:29:31,893 [WARNING] normalize: Moneda no reconocida: IQD
2026-09-13 14:29:31,894 [WARNING] normalize: Moneda no reconocida: YER
2026-09-13 14:29:31,894 [WARNING] normalize: Moneda no reconocida: IRR
2026-09-13 14:29:31,895 [WARNING] normalize: Moneda no reconocida: IRR
2026-09-13 14:29:31,897 [WARNING] normalize: Moneda no reconocida: IQD
2026-09-13 14:29:31,910 [WARNING] normalize: Moneda no reconocida: IRR
2026-09-13 14:29:31,912 [WARNING] normalize: Moneda no reconocida: IRR
2026-09-13 14:29:31,914 [WARNING] normalize: Moneda no reconocida: KZT
2026-09-13 14:29:31,921 [WARNING] normalize: Moneda no reconocida: MAD
2026-09-13 14:29:31,925 [WARNING] normalize: Moneda no reconocida: IRR
2026-09-13 14:29:31,929 [WARNING] normalize: Moneda no reconocida: IQD
2026-09-13 14:29:31,930 [WARNING] normalize: Moneda no reconocida: IRR
2026-09-13 14:29:31,934 [WARNING] normalize: Moneda no reconocida: IQD
2026-09-13 14:29:31,935 [WARNING] normalize: Moneda no reconocida: IQD
2026-09-13 14:29:31,935 [WARNING] normalize: Moneda no reconocida: IRR
2026-09-13 14:29:31,936 [WARNING] normalize: Moneda no reconocida: IRR
2026-09-13 14:29:31,936 [WARNING] normalize: Moneda no reconocida: IRR
2026-09-13 14:29:31,937 [WARNING] normalize: Moneda no reconocida: IQD
2026-09-13 14:29:31,940 [WARNING] normalize: Moneda no reconocida: IRR
2026-09-13 14:29:31,940 [WARNING] normalize: Moneda no reconocida: IRR
2026-09-13 14:29:31,941 [WARNING] normalize: Moneda no reconocida: IRR
2026-09-13 14:29:31,942 [WARNING] normalize: Moneda no reconocida: IRR
2026-09-13 14:29:31,942 [WARNING] normalize: Moneda no reconocida: IRR
2026-09-13 14:29:31,945 [WARNING] normalize: Moneda no reconocida: IRR
2026-09-13 14:29:31,948 [WARNING] normalize: Moneda no reconocida: IRR
2026-09-13 14:29:31,949 [WARNING] normalize: Moneda no reconocida: IRR
2026-09-13 14:29:31,949 [WARNING] normalize: Moneda no reconocida: IRR
2026-09-13 14:29:31,949 [WARNING] normalize: Moneda no reconocida: IQD
2026-09-13 14:29:31,950 [WARNING] normalize: Moneda no reconocida: IQD
2026-09-13 14:29:31,951 [WARNING] normalize: Moneda no reconocida: IRR
2026-09-13 14:29:31,954 [WARNING] normalize: Moneda no reconocida: IRR
2026-09-13 14:29:31,955 [WARNING] normalize: Moneda no reconocida: IQD
2026-09-13 14:29:31,955 [WARNING] normalize: Moneda no reconocida: IRR
2026-09-13 14:29:31,956 [WARNING] normalize: Moneda no reconocida: IRR
2026-09-13 14:29:31,958 [WARNING] normalize: Moneda no reconocida: MNT
2026-09-13 14:29:31,959 [WARNING] normalize: Moneda no reconocida: IRR
2026-09-13 14:29:31,961 [WARNING] normalize: Moneda no reconocida: IRR
2026-09-13 14:29:31,962 [WARNING] normalize: Moneda no reconocida: LYD
2026-09-13 14:29:31,968 [WARNING] normalize: Moneda no reconocida: IRR
2026-09-13 14:29:31,975 [WARNING] normalize: Moneda no reconocida: IRR
2026-09-13 14:29:31,977 [WARNING] normalize: Moneda no reconocida: IQD
2026-09-13 14:29:31,979 [WARNING] normalize: Moneda no reconocida: IRR
2026-09-13 14:29:31,980 [WARNING] normalize: Moneda no reconocida: IRR
2026-09-13 14:29:31,980 [WARNING] normalize: Moneda no reconocida: IQD
2026-09-13 14:29:31,981 [WARNING] normalize: Moneda no reconocida: IRR
2026-09-13 14:29:31,985 [WARNING] normalize: Moneda no reconocida: IRR
2026-09-13 14:29:31,986 [WARNING] normalize: Moneda no reconocida: IRR
2026-09-13 14:29:31,989 [WARNING] normalize: Moneda no reconocida: IQD
2026-09-13 14:29:31,990 [WARNING] normalize: Moneda no reconocida: IRR
2026-09-13 14:29:31,993 [WARNING] normalize: Moneda no reconocida: IQD
2026-09-13 14:29:31,995 [WARNING] normalize: Moneda no reconocida: KZT
2026-09-13 14:29:32,001 [WARNING] normalize: Moneda no reconocida: IQD
2026-09-13 14:29:32,009 [WARNING] normalize: Moneda no reconocida: IRR
2026-09-13 14:29:32,012 [WARNING] normalize: Moneda no reconocida: MAD
2026-09-13 14:29:32,014 [WARNING] normalize: Moneda no reconocida: IQD
2026-09-13 14:29:32,020 [WARNING] normalize: Moneda no reconocida: XOF
2026-09-13 14:29:32,022 [WARNING] normalize: Moneda no reconocida: IQD
2026-09-13 14:29:32,023 [WARNING] normalize: Moneda no reconocida: IRR
2026-09-13 14:29:32,024 [WARNING] normalize: Moneda no reconocida: IRR
2026-09-13 14:29:32,025 [WARNING] normalize: Moneda no reconocida: IRR
2026-09-13 14:29:32,026 [WARNING] normalize: Moneda no reconocida: IRR
2026-09-13 14:29:32,026 [WARNING] normalize: Moneda no reconocida: IRR
2026-09-13 14:29:32,026 [WARNING] normalize: Moneda no reconocida: IRR
2026-09-13 14:29:32,027 [WARNING] normalize: Moneda no reconocida: IRR
2026-09-13 14:29:32,028 [WARNING] normalize: Moneda no reconocida: IRR
2026-09-13 14:29:32,028 [WARNING] normalize: Moneda no reconocida: IQD
2026-09-13 14:29:32,029 [WARNING] normalize: Moneda no reconocida: IQD
2026-09-13 14:29:32,029 [WARNING] normalize: Moneda no reconocida: VND
2026-09-13 14:29:32,035 [WARNING] normalize: Moneda no reconocida: IQD
2026-09-13 14:29:32,036 [WARNING] normalize: Moneda no reconocida: IQD
2026-09-13 14:29:32,036 [WARNING] normalize: Moneda no reconocida: IRR
2026-09-13 14:29:32,037 [WARNING] normalize: Moneda no reconocida: IRR
2026-09-13 14:29:32,038 [WARNING] normalize: Moneda no reconocida: IQD
2026-09-13 14:29:32,039 [WARNING] normalize: Moneda no reconocida: IRR
2026-09-13 14:29:32,044 [WARNING] normalize: Moneda no reconocida: IQD
2026-09-13 14:29:32,045 [WARNING] normalize: Moneda no reconocida: YER
2026-09-13 14:29:32,047 [WARNING] normalize: Moneda no reconocida: IRR
2026-09-13 14:29:32,054 [WARNING] normalize: Moneda no reconocida: IRR
2026-09-13 14:29:32,057 [WARNING] normalize: Moneda no reconocida: IQD
2026-09-13 14:29:32,058 [WARNING] normalize: Moneda no reconocida: MAD
2026-09-13 14:29:32,058 [WARNING] normalize: Moneda no reconocida: XOF
2026-09-13 14:29:32,059 [WARNING] normalize: Moneda no reconocida: IQD
2026-09-13 14:29:32,059 [WARNING] normalize: Moneda no reconocida: KZT
2026-09-13 14:29:32,060 [WARNING] normalize: Moneda no reconocida: IRR
2026-09-13 14:29:32,060 [WARNING] normalize: Moneda no reconocida: IQD
2026-09-13 14:29:32,060 [WARNING] normalize: Moneda no reconocida: IRR
2026-09-13 14:29:32,060 [WARNING] normalize: Moneda no reconocida: IRR
2026-09-13 14:29:32,061 [WARNING] normalize: Moneda no reconocida: IRR
2026-09-13 14:29:32,061 [WARNING] normalize: Moneda no reconocida: IRR
2026-09-13 14:29:32,061 [WARNING] normalize: Moneda no reconocida: IRR
2026-09-13 14:29:32,063 [WARNING] normalize: Moneda no reconocida: KZT
2026-09-13 14:29:32,063 [WARNING] normalize: Moneda no reconocida: KPW
2026-09-13 14:29:32,066 [WARNING] normalize: Moneda no reconocida: KZT
2026-09-13 14:29:32,067 [WARNING] normalize: Moneda no reconocida: IRR
2026-09-13 14:29:32,068 [WARNING] normalize: Moneda no reconocida: IQD
2026-09-13 14:29:32,073 [WARNING] normalize: Moneda no reconocida: IRR
2026-09-13 14:29:32,073 [WARNING] normalize: Moneda no reconocida: IQD
2026-09-13 14:29:32,074 [WARNING] normalize: Moneda no reconocida: KZT
2026-09-13 14:29:32,074 [WARNING] normalize: Moneda no reconocida: IQD
2026-09-13 14:29:32,074 [WARNING] normalize: Moneda no reconocida: IRR
2026-09-13 14:29:32,135 [INFO] etl_doaj:   APC convertidos a USD: 8084 registros
2026-09-13 14:29:32,213 [INFO] etl_doaj:   Campos Yes/No convertidos a booleano: ['politica_plagio', 'autor_retiene_copyright', 'tiene_otros_cobros', 'politica_exencion', 'subscribe_to_open', 'cumple_oa_doaj', 'cc_legible_maquina']
2026-09-13 14:29:32,328 [INFO] etl_doaj:   Fecha 'fecha_incorporacion_doaj' parseada — nulos: 0
2026-09-13 14:29:32,406 [INFO] etl_doaj:   Fecha 'fecha_actualizacion_doaj' parseada — nulos: 0
2026-09-13 14:29:32,472 [INFO] etl_doaj:   Fecha 'fecha_ultimo_articulo' parseada — nulos: 3836
2026-09-13 14:29:32,712 [INFO] etl_doaj:   Deduplicación por ISSN: 1 duplicados eliminados
2026-09-13 14:29:33,954 [INFO] etl_doaj:   Parquet guardado en: /home/vydi/recomendador_revistas/data/silver/doaj_clean.parquet
2026-09-13 14:29:33,955 [INFO] etl_doaj: ============================================================
2026-09-13 14:29:33,955 [INFO] etl_doaj:   RESUMEN ETL DOAJ
2026-09-13 14:29:33,955 [INFO] etl_doaj: ============================================================
2026-09-13 14:29:33,955 [INFO] etl_doaj:   Filas entrada:       23305
2026-09-13 14:29:33,955 [INFO] etl_doaj:   Filas salida:        23304
2026-09-13 14:29:33,955 [INFO] etl_doaj:   Duplicados removidos:1
2026-09-13 14:29:33,956 [INFO] etl_doaj:   ISSN nulos:          0
2026-09-13 14:29:33,956 [INFO] etl_doaj:   Títulos nulos:       7
2026-09-13 14:29:33,956 [INFO] etl_doaj:   País ISO nulos:      3668
2026-09-13 14:29:33,957 [INFO] etl_doaj:   APC en USD válidos:  8084
2026-09-13 14:29:33,957 [INFO] etl_doaj:   tiene_apc True:      8662
2026-09-13 14:29:33,957 [INFO] etl_doaj:   Columnas finales:    ['titulo', 'url_revista', 'url_doaj', 'When did the journal start to publish all content using an open license?', 'titulo_alternativo', 'issn_impreso', 'issn_electronico', 'palabras_clave', 'idiomas', 'editorial', 'pais_editorial', 'Other organisation', 'Country of other organisation', 'licencia', 'atributos_licencia', 'URL for license terms', 'cc_legible_maquina', 'autor_retiene_copyright', 'Copyright information URL', 'tipo_revision', 'Review process information URL', 'politica_plagio', "URL for journal's aims & scope", 'URL for the Editorial Board page', "URL for journal's instructions for authors", 'semanas_submission_publicacion', 'tiene_apc', 'APC information URL', 'politica_exencion', 'Waiver policy information URL', 'tiene_otros_cobros', 'Other fees information URL', 'servicios_preservacion', 'Preservation Service: national library', 'Preservation information URL', 'Deposit policy directory', 'URL for deposit policy', 'identificadores_persistentes', 'cumple_oa_doaj', 'Continues', 'Continued By', 'codigos_lcc', 'subscribe_to_open', 'Mirror Journal', 'Open Journals Collective', 'materias', 'fecha_incorporacion_doaj', 'fecha_actualizacion_doaj', 'Last Full Review Date', 'num_articulos', 'fecha_ultimo_articulo', 'issn_normalizado', 'titulo_normalizado', 'pais_iso', 'apc_monto', 'apc_moneda', 'apc_monto_usd', 'apc_tipo', '_fuente', '_fecha_captura', '_estado_calidad', '_hash_registro']
2026-09-13 14:29:33,958 [INFO] etl_doaj: ============================================================
2026-09-13 14:29:33,960 [INFO] pipeline:   ✓ DOAJ: 23304 registros procesados
2026-09-13 14:29:33,960 [INFO] pipeline: 
── Procesando Scimago ──
2026-09-13 14:29:33,962 [INFO] etl_scimago: Leyendo CSV bronze: /home/vydi/recomendador_revistas/data/bronze/scimagojr 2025 CO.csv
2026-09-13 14:29:33,968 [INFO] etl_scimago: Filas leídas: 166 | Columnas: 26
2026-09-13 14:29:33,970 [INFO] etl_scimago: Columna Publisher duplicada eliminada (Publisher.1)
2026-09-13 14:29:33,971 [INFO] etl_scimago: Parseando ISSNs...
2026-09-13 14:29:33,978 [INFO] etl_scimago: ISSNs: print=166 | electronic=128 | normalizado nulos=0
2026-09-13 14:29:33,979 [INFO] etl_scimago: Normalizando títulos...
2026-09-13 14:29:33,982 [INFO] etl_scimago: Títulos normalizados: nulos=0
2026-09-13 14:29:33,982 [INFO] etl_scimago: Convirtiendo campos numéricos (coma decimal)...
2026-09-13 14:29:33,984 [INFO] etl_scimago:   SJR → sjr_score: nulos=0
2026-09-13 14:29:33,987 [INFO] etl_scimago:   Citations / Doc. (2years) → citas_por_doc_2y: nulos=0
2026-09-13 14:29:33,990 [INFO] etl_scimago:   Ref. / Doc. → refs_por_doc: nulos=0
2026-09-13 14:29:33,993 [INFO] etl_scimago:   %Female → pct_female_raw: nulos=0
2026-09-13 14:29:33,993 [INFO] etl_scimago: Convirtiendo campos enteros...
2026-09-13 14:29:33,996 [INFO] etl_scimago:   Rank → rank_scimago: nulos=0
2026-09-13 14:29:33,999 [INFO] etl_scimago:   H index → h_index: nulos=0
2026-09-13 14:29:34,002 [INFO] etl_scimago:   Total Docs. (2025) → total_docs: nulos=0
2026-09-13 14:29:34,005 [INFO] etl_scimago:   Total Docs. (3years) → total_docs_3y: nulos=0
2026-09-13 14:29:34,009 [INFO] etl_scimago:   Total Refs. → total_refs: nulos=0
2026-09-13 14:29:34,012 [INFO] etl_scimago:   Total Citations (3years) → total_citas_3y: nulos=0
2026-09-13 14:29:34,015 [INFO] etl_scimago:   Citable Docs. (3years) → docs_citables_3y: nulos=0
2026-09-13 14:29:34,018 [INFO] etl_scimago:   Overton → overton: nulos=0
2026-09-13 14:29:34,018 [INFO] etl_scimago: Parseando categorías Scimago...
2026-09-13 14:29:34,047 [INFO] etl_scimago: Cuartiles: distribución={'Q4': 69, 'Q3': 55, 'Q2': 32, 'Q1': 10} | nulos=0
2026-09-13 14:29:34,048 [INFO] etl_scimago: Parseando áreas temáticas...
2026-09-13 14:29:34,052 [INFO] etl_scimago: Convirtiendo campos booleanos...
2026-09-13 14:29:34,057 [INFO] etl_scimago: Open Access: yes=158 | Diamond OA: yes=143
2026-09-13 14:29:34,058 [INFO] etl_scimago: Convirtiendo %%Female a proporción decimal...
2026-09-13 14:29:34,060 [INFO] etl_scimago: Normalizando país...
2026-09-13 14:29:34,063 [INFO] etl_scimago: Renombrando columnas...
2026-09-13 14:29:34,071 [INFO] etl_scimago: Deduplicación por issn_normalizado: 166 → 166 filas (-0 duplicados, 0 sin ISSN)
2026-09-13 14:29:34,072 [INFO] etl_scimago: Agregando metadatos de trazabilidad...
2026-09-13 14:29:34,089 [INFO] etl_scimago: ════════════════════════════════════════════════════════════
2026-09-13 14:29:34,089 [INFO] etl_scimago: RESUMEN ETL SCIMAGO
2026-09-13 14:29:34,089 [INFO] etl_scimago: ════════════════════════════════════════════════════════════
2026-09-13 14:29:34,089 [INFO] etl_scimago:   Filas entrada (bronze) : 166
2026-09-13 14:29:34,090 [INFO] etl_scimago:   Filas salida  (silver) : 166
2026-09-13 14:29:34,090 [INFO] etl_scimago:   Columnas               : 33
2026-09-13 14:29:34,091 [INFO] etl_scimago:   ISSNs nulos            : 0
2026-09-13 14:29:34,091 [INFO] etl_scimago:   Títulos nulos          : 0
2026-09-13 14:29:34,092 [INFO] etl_scimago:   SJR nulos              : 0
2026-09-13 14:29:34,092 [INFO] etl_scimago:   Cuartil nulos          : 0
2026-09-13 14:29:34,093 [INFO] etl_scimago:   Open Access            : 158 / 166
2026-09-13 14:29:34,093 [INFO] etl_scimago:   Diamond OA             : 143 / 166
2026-09-13 14:29:34,095 [INFO] etl_scimago:   Cuartiles              : {'Q4': 69, 'Q3': 55, 'Q2': 32, 'Q1': 10}
2026-09-13 14:29:34,096 [INFO] etl_scimago:   Áreas únicas           : 53
2026-09-13 14:29:34,096 [INFO] etl_scimago: ════════════════════════════════════════════════════════════
2026-09-13 14:29:34,108 [INFO] etl_scimago: Parquet Scimago guardado: /home/vydi/recomendador_revistas/data/silver/scimago_clean.parquet
2026-09-13 14:29:34,124 [INFO] pipeline:   ✓ Scimago: 166 registros procesados
2026-09-13 14:29:34,124 [INFO] pipeline: 
── Procesando OpenAPC ──
2026-09-13 14:29:44,033 [INFO] etl_openapc: OpenAPC: 12242 registros normalizados
2026-09-13 14:29:44,034 [INFO] pipeline:   ✓ OpenAPC: 12242 registros procesados
2026-09-13 14:29:44,035 [INFO] pipeline: 
  Silver completado: 3 éxitos, 0 errores
2026-09-13 14:29:44,035 [INFO] pipeline: 
ANÁLISIS DE CRUCES SILVER
2026-09-13 14:29:44,089 [INFO] pipeline:   publindex: 906 registros
2026-09-13 14:29:44,319 [INFO] pipeline:   doaj: 23304 registros
2026-09-13 14:29:44,335 [INFO] pipeline:   scimago: 166 registros
2026-09-13 14:29:44,366 [INFO] pipeline:   openapc: 12242 registros
2026-09-13 14:29:44,445 [INFO] pipeline:   Publindex ↔ doaj: 323 coincidencias (35.65% de Publindex; 1.39% de doaj)
2026-09-13 14:29:44,451 [INFO] pipeline:   Publindex ↔ scimago: 148 coincidencias (16.34% de Publindex; 89.16% de scimago)
2026-09-13 14:29:44,490 [INFO] pipeline:   Publindex ↔ openapc: 0 coincidencias (0.00% de Publindex; 0.00% de openapc)
2026-09-13 14:29:44,504 [INFO] pipeline: 
============================================================
2026-09-13 14:29:44,504 [INFO] pipeline: CAPA GOLD — Integración y consolidación
2026-09-13 14:29:44,504 [INFO] pipeline: ============================================================
2026-09-13 14:29:44,507 [INFO] merge_gold: ============================================================
2026-09-13 14:29:44,507 [INFO] merge_gold: INICIO: Merge Gold — Catálogo maestro de revistas
2026-09-13 14:29:44,507 [INFO] merge_gold: ============================================================
2026-09-13 14:29:44,507 [INFO] merge_gold: 
1. Cargando datos silver...
2026-09-13 14:29:44,525 [INFO] merge_gold:   publindex: 906 registros cargados
2026-09-13 14:29:44,740 [INFO] merge_gold:   doaj: 23304 registros cargados
2026-09-13 14:29:44,758 [INFO] merge_gold:   scimago: 166 registros cargados
2026-09-13 14:29:44,773 [INFO] merge_gold:   openapc: 12242 registros cargados
2026-09-13 14:29:44,775 [INFO] merge_gold: 
  Base inicial (Publindex): 906 registros
2026-09-13 14:29:44,775 [INFO] merge_gold: 
2. Merge con Scimago...
2026-09-13 14:29:44,787 [INFO] merge_gold:   Merge con scimago:
2026-09-13 14:29:44,788 [INFO] merge_gold:     Coincidencias por ISSN: 148
2026-09-13 14:29:44,788 [INFO] merge_gold:     Solo en base: 758
2026-09-13 14:29:44,788 [INFO] merge_gold:     Solo en scimago: 18
2026-09-13 14:29:44,808 [INFO] merge_gold:   Registros tras merge Scimago: 906
2026-09-13 14:29:44,808 [INFO] merge_gold: 
3. Merge con DOAJ...
2026-09-13 14:29:44,939 [INFO] merge_gold:   Merge con doaj:
2026-09-13 14:29:44,940 [INFO] merge_gold:     Coincidencias por ISSN: 323
2026-09-13 14:29:44,940 [INFO] merge_gold:     Solo en base: 583
2026-09-13 14:29:44,940 [INFO] merge_gold:     Solo en doaj: 22981
2026-09-13 14:29:45,003 [INFO] merge_gold:   Registros tras merge DOAJ: 906
2026-09-13 14:29:45,004 [INFO] merge_gold: 
4. Merge con OpenAPC...
2026-09-13 14:29:45,048 [INFO] merge_gold:   Merge con openapc:
2026-09-13 14:29:45,049 [INFO] merge_gold:     Coincidencias por ISSN: 0
2026-09-13 14:29:45,049 [INFO] merge_gold:     Solo en base: 906
2026-09-13 14:29:45,049 [INFO] merge_gold:     Solo en openapc: 12242
2026-09-13 14:29:45,083 [INFO] merge_gold:   Registros tras merge OpenAPC: 906
2026-09-13 14:29:45,083 [INFO] merge_gold: 
5. Resolviendo conflictos...
2026-09-13 14:29:45,139 [INFO] merge_gold: 
6. Consolidando fuentes...
2026-09-13 14:29:45,208 [INFO] merge_gold: 
6. Imputación de APC...
2026-09-13 14:29:45,248 [INFO] merge_gold:   APC nulos antes: 903, después: 0
2026-09-13 14:29:45,249 [INFO] merge_gold:   Valores imputados: 903
2026-09-13 14:29:45,249 [INFO] merge_gold: 
7. Detección de outliers en APC...
2026-09-13 14:29:45,375 [INFO] merge_gold:   Outliers detectados: 0
2026-09-13 14:29:45,375 [INFO] merge_gold: 
8. Generando features...
2026-09-13 14:29:45,474 [INFO] merge_gold: 
9. Guardando catálogo gold...
2026-09-13 14:29:45,513 [INFO] merge_gold:   Guardado: /home/vydi/recomendador_revistas/data/gold/catalogo_maestro_revistas.parquet
2026-09-13 14:29:45,513 [INFO] merge_gold:   Registros finales: 906
2026-09-13 14:29:45,514 [INFO] merge_gold:   Columnas: 109
2026-09-13 14:29:45,690 [INFO] merge_gold:   CSV de referencia: /home/vydi/recomendador_revistas/data/gold/catalogo_maestro_revistas.csv
2026-09-13 14:29:45,711 [INFO] merge_gold:   Features del modelo: /home/vydi/recomendador_revistas/data/gold/features_modelo.parquet (22 columnas)
2026-09-13 14:29:45,968 [INFO] merge_gold:   Log de merge: /home/vydi/recomendador_revistas/data/silver/merge_log.csv (35712 entradas)
2026-09-13 14:29:45,968 [INFO] merge_gold: 
============================================================
2026-09-13 14:29:45,968 [INFO] merge_gold: RESUMEN DEL CATÁLOGO MAESTRO
2026-09-13 14:29:45,968 [INFO] merge_gold: ============================================================
2026-09-13 14:29:45,968 [INFO] merge_gold:   Total revistas: 906
2026-09-13 14:29:45,969 [INFO] merge_gold: 
  Distribución por categoría Publindex:
2026-09-13 14:29:45,970 [INFO] merge_gold:     C: 551
2026-09-13 14:29:45,970 [INFO] merge_gold:     B: 299
2026-09-13 14:29:45,970 [INFO] merge_gold:     A2: 45
2026-09-13 14:29:45,970 [INFO] merge_gold:     A1: 11
2026-09-13 14:29:45,970 [INFO] merge_gold: 
  Distribución por cuartil SJR:
2026-09-13 14:29:45,972 [INFO] merge_gold:     Q4: 56
2026-09-13 14:29:45,972 [INFO] merge_gold:     Q3: 51
2026-09-13 14:29:45,972 [INFO] merge_gold:     Q2: 31
2026-09-13 14:29:45,972 [INFO] merge_gold:     Q1: 10
2026-09-13 14:29:45,973 [INFO] merge_gold: 
  Revistas con APC: 3
2026-09-13 14:29:45,973 [INFO] merge_gold: 
  Distribución tipo APC:
2026-09-13 14:29:45,974 [INFO] merge_gold:     imputado: 903
2026-09-13 14:29:45,974 [INFO] merge_gold:     declarado: 3
2026-09-13 14:29:45,975 [INFO] merge_gold: 
  Cobertura por fuente:
2026-09-13 14:29:45,975 [INFO] merge_gold:     publindex: 906 registros
2026-09-13 14:29:45,975 [INFO] merge_gold: ============================================================
2026-09-13 14:29:45,986 [INFO] pipeline:   ✓ Gold: 906 registros en catálogo maestro
2026-09-13 14:29:45,990 [INFO] pipeline: 
============================================================
2026-09-13 14:29:45,990 [INFO] pipeline: RESUMEN FINAL DEL PIPELINE
2026-09-13 14:29:45,991 [INFO] pipeline: ============================================================
2026-09-13 14:29:45,991 [INFO] pipeline: 
🥉 Bronze:
2026-09-13 14:29:45,991 [INFO] pipeline:     open_apc.csv: 66,143,808 bytes
2026-09-13 14:29:45,992 [INFO] pipeline:     Revistas_Indexadas,_Índice_Nacional_Publindex_20260910.csv: 2,708,275 bytes
2026-09-13 14:29:45,992 [INFO] pipeline:     doaj_journalcsv_20260812_2320_utf8.csv: 25,554,714 bytes
2026-09-13 14:29:45,992 [INFO] pipeline:     scimagojr 2025 CO.csv: 57,736 bytes
2026-09-13 14:29:45,992 [INFO] pipeline: 
🥈 Silver:
2026-09-13 14:29:46,105 [INFO] pipeline:     doaj_clean.parquet: 23304 registros, 62 columnas
2026-09-13 14:29:46,154 [INFO] pipeline:     publindex_clean.parquet: 906 registros, 26 columnas
2026-09-13 14:29:46,166 [INFO] pipeline:     scimago_clean.parquet: 166 registros, 33 columnas
2026-09-13 14:29:46,175 [INFO] pipeline:     openapc_clean.parquet: 12242 registros, 11 columnas
2026-09-13 14:29:46,176 [INFO] pipeline:     merge_log.csv: 1,888,629 bytes
2026-09-13 14:29:46,176 [INFO] pipeline: 
🥇 Gold:
2026-09-13 14:29:46,208 [INFO] pipeline:     catalogo_maestro_revistas.parquet: 906 registros, 109 columnas
2026-09-13 14:29:46,208 [INFO] pipeline:     catalogo_maestro_revistas.csv: 745,505 bytes
2026-09-13 14:29:46,218 [INFO] pipeline:     features_modelo.parquet: 906 registros, 22 columnas
2026-09-13 14:29:46,218 [INFO] pipeline: 
Duración total: 29.5 segundos
2026-09-13 14:29:46,218 [INFO] pipeline: Log guardado en: /home/vydi/recomendador_revistas/logs/pipeline_20260913_142916.log
2026-09-13 14:29:46,218 [INFO] pipeline: 
✓ Pipeline completado exitosamente.
