2026-09-12 16:48:39,101 [INFO] pipeline: ╔══════════════════════════════════════════════════════════╗
2026-09-12 16:48:39,102 [INFO] pipeline: ║  PIPELINE ETL — Recomendador de Revistas Científicas    ║
2026-09-12 16:48:39,102 [INFO] pipeline: ║  Inicio: 2026-09-12 16:48:39                             ║
2026-09-12 16:48:39,102 [INFO] pipeline: ╚══════════════════════════════════════════════════════════╝
2026-09-12 16:48:39,102 [INFO] pipeline: ============================================================
2026-09-12 16:48:39,102 [INFO] pipeline: VALIDACIÓN BRONZE
2026-09-12 16:48:39,102 [INFO] pipeline: ============================================================
2026-09-12 16:48:39,133 [INFO] pipeline:   ✓ publindex: 6276 filas, 34 columnas, 2,708,275 bytes
2026-09-12 16:48:39,678 [INFO] pipeline:   ✓ doaj: 23305 filas, 52 columnas, 25,554,714 bytes
2026-09-12 16:48:39,684 [INFO] pipeline:   ✓ scimago: 166 filas, 26 columnas, 57,736 bytes
2026-09-12 16:48:39,684 [ERROR] pipeline:   ✗ openapc: contiene HTML (posible error de descarga)
2026-09-12 16:48:39,685 [INFO] pipeline: 
  Registro de validación: /home/vydi/recomendador_revistas/logs/bronze_validation.json
2026-09-12 16:48:39,692 [INFO] pipeline: 
============================================================
2026-09-12 16:48:39,693 [INFO] pipeline: CAPA SILVER — Limpieza y normalización
2026-09-12 16:48:39,693 [INFO] pipeline: ============================================================
2026-09-12 16:48:39,693 [INFO] pipeline: 
── Procesando Publindex ──
2026-09-12 16:48:39,696 [INFO] etl_publindex: Leyendo CSV bronce: /home/vydi/recomendador_revistas/data/bronze/Revistas_Indexadas,_Índice_Nacional_Publindex_20260910.csv
2026-09-12 16:48:39,788 [INFO] etl_publindex: Filas leídas: 6276 | Columnas: 34
2026-09-12 16:48:39,788 [INFO] etl_publindex: Normalizando campos ISSN...
2026-09-12 16:48:39,880 [WARNING] etl_publindex:   TXT_ISSN_P: 22 ISSN con checksum inválido de 6169 no nulos
2026-09-12 16:48:39,890 [WARNING] etl_publindex:   TXT_ISSN_E: 18 ISSN con checksum inválido de 1432 no nulos
2026-09-12 16:48:39,895 [INFO] etl_publindex: Calculando ISSN canónico (prioridad: ISSN-L > print > electronic)...
2026-09-12 16:48:41,220 [INFO] etl_publindex: Filas sin ISSN válido: 0 (serán eliminadas)
2026-09-12 16:48:41,232 [INFO] etl_publindex: Normalizando títulos...
2026-09-12 16:48:41,310 [INFO] etl_publindex: Limpiando año de clasificación (NRO_ANO)...
2026-09-12 16:48:41,325 [INFO] etl_publindex: Normalizando país a código ISO...
2026-09-12 16:48:41,354 [INFO] etl_publindex: Renombrando columnas a esquema silver...
2026-09-12 16:48:41,359 [INFO] etl_publindex: Deduplicando por issn_normalizado (conservar año más reciente)...
2026-09-12 16:48:41,374 [INFO] etl_publindex:   Duplicados removidos: 5370 | Filas tras deduplicación: 906
2026-09-12 16:48:41,374 [INFO] etl_publindex: Agregando metadatos de trazabilidad...
2026-09-12 16:48:41,376 [INFO] etl_publindex: Calculando hash de registro...
2026-09-12 16:48:41,398 [INFO] etl_publindex: Escribiendo parquet silver: /home/vydi/recomendador_revistas/data/silver/publindex_clean.parquet
2026-09-12 16:48:41,399 [ERROR] pipeline:   ✗ Publindex: `Import pyarrow` failed. pyarrow is required for parquet support. Use pip or conda to install the pyarrow package.
Traceback (most recent call last):
  File "/home/vydi/.pyenv/versions/3.14.2/lib/python3.14/site-packages/pandas/compat/_optional.py", line 158, in import_optional_dependency
    module = importlib.import_module(name)
  File "/home/vydi/.pyenv/versions/3.14.2/lib/python3.14/importlib/__init__.py", line 88, in import_module
    return _bootstrap._gcd_import(name[level:], package, level)
           ~~~~~~~~~~~~~~~~~~~~~~^^^^^^^^^^^^^^^^^^^^^^^^^^^^^^
  File "<frozen importlib._bootstrap>", line 1398, in _gcd_import
  File "<frozen importlib._bootstrap>", line 1371, in _find_and_load
  File "<frozen importlib._bootstrap>", line 1335, in _find_and_load_unlocked
ModuleNotFoundError: No module named 'pyarrow'

The above exception was the direct cause of the following exception:

Traceback (most recent call last):
  File "/home/vydi/recomendador_revistas/codes/pipeline.py", line 181, in ejecutar_silver
    df = procesar_publindex()
  File "/home/vydi/recomendador_revistas/codes/etl_publindex.py", line 204, in procesar_publindex
    df.to_parquet(PUBLINDEX_SILVER, index=False, engine="pyarrow")
    ~~~~~~~~~~~~~^^^^^^^^^^^^^^^^^^^^^^^^^^^^^^^^^^^^^^^^^^^^^^^^^
  File "/home/vydi/.pyenv/versions/3.14.2/lib/python3.14/site-packages/pandas/core/frame.py", line 3135, in to_parquet
    return to_parquet(
        self,
    ...<7 lines>...
        **kwargs,
    )
  File "/home/vydi/.pyenv/versions/3.14.2/lib/python3.14/site-packages/pandas/io/parquet.py", line 486, in to_parquet
    impl = get_engine(engine)
  File "/home/vydi/.pyenv/versions/3.14.2/lib/python3.14/site-packages/pandas/io/parquet.py", line 79, in get_engine
    return PyArrowImpl()
  File "/home/vydi/.pyenv/versions/3.14.2/lib/python3.14/site-packages/pandas/io/parquet.py", line 164, in __init__
    import_optional_dependency(
    ~~~~~~~~~~~~~~~~~~~~~~~~~~^
        "pyarrow", extra="pyarrow is required for parquet support."
        ^^^^^^^^^^^^^^^^^^^^^^^^^^^^^^^^^^^^^^^^^^^^^^^^^^^^^^^^^^^
    )
    ^
  File "/home/vydi/.pyenv/versions/3.14.2/lib/python3.14/site-packages/pandas/compat/_optional.py", line 161, in import_optional_dependency
    raise ImportError(msg) from err
ImportError: `Import pyarrow` failed. pyarrow is required for parquet support. Use pip or conda to install the pyarrow package.
2026-09-12 16:48:41,410 [INFO] pipeline: 
── Procesando DOAJ ──
2026-09-12 16:48:41,412 [INFO] etl_doaj: Leyendo archivo DOAJ: /home/vydi/recomendador_revistas/data/bronze/doaj_journalcsv_20260812_2320_utf8.csv
2026-09-12 16:48:43,286 [INFO] etl_doaj:   CSV leído: 23305 filas × 52 columnas
2026-09-12 16:48:43,299 [INFO] etl_doaj:   Columnas renombradas: 31 de 31 mapeadas
2026-09-12 16:48:49,890 [INFO] etl_doaj:   ISSN normalizados — nulos: 0 (0.0%)
2026-09-12 16:48:50,254 [INFO] etl_doaj:   Títulos normalizados — nulos: 6
2026-09-12 16:48:50,370 [INFO] etl_doaj:   Países normalizados — nulos: 3668
2026-09-12 16:48:50,523 [WARNING] normalize: Moneda no reconocida: YER
2026-09-12 16:48:50,523 [WARNING] normalize: Moneda no reconocida: IRR
2026-09-12 16:48:50,524 [WARNING] normalize: Moneda no reconocida: IRR
2026-09-12 16:48:50,525 [WARNING] normalize: Moneda no reconocida: SYP
2026-09-12 16:48:50,527 [WARNING] normalize: Moneda no reconocida: XOF
2026-09-12 16:48:50,527 [WARNING] normalize: Moneda no reconocida: IRR
2026-09-12 16:48:50,529 [WARNING] normalize: Moneda no reconocida: IRR
2026-09-12 16:48:50,529 [WARNING] normalize: Moneda no reconocida: IQD
2026-09-12 16:48:50,531 [WARNING] normalize: Moneda no reconocida: IQD
2026-09-12 16:48:50,533 [WARNING] normalize: Moneda no reconocida: IRR
2026-09-12 16:48:50,534 [WARNING] normalize: Moneda no reconocida: IRR
2026-09-12 16:48:50,534 [WARNING] normalize: Moneda no reconocida: IRR
2026-09-12 16:48:50,535 [WARNING] normalize: Moneda no reconocida: IRR
2026-09-12 16:48:50,535 [WARNING] normalize: Moneda no reconocida: IRR
2026-09-12 16:48:50,535 [WARNING] normalize: Moneda no reconocida: IRR
2026-09-12 16:48:50,536 [WARNING] normalize: Moneda no reconocida: KZT
2026-09-12 16:48:50,536 [WARNING] normalize: Moneda no reconocida: IRR
2026-09-12 16:48:50,537 [WARNING] normalize: Moneda no reconocida: IRR
2026-09-12 16:48:50,538 [WARNING] normalize: Moneda no reconocida: IRR
2026-09-12 16:48:50,539 [WARNING] normalize: Moneda no reconocida: IRR
2026-09-12 16:48:50,540 [WARNING] normalize: Moneda no reconocida: NPR
2026-09-12 16:48:50,540 [WARNING] normalize: Moneda no reconocida: IRR
2026-09-12 16:48:50,540 [WARNING] normalize: Moneda no reconocida: IRR
2026-09-12 16:48:50,541 [WARNING] normalize: Moneda no reconocida: IRR
2026-09-12 16:48:50,542 [WARNING] normalize: Moneda no reconocida: IRR
2026-09-12 16:48:50,543 [WARNING] normalize: Moneda no reconocida: IRR
2026-09-12 16:48:50,544 [WARNING] normalize: Moneda no reconocida: IRR
2026-09-12 16:48:50,544 [WARNING] normalize: Moneda no reconocida: IRR
2026-09-12 16:48:50,545 [WARNING] normalize: Moneda no reconocida: IRR
2026-09-12 16:48:50,545 [WARNING] normalize: Moneda no reconocida: IRR
2026-09-12 16:48:50,545 [WARNING] normalize: Moneda no reconocida: IRR
2026-09-12 16:48:50,545 [WARNING] normalize: Moneda no reconocida: XOF
2026-09-12 16:48:50,546 [WARNING] normalize: Moneda no reconocida: IRR
2026-09-12 16:48:50,546 [WARNING] normalize: Moneda no reconocida: IRR
2026-09-12 16:48:50,547 [WARNING] normalize: Moneda no reconocida: IRR
2026-09-12 16:48:50,547 [WARNING] normalize: Moneda no reconocida: IRR
2026-09-12 16:48:50,548 [WARNING] normalize: Moneda no reconocida: IRR
2026-09-12 16:48:50,550 [WARNING] normalize: Moneda no reconocida: IRR
2026-09-12 16:48:50,551 [WARNING] normalize: Moneda no reconocida: IRR
2026-09-12 16:48:50,551 [WARNING] normalize: Moneda no reconocida: IRR
2026-09-12 16:48:50,551 [WARNING] normalize: Moneda no reconocida: IRR
2026-09-12 16:48:50,552 [WARNING] normalize: Moneda no reconocida: IRR
2026-09-12 16:48:50,554 [WARNING] normalize: Moneda no reconocida: IRR
2026-09-12 16:48:50,555 [WARNING] normalize: Moneda no reconocida: IRR
2026-09-12 16:48:50,555 [WARNING] normalize: Moneda no reconocida: IRR
2026-09-12 16:48:50,555 [WARNING] normalize: Moneda no reconocida: IRR
2026-09-12 16:48:50,556 [WARNING] normalize: Moneda no reconocida: IQD
2026-09-12 16:48:50,559 [WARNING] normalize: Moneda no reconocida: IRR
2026-09-12 16:48:50,559 [WARNING] normalize: Moneda no reconocida: IRR
2026-09-12 16:48:50,560 [WARNING] normalize: Moneda no reconocida: IRR
2026-09-12 16:48:50,560 [WARNING] normalize: Moneda no reconocida: IRR
2026-09-12 16:48:50,561 [WARNING] normalize: Moneda no reconocida: IRR
2026-09-12 16:48:50,561 [WARNING] normalize: Moneda no reconocida: IQD
2026-09-12 16:48:50,561 [WARNING] normalize: Moneda no reconocida: IRR
2026-09-12 16:48:50,562 [WARNING] normalize: Moneda no reconocida: IRR
2026-09-12 16:48:50,562 [WARNING] normalize: Moneda no reconocida: IRR
2026-09-12 16:48:50,563 [WARNING] normalize: Moneda no reconocida: IRR
2026-09-12 16:48:50,564 [WARNING] normalize: Moneda no reconocida: IRR
2026-09-12 16:48:50,566 [WARNING] normalize: Moneda no reconocida: IRR
2026-09-12 16:48:50,566 [WARNING] normalize: Moneda no reconocida: IRR
2026-09-12 16:48:50,567 [WARNING] normalize: Moneda no reconocida: IQD
2026-09-12 16:48:50,569 [WARNING] normalize: Moneda no reconocida: SYP
2026-09-12 16:48:50,569 [WARNING] normalize: Moneda no reconocida: IQD
2026-09-12 16:48:50,569 [WARNING] normalize: Moneda no reconocida: IRR
2026-09-12 16:48:50,575 [WARNING] normalize: Moneda no reconocida: XAF
2026-09-12 16:48:50,575 [WARNING] normalize: Moneda no reconocida: IRR
2026-09-12 16:48:50,576 [WARNING] normalize: Moneda no reconocida: IQD
2026-09-12 16:48:50,576 [WARNING] normalize: Moneda no reconocida: IRR
2026-09-12 16:48:50,576 [WARNING] normalize: Moneda no reconocida: IRR
2026-09-12 16:48:50,576 [WARNING] normalize: Moneda no reconocida: IRR
2026-09-12 16:48:50,577 [WARNING] normalize: Moneda no reconocida: MAD
2026-09-12 16:48:50,577 [WARNING] normalize: Moneda no reconocida: IRR
2026-09-12 16:48:50,579 [WARNING] normalize: Moneda no reconocida: IRR
2026-09-12 16:48:50,579 [WARNING] normalize: Moneda no reconocida: IRR
2026-09-12 16:48:50,583 [WARNING] normalize: Moneda no reconocida: IRR
2026-09-12 16:48:50,583 [WARNING] normalize: Moneda no reconocida: IRR
2026-09-12 16:48:50,584 [WARNING] normalize: Moneda no reconocida: IRR
2026-09-12 16:48:50,585 [WARNING] normalize: Moneda no reconocida: IQD
2026-09-12 16:48:50,585 [WARNING] normalize: Moneda no reconocida: IRR
2026-09-12 16:48:50,585 [WARNING] normalize: Moneda no reconocida: IRR
2026-09-12 16:48:50,585 [WARNING] normalize: Moneda no reconocida: IRR
2026-09-12 16:48:50,587 [WARNING] normalize: Moneda no reconocida: IRR
2026-09-12 16:48:50,587 [WARNING] normalize: Moneda no reconocida: IRR
2026-09-12 16:48:50,587 [WARNING] normalize: Moneda no reconocida: IQD
2026-09-12 16:48:50,588 [WARNING] normalize: Moneda no reconocida: IRR
2026-09-12 16:48:50,588 [WARNING] normalize: Moneda no reconocida: IRR
2026-09-12 16:48:50,588 [WARNING] normalize: Moneda no reconocida: IRR
2026-09-12 16:48:50,591 [WARNING] normalize: Moneda no reconocida: IRR
2026-09-12 16:48:50,592 [WARNING] normalize: Moneda no reconocida: IRR
2026-09-12 16:48:50,593 [WARNING] normalize: Moneda no reconocida: IRR
2026-09-12 16:48:50,593 [WARNING] normalize: Moneda no reconocida: IRR
2026-09-12 16:48:50,594 [WARNING] normalize: Moneda no reconocida: IRR
2026-09-12 16:48:50,595 [WARNING] normalize: Moneda no reconocida: IRR
2026-09-12 16:48:50,596 [WARNING] normalize: Moneda no reconocida: IRR
2026-09-12 16:48:50,597 [WARNING] normalize: Moneda no reconocida: IRR
2026-09-12 16:48:50,597 [WARNING] normalize: Moneda no reconocida: IRR
2026-09-12 16:48:50,598 [WARNING] normalize: Moneda no reconocida: IQD
2026-09-12 16:48:50,598 [WARNING] normalize: Moneda no reconocida: IQD
2026-09-12 16:48:50,599 [WARNING] normalize: Moneda no reconocida: IRR
2026-09-12 16:48:50,600 [WARNING] normalize: Moneda no reconocida: IRR
2026-09-12 16:48:50,600 [WARNING] normalize: Moneda no reconocida: IQD
2026-09-12 16:48:50,602 [WARNING] normalize: Moneda no reconocida: IRR
2026-09-12 16:48:50,602 [WARNING] normalize: Moneda no reconocida: SYP
2026-09-12 16:48:50,602 [WARNING] normalize: Moneda no reconocida: SYP
2026-09-12 16:48:50,602 [WARNING] normalize: Moneda no reconocida: IRR
2026-09-12 16:48:50,604 [WARNING] normalize: Moneda no reconocida: IRR
2026-09-12 16:48:50,606 [WARNING] normalize: Moneda no reconocida: IRR
2026-09-12 16:48:50,607 [WARNING] normalize: Moneda no reconocida: IRR
2026-09-12 16:48:50,607 [WARNING] normalize: Moneda no reconocida: IQD
2026-09-12 16:48:50,608 [WARNING] normalize: Moneda no reconocida: IRR
2026-09-12 16:48:50,608 [WARNING] normalize: Moneda no reconocida: IRR
2026-09-12 16:48:50,609 [WARNING] normalize: Moneda no reconocida: IRR
2026-09-12 16:48:50,609 [WARNING] normalize: Moneda no reconocida: IRR
2026-09-12 16:48:50,610 [WARNING] normalize: Moneda no reconocida: IRR
2026-09-12 16:48:50,610 [WARNING] normalize: Moneda no reconocida: KZT
2026-09-12 16:48:50,610 [WARNING] normalize: Moneda no reconocida: IRR
2026-09-12 16:48:50,611 [WARNING] normalize: Moneda no reconocida: IRR
2026-09-12 16:48:50,612 [WARNING] normalize: Moneda no reconocida: IRR
2026-09-12 16:48:50,612 [WARNING] normalize: Moneda no reconocida: IRR
2026-09-12 16:48:50,613 [WARNING] normalize: Moneda no reconocida: IRR
2026-09-12 16:48:50,613 [WARNING] normalize: Moneda no reconocida: IRR
2026-09-12 16:48:50,615 [WARNING] normalize: Moneda no reconocida: IRR
2026-09-12 16:48:50,615 [WARNING] normalize: Moneda no reconocida: IRR
2026-09-12 16:48:50,615 [WARNING] normalize: Moneda no reconocida: IRR
2026-09-12 16:48:50,615 [WARNING] normalize: Moneda no reconocida: IRR
2026-09-12 16:48:50,616 [WARNING] normalize: Moneda no reconocida: IRR
2026-09-12 16:48:50,616 [WARNING] normalize: Moneda no reconocida: XOF
2026-09-12 16:48:50,617 [WARNING] normalize: Moneda no reconocida: IRR
2026-09-12 16:48:50,618 [WARNING] normalize: Moneda no reconocida: IRR
2026-09-12 16:48:50,618 [WARNING] normalize: Moneda no reconocida: KZT
2026-09-12 16:48:50,618 [WARNING] normalize: Moneda no reconocida: KZT
2026-09-12 16:48:50,618 [WARNING] normalize: Moneda no reconocida: KZT
2026-09-12 16:48:50,619 [WARNING] normalize: Moneda no reconocida: KZT
2026-09-12 16:48:50,619 [WARNING] normalize: Moneda no reconocida: IRR
2026-09-12 16:48:50,620 [WARNING] normalize: Moneda no reconocida: IRR
2026-09-12 16:48:50,621 [WARNING] normalize: Moneda no reconocida: IRR
2026-09-12 16:48:50,621 [WARNING] normalize: Moneda no reconocida: IQD
2026-09-12 16:48:50,622 [WARNING] normalize: Moneda no reconocida: IRR
2026-09-12 16:48:50,622 [WARNING] normalize: Moneda no reconocida: IRR
2026-09-12 16:48:50,623 [WARNING] normalize: Moneda no reconocida: IRR
2026-09-12 16:48:50,623 [WARNING] normalize: Moneda no reconocida: IQD
2026-09-12 16:48:50,623 [WARNING] normalize: Moneda no reconocida: IRR
2026-09-12 16:48:50,623 [WARNING] normalize: Moneda no reconocida: IRR
2026-09-12 16:48:50,624 [WARNING] normalize: Moneda no reconocida: KZT
2026-09-12 16:48:50,625 [WARNING] normalize: Moneda no reconocida: IRR
2026-09-12 16:48:50,625 [WARNING] normalize: Moneda no reconocida: IRR
2026-09-12 16:48:50,625 [WARNING] normalize: Moneda no reconocida: IRR
2026-09-12 16:48:50,626 [WARNING] normalize: Moneda no reconocida: IRR
2026-09-12 16:48:50,626 [WARNING] normalize: Moneda no reconocida: IRR
2026-09-12 16:48:50,628 [WARNING] normalize: Moneda no reconocida: IQD
2026-09-12 16:48:50,629 [WARNING] normalize: Moneda no reconocida: IRR
2026-09-12 16:48:50,630 [WARNING] normalize: Moneda no reconocida: IRR
2026-09-12 16:48:50,630 [WARNING] normalize: Moneda no reconocida: IRR
2026-09-12 16:48:50,630 [WARNING] normalize: Moneda no reconocida: IRR
2026-09-12 16:48:50,631 [WARNING] normalize: Moneda no reconocida: IRR
2026-09-12 16:48:50,632 [WARNING] normalize: Moneda no reconocida: IQD
2026-09-12 16:48:50,635 [WARNING] normalize: Moneda no reconocida: IQD
2026-09-12 16:48:50,635 [WARNING] normalize: Moneda no reconocida: IRR
2026-09-12 16:48:50,636 [WARNING] normalize: Moneda no reconocida: IRR
2026-09-12 16:48:50,636 [WARNING] normalize: Moneda no reconocida: IRR
2026-09-12 16:48:50,637 [WARNING] normalize: Moneda no reconocida: IRR
2026-09-12 16:48:50,637 [WARNING] normalize: Moneda no reconocida: IRR
2026-09-12 16:48:50,637 [WARNING] normalize: Moneda no reconocida: IRR
2026-09-12 16:48:50,638 [WARNING] normalize: Moneda no reconocida: IQD
2026-09-12 16:48:50,639 [WARNING] normalize: Moneda no reconocida: IQD
2026-09-12 16:48:50,639 [WARNING] normalize: Moneda no reconocida: IRR
2026-09-12 16:48:50,641 [WARNING] normalize: Moneda no reconocida: IRR
2026-09-12 16:48:50,641 [WARNING] normalize: Moneda no reconocida: IQD
2026-09-12 16:48:50,641 [WARNING] normalize: Moneda no reconocida: IQD
2026-09-12 16:48:50,641 [WARNING] normalize: Moneda no reconocida: VND
2026-09-12 16:48:50,641 [WARNING] normalize: Moneda no reconocida: IRR
2026-09-12 16:48:50,642 [WARNING] normalize: Moneda no reconocida: IRR
2026-09-12 16:48:50,643 [WARNING] normalize: Moneda no reconocida: IQD
2026-09-12 16:48:50,645 [WARNING] normalize: Moneda no reconocida: IRR
2026-09-12 16:48:50,646 [WARNING] normalize: Moneda no reconocida: IRR
2026-09-12 16:48:50,646 [WARNING] normalize: Moneda no reconocida: IRR
2026-09-12 16:48:50,647 [WARNING] normalize: Moneda no reconocida: IRR
2026-09-12 16:48:50,649 [WARNING] normalize: Moneda no reconocida: KZT
2026-09-12 16:48:50,654 [WARNING] normalize: Moneda no reconocida: IRR
2026-09-12 16:48:50,654 [WARNING] normalize: Moneda no reconocida: IRR
2026-09-12 16:48:50,655 [WARNING] normalize: Moneda no reconocida: IRR
2026-09-12 16:48:50,655 [WARNING] normalize: Moneda no reconocida: IRR
2026-09-12 16:48:50,655 [WARNING] normalize: Moneda no reconocida: IRR
2026-09-12 16:48:50,657 [WARNING] normalize: Moneda no reconocida: IRR
2026-09-12 16:48:50,657 [WARNING] normalize: Moneda no reconocida: IRR
2026-09-12 16:48:50,657 [WARNING] normalize: Moneda no reconocida: IQD
2026-09-12 16:48:50,658 [WARNING] normalize: Moneda no reconocida: IRR
2026-09-12 16:48:50,658 [WARNING] normalize: Moneda no reconocida: KZT
2026-09-12 16:48:50,658 [WARNING] normalize: Moneda no reconocida: IRR
2026-09-12 16:48:50,658 [WARNING] normalize: Moneda no reconocida: IRR
2026-09-12 16:48:50,658 [WARNING] normalize: Moneda no reconocida: IRR
2026-09-12 16:48:50,659 [WARNING] normalize: Moneda no reconocida: KZT
2026-09-12 16:48:50,659 [WARNING] normalize: Moneda no reconocida: IRR
2026-09-12 16:48:50,660 [WARNING] normalize: Moneda no reconocida: IRR
2026-09-12 16:48:50,660 [WARNING] normalize: Moneda no reconocida: IRR
2026-09-12 16:48:50,660 [WARNING] normalize: Moneda no reconocida: IRR
2026-09-12 16:48:50,662 [WARNING] normalize: Moneda no reconocida: IRR
2026-09-12 16:48:50,663 [WARNING] normalize: Moneda no reconocida: IRR
2026-09-12 16:48:50,663 [WARNING] normalize: Moneda no reconocida: IRR
2026-09-12 16:48:50,664 [WARNING] normalize: Moneda no reconocida: IRR
2026-09-12 16:48:50,665 [WARNING] normalize: Moneda no reconocida: IQD
2026-09-12 16:48:50,665 [WARNING] normalize: Moneda no reconocida: IRR
2026-09-12 16:48:50,666 [WARNING] normalize: Moneda no reconocida: IQD
2026-09-12 16:48:50,666 [WARNING] normalize: Moneda no reconocida: IQD
2026-09-12 16:48:50,667 [WARNING] normalize: Moneda no reconocida: IRR
2026-09-12 16:48:50,667 [WARNING] normalize: Moneda no reconocida: IRR
2026-09-12 16:48:50,667 [WARNING] normalize: Moneda no reconocida: IRR
2026-09-12 16:48:50,668 [WARNING] normalize: Moneda no reconocida: IRR
2026-09-12 16:48:50,668 [WARNING] normalize: Moneda no reconocida: XOF
2026-09-12 16:48:50,668 [WARNING] normalize: Moneda no reconocida: IRR
2026-09-12 16:48:50,669 [WARNING] normalize: Moneda no reconocida: IRR
2026-09-12 16:48:50,669 [WARNING] normalize: Moneda no reconocida: IRR
2026-09-12 16:48:50,670 [WARNING] normalize: Moneda no reconocida: IRR
2026-09-12 16:48:50,670 [WARNING] normalize: Moneda no reconocida: IRR
2026-09-12 16:48:50,671 [WARNING] normalize: Moneda no reconocida: IRR
2026-09-12 16:48:50,672 [WARNING] normalize: Moneda no reconocida: IRR
2026-09-12 16:48:50,675 [WARNING] normalize: Moneda no reconocida: IRR
2026-09-12 16:48:50,677 [WARNING] normalize: Moneda no reconocida: MAD
2026-09-12 16:48:50,678 [WARNING] normalize: Moneda no reconocida: IRR
2026-09-12 16:48:50,679 [WARNING] normalize: Moneda no reconocida: IQD
2026-09-12 16:48:50,680 [WARNING] normalize: Moneda no reconocida: IRR
2026-09-12 16:48:50,682 [WARNING] normalize: Moneda no reconocida: IQD
2026-09-12 16:48:50,683 [WARNING] normalize: Moneda no reconocida: IRR
2026-09-12 16:48:50,684 [WARNING] normalize: Moneda no reconocida: IRR
2026-09-12 16:48:50,685 [WARNING] normalize: Moneda no reconocida: IRR
2026-09-12 16:48:50,685 [WARNING] normalize: Moneda no reconocida: IRR
2026-09-12 16:48:50,688 [WARNING] normalize: Moneda no reconocida: IRR
2026-09-12 16:48:50,688 [WARNING] normalize: Moneda no reconocida: IRR
2026-09-12 16:48:50,691 [WARNING] normalize: Moneda no reconocida: NPR
2026-09-12 16:48:50,692 [WARNING] normalize: Moneda no reconocida: IQD
2026-09-12 16:48:50,694 [WARNING] normalize: Moneda no reconocida: XOF
2026-09-12 16:48:50,695 [WARNING] normalize: Moneda no reconocida: IRR
2026-09-12 16:48:50,696 [WARNING] normalize: Moneda no reconocida: IQD
2026-09-12 16:48:50,698 [WARNING] normalize: Moneda no reconocida: IRR
2026-09-12 16:48:50,698 [WARNING] normalize: Moneda no reconocida: IRR
2026-09-12 16:48:50,700 [WARNING] normalize: Moneda no reconocida: IRR
2026-09-12 16:48:50,700 [WARNING] normalize: Moneda no reconocida: IRR
2026-09-12 16:48:50,701 [WARNING] normalize: Moneda no reconocida: IRR
2026-09-12 16:48:50,701 [WARNING] normalize: Moneda no reconocida: IRR
2026-09-12 16:48:50,701 [WARNING] normalize: Moneda no reconocida: IRR
2026-09-12 16:48:50,702 [WARNING] normalize: Moneda no reconocida: IRR
2026-09-12 16:48:50,702 [WARNING] normalize: Moneda no reconocida: IRR
2026-09-12 16:48:50,704 [WARNING] normalize: Moneda no reconocida: IRR
2026-09-12 16:48:50,704 [WARNING] normalize: Moneda no reconocida: IQD
2026-09-12 16:48:50,705 [WARNING] normalize: Moneda no reconocida: IRR
2026-09-12 16:48:50,706 [WARNING] normalize: Moneda no reconocida: IRR
2026-09-12 16:48:50,709 [WARNING] normalize: Moneda no reconocida: IRR
2026-09-12 16:48:50,710 [WARNING] normalize: Moneda no reconocida: IRR
2026-09-12 16:48:50,711 [WARNING] normalize: Moneda no reconocida: IQD
2026-09-12 16:48:50,712 [WARNING] normalize: Moneda no reconocida: IQD
2026-09-12 16:48:50,713 [WARNING] normalize: Moneda no reconocida: IQD
2026-09-12 16:48:50,713 [WARNING] normalize: Moneda no reconocida: IRR
2026-09-12 16:48:50,714 [WARNING] normalize: Moneda no reconocida: IRR
2026-09-12 16:48:50,715 [WARNING] normalize: Moneda no reconocida: IRR
2026-09-12 16:48:50,716 [WARNING] normalize: Moneda no reconocida: IQD
2026-09-12 16:48:50,716 [WARNING] normalize: Moneda no reconocida: IRR
2026-09-12 16:48:50,719 [WARNING] normalize: Moneda no reconocida: IRR
2026-09-12 16:48:50,720 [WARNING] normalize: Moneda no reconocida: IRR
2026-09-12 16:48:50,720 [WARNING] normalize: Moneda no reconocida: XOF
2026-09-12 16:48:50,721 [WARNING] normalize: Moneda no reconocida: IRR
2026-09-12 16:48:50,721 [WARNING] normalize: Moneda no reconocida: IRR
2026-09-12 16:48:50,721 [WARNING] normalize: Moneda no reconocida: IRR
2026-09-12 16:48:50,722 [WARNING] normalize: Moneda no reconocida: IRR
2026-09-12 16:48:50,722 [WARNING] normalize: Moneda no reconocida: IRR
2026-09-12 16:48:50,724 [WARNING] normalize: Moneda no reconocida: IRR
2026-09-12 16:48:50,727 [WARNING] normalize: Moneda no reconocida: IRR
2026-09-12 16:48:50,728 [WARNING] normalize: Moneda no reconocida: IRR
2026-09-12 16:48:50,729 [WARNING] normalize: Moneda no reconocida: IRR
2026-09-12 16:48:50,731 [WARNING] normalize: Moneda no reconocida: IRR
2026-09-12 16:48:50,731 [WARNING] normalize: Moneda no reconocida: IRR
2026-09-12 16:48:50,733 [WARNING] normalize: Moneda no reconocida: IQD
2026-09-12 16:48:50,733 [WARNING] normalize: Moneda no reconocida: IRR
2026-09-12 16:48:50,734 [WARNING] normalize: Moneda no reconocida: IRR
2026-09-12 16:48:50,734 [WARNING] normalize: Moneda no reconocida: YER
2026-09-12 16:48:50,741 [WARNING] normalize: Moneda no reconocida: IRR
2026-09-12 16:48:50,742 [WARNING] normalize: Moneda no reconocida: IRR
2026-09-12 16:48:50,745 [WARNING] normalize: Moneda no reconocida: IRR
2026-09-12 16:48:50,747 [WARNING] normalize: Moneda no reconocida: IRR
2026-09-12 16:48:50,748 [WARNING] normalize: Moneda no reconocida: YER
2026-09-12 16:48:50,748 [WARNING] normalize: Moneda no reconocida: IRR
2026-09-12 16:48:50,748 [WARNING] normalize: Moneda no reconocida: IRR
2026-09-12 16:48:50,749 [WARNING] normalize: Moneda no reconocida: VND
2026-09-12 16:48:50,749 [WARNING] normalize: Moneda no reconocida: IRR
2026-09-12 16:48:50,750 [WARNING] normalize: Moneda no reconocida: IRR
2026-09-12 16:48:50,750 [WARNING] normalize: Moneda no reconocida: IRR
2026-09-12 16:48:50,751 [WARNING] normalize: Moneda no reconocida: IRR
2026-09-12 16:48:50,751 [WARNING] normalize: Moneda no reconocida: IRR
2026-09-12 16:48:50,751 [WARNING] normalize: Moneda no reconocida: IRR
2026-09-12 16:48:50,752 [WARNING] normalize: Moneda no reconocida: IRR
2026-09-12 16:48:50,754 [WARNING] normalize: Moneda no reconocida: IRR
2026-09-12 16:48:50,756 [WARNING] normalize: Moneda no reconocida: IRR
2026-09-12 16:48:50,757 [WARNING] normalize: Moneda no reconocida: IRR
2026-09-12 16:48:50,762 [WARNING] normalize: Moneda no reconocida: LYD
2026-09-12 16:48:50,768 [WARNING] normalize: Moneda no reconocida: IRR
2026-09-12 16:48:50,772 [WARNING] normalize: Moneda no reconocida: IRR
2026-09-12 16:48:50,772 [WARNING] normalize: Moneda no reconocida: IQD
2026-09-12 16:48:50,774 [WARNING] normalize: Moneda no reconocida: IRR
2026-09-12 16:48:50,776 [WARNING] normalize: Moneda no reconocida: IRR
2026-09-12 16:48:50,777 [WARNING] normalize: Moneda no reconocida: IRR
2026-09-12 16:48:50,779 [WARNING] normalize: Moneda no reconocida: IRR
2026-09-12 16:48:50,780 [WARNING] normalize: Moneda no reconocida: IRR
2026-09-12 16:48:50,781 [WARNING] normalize: Moneda no reconocida: IQD
2026-09-12 16:48:50,782 [WARNING] normalize: Moneda no reconocida: IRR
2026-09-12 16:48:50,782 [WARNING] normalize: Moneda no reconocida: IRR
2026-09-12 16:48:50,784 [WARNING] normalize: Moneda no reconocida: IRR
2026-09-12 16:48:50,785 [WARNING] normalize: Moneda no reconocida: IRR
2026-09-12 16:48:50,786 [WARNING] normalize: Moneda no reconocida: IQD
2026-09-12 16:48:50,786 [WARNING] normalize: Moneda no reconocida: IRR
2026-09-12 16:48:50,788 [WARNING] normalize: Moneda no reconocida: IRR
2026-09-12 16:48:50,788 [WARNING] normalize: Moneda no reconocida: VND
2026-09-12 16:48:50,789 [WARNING] normalize: Moneda no reconocida: IRR
2026-09-12 16:48:50,789 [WARNING] normalize: Moneda no reconocida: IRR
2026-09-12 16:48:50,790 [WARNING] normalize: Moneda no reconocida: IRR
2026-09-12 16:48:50,793 [WARNING] normalize: Moneda no reconocida: IRR
2026-09-12 16:48:50,794 [WARNING] normalize: Moneda no reconocida: IRR
2026-09-12 16:48:50,797 [WARNING] normalize: Moneda no reconocida: IRR
2026-09-12 16:48:50,798 [WARNING] normalize: Moneda no reconocida: IRR
2026-09-12 16:48:50,800 [WARNING] normalize: Moneda no reconocida: IRR
2026-09-12 16:48:50,802 [WARNING] normalize: Moneda no reconocida: IRR
2026-09-12 16:48:50,803 [WARNING] normalize: Moneda no reconocida: IRR
2026-09-12 16:48:50,804 [WARNING] normalize: Moneda no reconocida: IRR
2026-09-12 16:48:50,808 [WARNING] normalize: Moneda no reconocida: IRR
2026-09-12 16:48:50,809 [WARNING] normalize: Moneda no reconocida: IQD
2026-09-12 16:48:50,809 [WARNING] normalize: Moneda no reconocida: IRR
2026-09-12 16:48:50,809 [WARNING] normalize: Moneda no reconocida: IQD
2026-09-12 16:48:50,812 [WARNING] normalize: Moneda no reconocida: IRR
2026-09-12 16:48:50,812 [WARNING] normalize: Moneda no reconocida: IRR
2026-09-12 16:48:50,813 [WARNING] normalize: Moneda no reconocida: IRR
2026-09-12 16:48:50,814 [WARNING] normalize: Moneda no reconocida: IRR
2026-09-12 16:48:50,814 [WARNING] normalize: Moneda no reconocida: SYP
2026-09-12 16:48:50,819 [WARNING] normalize: Moneda no reconocida: IRR
2026-09-12 16:48:50,819 [WARNING] normalize: Moneda no reconocida: IQD
2026-09-12 16:48:50,820 [WARNING] normalize: Moneda no reconocida: IRR
2026-09-12 16:48:50,820 [WARNING] normalize: Moneda no reconocida: IRR
2026-09-12 16:48:50,823 [WARNING] normalize: Moneda no reconocida: IRR
2026-09-12 16:48:50,824 [WARNING] normalize: Moneda no reconocida: IRR
2026-09-12 16:48:50,827 [WARNING] normalize: Moneda no reconocida: IQD
2026-09-12 16:48:50,827 [WARNING] normalize: Moneda no reconocida: IRR
2026-09-12 16:48:50,827 [WARNING] normalize: Moneda no reconocida: IRR
2026-09-12 16:48:50,828 [WARNING] normalize: Moneda no reconocida: IRR
2026-09-12 16:48:50,828 [WARNING] normalize: Moneda no reconocida: IRR
2026-09-12 16:48:50,828 [WARNING] normalize: Moneda no reconocida: IRR
2026-09-12 16:48:50,829 [WARNING] normalize: Moneda no reconocida: IRR
2026-09-12 16:48:50,829 [WARNING] normalize: Moneda no reconocida: IRR
2026-09-12 16:48:50,832 [WARNING] normalize: Moneda no reconocida: IRR
2026-09-12 16:48:50,833 [WARNING] normalize: Moneda no reconocida: XOF
2026-09-12 16:48:50,833 [WARNING] normalize: Moneda no reconocida: IRR
2026-09-12 16:48:50,833 [WARNING] normalize: Moneda no reconocida: XOF
2026-09-12 16:48:50,834 [WARNING] normalize: Moneda no reconocida: IQD
2026-09-12 16:48:50,834 [WARNING] normalize: Moneda no reconocida: IQD
2026-09-12 16:48:50,835 [WARNING] normalize: Moneda no reconocida: IRR
2026-09-12 16:48:50,835 [WARNING] normalize: Moneda no reconocida: IRR
2026-09-12 16:48:50,836 [WARNING] normalize: Moneda no reconocida: IRR
2026-09-12 16:48:50,837 [WARNING] normalize: Moneda no reconocida: IRR
2026-09-12 16:48:50,838 [WARNING] normalize: Moneda no reconocida: IRR
2026-09-12 16:48:50,839 [WARNING] normalize: Moneda no reconocida: IRR
2026-09-12 16:48:50,841 [WARNING] normalize: Moneda no reconocida: IRR
2026-09-12 16:48:50,842 [WARNING] normalize: Moneda no reconocida: IRR
2026-09-12 16:48:50,843 [WARNING] normalize: Moneda no reconocida: IQD
2026-09-12 16:48:50,843 [WARNING] normalize: Moneda no reconocida: IQD
2026-09-12 16:48:50,844 [WARNING] normalize: Moneda no reconocida: IRR
2026-09-12 16:48:50,844 [WARNING] normalize: Moneda no reconocida: IQD
2026-09-12 16:48:50,845 [WARNING] normalize: Moneda no reconocida: GHS
2026-09-12 16:48:50,847 [WARNING] normalize: Moneda no reconocida: IQD
2026-09-12 16:48:50,848 [WARNING] normalize: Moneda no reconocida: VND
2026-09-12 16:48:50,850 [WARNING] normalize: Moneda no reconocida: IRR
2026-09-12 16:48:50,851 [WARNING] normalize: Moneda no reconocida: IRR
2026-09-12 16:48:50,853 [WARNING] normalize: Moneda no reconocida: IRR
2026-09-12 16:48:50,855 [WARNING] normalize: Moneda no reconocida: IRR
2026-09-12 16:48:50,856 [WARNING] normalize: Moneda no reconocida: IRR
2026-09-12 16:48:50,857 [WARNING] normalize: Moneda no reconocida: IRR
2026-09-12 16:48:50,857 [WARNING] normalize: Moneda no reconocida: IRR
2026-09-12 16:48:50,858 [WARNING] normalize: Moneda no reconocida: IQD
2026-09-12 16:48:50,858 [WARNING] normalize: Moneda no reconocida: UGX
2026-09-12 16:48:50,859 [WARNING] normalize: Moneda no reconocida: IRR
2026-09-12 16:48:50,859 [WARNING] normalize: Moneda no reconocida: IRR
2026-09-12 16:48:50,862 [WARNING] normalize: Moneda no reconocida: IRR
2026-09-12 16:48:50,862 [WARNING] normalize: Moneda no reconocida: IRR
2026-09-12 16:48:50,862 [WARNING] normalize: Moneda no reconocida: IRR
2026-09-12 16:48:50,863 [WARNING] normalize: Moneda no reconocida: IRR
2026-09-12 16:48:50,865 [WARNING] normalize: Moneda no reconocida: IQD
2026-09-12 16:48:50,866 [WARNING] normalize: Moneda no reconocida: IQD
2026-09-12 16:48:50,866 [WARNING] normalize: Moneda no reconocida: IQD
2026-09-12 16:48:50,867 [WARNING] normalize: Moneda no reconocida: IQD
2026-09-12 16:48:50,868 [WARNING] normalize: Moneda no reconocida: IRR
2026-09-12 16:48:50,869 [WARNING] normalize: Moneda no reconocida: XAF
2026-09-12 16:48:50,869 [WARNING] normalize: Moneda no reconocida: IRR
2026-09-12 16:48:50,871 [WARNING] normalize: Moneda no reconocida: IRR
2026-09-12 16:48:50,872 [WARNING] normalize: Moneda no reconocida: XOF
2026-09-12 16:48:50,872 [WARNING] normalize: Moneda no reconocida: IRR
2026-09-12 16:48:50,872 [WARNING] normalize: Moneda no reconocida: IRR
2026-09-12 16:48:50,873 [WARNING] normalize: Moneda no reconocida: IRR
2026-09-12 16:48:50,873 [WARNING] normalize: Moneda no reconocida: IQD
2026-09-12 16:48:50,874 [WARNING] normalize: Moneda no reconocida: IQD
2026-09-12 16:48:50,874 [WARNING] normalize: Moneda no reconocida: IRR
2026-09-12 16:48:50,874 [WARNING] normalize: Moneda no reconocida: IQD
2026-09-12 16:48:50,874 [WARNING] normalize: Moneda no reconocida: IRR
2026-09-12 16:48:50,875 [WARNING] normalize: Moneda no reconocida: IRR
2026-09-12 16:48:50,876 [WARNING] normalize: Moneda no reconocida: IRR
2026-09-12 16:48:50,877 [WARNING] normalize: Moneda no reconocida: IRR
2026-09-12 16:48:50,877 [WARNING] normalize: Moneda no reconocida: IRR
2026-09-12 16:48:50,877 [WARNING] normalize: Moneda no reconocida: IQD
2026-09-12 16:48:50,880 [WARNING] normalize: Moneda no reconocida: IRR
2026-09-12 16:48:50,881 [WARNING] normalize: Moneda no reconocida: IRR
2026-09-12 16:48:50,883 [WARNING] normalize: Moneda no reconocida: IQD
2026-09-12 16:48:50,883 [WARNING] normalize: Moneda no reconocida: IQD
2026-09-12 16:48:50,884 [WARNING] normalize: Moneda no reconocida: IRR
2026-09-12 16:48:50,887 [WARNING] normalize: Moneda no reconocida: IRR
2026-09-12 16:48:50,888 [WARNING] normalize: Moneda no reconocida: IRR
2026-09-12 16:48:50,889 [WARNING] normalize: Moneda no reconocida: IRR
2026-09-12 16:48:50,889 [WARNING] normalize: Moneda no reconocida: IRR
2026-09-12 16:48:50,890 [WARNING] normalize: Moneda no reconocida: IRR
2026-09-12 16:48:50,890 [WARNING] normalize: Moneda no reconocida: IRR
2026-09-12 16:48:50,892 [WARNING] normalize: Moneda no reconocida: IRR
2026-09-12 16:48:50,892 [WARNING] normalize: Moneda no reconocida: IRR
2026-09-12 16:48:50,894 [WARNING] normalize: Moneda no reconocida: IRR
2026-09-12 16:48:50,894 [WARNING] normalize: Moneda no reconocida: IRR
2026-09-12 16:48:50,895 [WARNING] normalize: Moneda no reconocida: IQD
2026-09-12 16:48:50,896 [WARNING] normalize: Moneda no reconocida: KZT
2026-09-12 16:48:50,896 [WARNING] normalize: Moneda no reconocida: XOF
2026-09-12 16:48:50,897 [WARNING] normalize: Moneda no reconocida: IRR
2026-09-12 16:48:50,898 [WARNING] normalize: Moneda no reconocida: IRR
2026-09-12 16:48:50,898 [WARNING] normalize: Moneda no reconocida: IRR
2026-09-12 16:48:50,901 [WARNING] normalize: Moneda no reconocida: IRR
2026-09-12 16:48:50,902 [WARNING] normalize: Moneda no reconocida: IRR
2026-09-12 16:48:50,903 [WARNING] normalize: Moneda no reconocida: IQD
2026-09-12 16:48:50,904 [WARNING] normalize: Moneda no reconocida: IRR
2026-09-12 16:48:50,905 [WARNING] normalize: Moneda no reconocida: IRR
2026-09-12 16:48:50,905 [WARNING] normalize: Moneda no reconocida: IQD
2026-09-12 16:48:50,907 [WARNING] normalize: Moneda no reconocida: IRR
2026-09-12 16:48:50,908 [WARNING] normalize: Moneda no reconocida: IRR
2026-09-12 16:48:50,909 [WARNING] normalize: Moneda no reconocida: IRR
2026-09-12 16:48:50,910 [WARNING] normalize: Moneda no reconocida: IQD
2026-09-12 16:48:50,910 [WARNING] normalize: Moneda no reconocida: IQD
2026-09-12 16:48:50,910 [WARNING] normalize: Moneda no reconocida: IRR
2026-09-12 16:48:50,911 [WARNING] normalize: Moneda no reconocida: IRR
2026-09-12 16:48:50,912 [WARNING] normalize: Moneda no reconocida: IRR
2026-09-12 16:48:50,912 [WARNING] normalize: Moneda no reconocida: IRR
2026-09-12 16:48:50,912 [WARNING] normalize: Moneda no reconocida: IRR
2026-09-12 16:48:50,912 [WARNING] normalize: Moneda no reconocida: IQD
2026-09-12 16:48:50,914 [WARNING] normalize: Moneda no reconocida: IRR
2026-09-12 16:48:50,916 [WARNING] normalize: Moneda no reconocida: IRR
2026-09-12 16:48:50,917 [WARNING] normalize: Moneda no reconocida: YER
2026-09-12 16:48:50,918 [WARNING] normalize: Moneda no reconocida: IRR
2026-09-12 16:48:50,920 [WARNING] normalize: Moneda no reconocida: IRR
2026-09-12 16:48:50,920 [WARNING] normalize: Moneda no reconocida: IRR
2026-09-12 16:48:50,921 [WARNING] normalize: Moneda no reconocida: IRR
2026-09-12 16:48:50,921 [WARNING] normalize: Moneda no reconocida: IRR
2026-09-12 16:48:50,922 [WARNING] normalize: Moneda no reconocida: IQD
2026-09-12 16:48:50,923 [WARNING] normalize: Moneda no reconocida: IRR
2026-09-12 16:48:50,924 [WARNING] normalize: Moneda no reconocida: IRR
2026-09-12 16:48:50,924 [WARNING] normalize: Moneda no reconocida: IRR
2026-09-12 16:48:50,924 [WARNING] normalize: Moneda no reconocida: IQD
2026-09-12 16:48:50,925 [WARNING] normalize: Moneda no reconocida: IRR
2026-09-12 16:48:50,926 [WARNING] normalize: Moneda no reconocida: IQD
2026-09-12 16:48:50,927 [WARNING] normalize: Moneda no reconocida: IRR
2026-09-12 16:48:50,932 [WARNING] normalize: Moneda no reconocida: IRR
2026-09-12 16:48:50,937 [WARNING] normalize: Moneda no reconocida: MAD
2026-09-12 16:48:50,942 [WARNING] normalize: Moneda no reconocida: IRR
2026-09-12 16:48:50,947 [WARNING] normalize: Moneda no reconocida: IRR
2026-09-12 16:48:50,947 [WARNING] normalize: Moneda no reconocida: IRR
2026-09-12 16:48:50,947 [WARNING] normalize: Moneda no reconocida: IRR
2026-09-12 16:48:50,948 [WARNING] normalize: Moneda no reconocida: IRR
2026-09-12 16:48:50,948 [WARNING] normalize: Moneda no reconocida: IRR
2026-09-12 16:48:50,948 [WARNING] normalize: Moneda no reconocida: IQD
2026-09-12 16:48:50,948 [WARNING] normalize: Moneda no reconocida: IRR
2026-09-12 16:48:50,948 [WARNING] normalize: Moneda no reconocida: NPR
2026-09-12 16:48:50,949 [WARNING] normalize: Moneda no reconocida: IRR
2026-09-12 16:48:50,950 [WARNING] normalize: Moneda no reconocida: IRR
2026-09-12 16:48:50,954 [WARNING] normalize: Moneda no reconocida: IRR
2026-09-12 16:48:50,954 [WARNING] normalize: Moneda no reconocida: IRR
2026-09-12 16:48:50,955 [WARNING] normalize: Moneda no reconocida: IRR
2026-09-12 16:48:50,955 [WARNING] normalize: Moneda no reconocida: IRR
2026-09-12 16:48:50,955 [WARNING] normalize: Moneda no reconocida: XAF
2026-09-12 16:48:50,956 [WARNING] normalize: Moneda no reconocida: IRR
2026-09-12 16:48:50,956 [WARNING] normalize: Moneda no reconocida: IRR
2026-09-12 16:48:50,956 [WARNING] normalize: Moneda no reconocida: IRR
2026-09-12 16:48:50,957 [WARNING] normalize: Moneda no reconocida: IRR
2026-09-12 16:48:50,957 [WARNING] normalize: Moneda no reconocida: IQD
2026-09-12 16:48:50,958 [WARNING] normalize: Moneda no reconocida: YER
2026-09-12 16:48:50,958 [WARNING] normalize: Moneda no reconocida: IRR
2026-09-12 16:48:50,959 [WARNING] normalize: Moneda no reconocida: IRR
2026-09-12 16:48:50,960 [WARNING] normalize: Moneda no reconocida: IQD
2026-09-12 16:48:50,969 [WARNING] normalize: Moneda no reconocida: IRR
2026-09-12 16:48:50,971 [WARNING] normalize: Moneda no reconocida: IRR
2026-09-12 16:48:50,972 [WARNING] normalize: Moneda no reconocida: KZT
2026-09-12 16:48:50,978 [WARNING] normalize: Moneda no reconocida: MAD
2026-09-12 16:48:50,980 [WARNING] normalize: Moneda no reconocida: IRR
2026-09-12 16:48:50,983 [WARNING] normalize: Moneda no reconocida: IQD
2026-09-12 16:48:50,983 [WARNING] normalize: Moneda no reconocida: IRR
2026-09-12 16:48:50,985 [WARNING] normalize: Moneda no reconocida: IQD
2026-09-12 16:48:50,986 [WARNING] normalize: Moneda no reconocida: IQD
2026-09-12 16:48:50,986 [WARNING] normalize: Moneda no reconocida: IRR
2026-09-12 16:48:50,987 [WARNING] normalize: Moneda no reconocida: IRR
2026-09-12 16:48:50,987 [WARNING] normalize: Moneda no reconocida: IRR
2026-09-12 16:48:50,987 [WARNING] normalize: Moneda no reconocida: IQD
2026-09-12 16:48:50,989 [WARNING] normalize: Moneda no reconocida: IRR
2026-09-12 16:48:50,990 [WARNING] normalize: Moneda no reconocida: IRR
2026-09-12 16:48:50,990 [WARNING] normalize: Moneda no reconocida: IRR
2026-09-12 16:48:50,991 [WARNING] normalize: Moneda no reconocida: IRR
2026-09-12 16:48:50,991 [WARNING] normalize: Moneda no reconocida: IRR
2026-09-12 16:48:50,993 [WARNING] normalize: Moneda no reconocida: IRR
2026-09-12 16:48:50,996 [WARNING] normalize: Moneda no reconocida: IRR
2026-09-12 16:48:50,996 [WARNING] normalize: Moneda no reconocida: IRR
2026-09-12 16:48:50,996 [WARNING] normalize: Moneda no reconocida: IRR
2026-09-12 16:48:50,996 [WARNING] normalize: Moneda no reconocida: IQD
2026-09-12 16:48:50,997 [WARNING] normalize: Moneda no reconocida: IQD
2026-09-12 16:48:50,997 [WARNING] normalize: Moneda no reconocida: IRR
2026-09-12 16:48:51,000 [WARNING] normalize: Moneda no reconocida: IRR
2026-09-12 16:48:51,001 [WARNING] normalize: Moneda no reconocida: IQD
2026-09-12 16:48:51,001 [WARNING] normalize: Moneda no reconocida: IRR
2026-09-12 16:48:51,001 [WARNING] normalize: Moneda no reconocida: IRR
2026-09-12 16:48:51,003 [WARNING] normalize: Moneda no reconocida: MNT
2026-09-12 16:48:51,004 [WARNING] normalize: Moneda no reconocida: IRR
2026-09-12 16:48:51,006 [WARNING] normalize: Moneda no reconocida: IRR
2026-09-12 16:48:51,006 [WARNING] normalize: Moneda no reconocida: LYD
2026-09-12 16:48:51,009 [WARNING] normalize: Moneda no reconocida: IRR
2026-09-12 16:48:51,012 [WARNING] normalize: Moneda no reconocida: IRR
2026-09-12 16:48:51,012 [WARNING] normalize: Moneda no reconocida: IQD
2026-09-12 16:48:51,013 [WARNING] normalize: Moneda no reconocida: IRR
2026-09-12 16:48:51,013 [WARNING] normalize: Moneda no reconocida: IRR
2026-09-12 16:48:51,013 [WARNING] normalize: Moneda no reconocida: IQD
2026-09-12 16:48:51,013 [WARNING] normalize: Moneda no reconocida: IRR
2026-09-12 16:48:51,015 [WARNING] normalize: Moneda no reconocida: IRR
2026-09-12 16:48:51,015 [WARNING] normalize: Moneda no reconocida: IRR
2026-09-12 16:48:51,016 [WARNING] normalize: Moneda no reconocida: IQD
2026-09-12 16:48:51,017 [WARNING] normalize: Moneda no reconocida: IRR
2026-09-12 16:48:51,018 [WARNING] normalize: Moneda no reconocida: IQD
2026-09-12 16:48:51,018 [WARNING] normalize: Moneda no reconocida: KZT
2026-09-12 16:48:51,020 [WARNING] normalize: Moneda no reconocida: IQD
2026-09-12 16:48:51,023 [WARNING] normalize: Moneda no reconocida: IRR
2026-09-12 16:48:51,024 [WARNING] normalize: Moneda no reconocida: MAD
2026-09-12 16:48:51,025 [WARNING] normalize: Moneda no reconocida: IQD
2026-09-12 16:48:51,027 [WARNING] normalize: Moneda no reconocida: XOF
2026-09-12 16:48:51,028 [WARNING] normalize: Moneda no reconocida: IQD
2026-09-12 16:48:51,028 [WARNING] normalize: Moneda no reconocida: IRR
2026-09-12 16:48:51,028 [WARNING] normalize: Moneda no reconocida: IRR
2026-09-12 16:48:51,029 [WARNING] normalize: Moneda no reconocida: IRR
2026-09-12 16:48:51,029 [WARNING] normalize: Moneda no reconocida: IRR
2026-09-12 16:48:51,029 [WARNING] normalize: Moneda no reconocida: IRR
2026-09-12 16:48:51,029 [WARNING] normalize: Moneda no reconocida: IRR
2026-09-12 16:48:51,030 [WARNING] normalize: Moneda no reconocida: IRR
2026-09-12 16:48:51,030 [WARNING] normalize: Moneda no reconocida: IRR
2026-09-12 16:48:51,031 [WARNING] normalize: Moneda no reconocida: IQD
2026-09-12 16:48:51,031 [WARNING] normalize: Moneda no reconocida: IQD
2026-09-12 16:48:51,031 [WARNING] normalize: Moneda no reconocida: VND
2026-09-12 16:48:51,036 [WARNING] normalize: Moneda no reconocida: IQD
2026-09-12 16:48:51,037 [WARNING] normalize: Moneda no reconocida: IQD
2026-09-12 16:48:51,037 [WARNING] normalize: Moneda no reconocida: IRR
2026-09-12 16:48:51,038 [WARNING] normalize: Moneda no reconocida: IRR
2026-09-12 16:48:51,038 [WARNING] normalize: Moneda no reconocida: IQD
2026-09-12 16:48:51,039 [WARNING] normalize: Moneda no reconocida: IRR
2026-09-12 16:48:51,041 [WARNING] normalize: Moneda no reconocida: IQD
2026-09-12 16:48:51,042 [WARNING] normalize: Moneda no reconocida: YER
2026-09-12 16:48:51,043 [WARNING] normalize: Moneda no reconocida: IRR
2026-09-12 16:48:51,045 [WARNING] normalize: Moneda no reconocida: IRR
2026-09-12 16:48:51,046 [WARNING] normalize: Moneda no reconocida: IQD
2026-09-12 16:48:51,046 [WARNING] normalize: Moneda no reconocida: MAD
2026-09-12 16:48:51,047 [WARNING] normalize: Moneda no reconocida: XOF
2026-09-12 16:48:51,047 [WARNING] normalize: Moneda no reconocida: IQD
2026-09-12 16:48:51,047 [WARNING] normalize: Moneda no reconocida: KZT
2026-09-12 16:48:51,047 [WARNING] normalize: Moneda no reconocida: IRR
2026-09-12 16:48:51,048 [WARNING] normalize: Moneda no reconocida: IQD
2026-09-12 16:48:51,048 [WARNING] normalize: Moneda no reconocida: IRR
2026-09-12 16:48:51,048 [WARNING] normalize: Moneda no reconocida: IRR
2026-09-12 16:48:51,048 [WARNING] normalize: Moneda no reconocida: IRR
2026-09-12 16:48:51,048 [WARNING] normalize: Moneda no reconocida: IRR
2026-09-12 16:48:51,048 [WARNING] normalize: Moneda no reconocida: IRR
2026-09-12 16:48:51,049 [WARNING] normalize: Moneda no reconocida: KZT
2026-09-12 16:48:51,050 [WARNING] normalize: Moneda no reconocida: KPW
2026-09-12 16:48:51,052 [WARNING] normalize: Moneda no reconocida: KZT
2026-09-12 16:48:51,053 [WARNING] normalize: Moneda no reconocida: IRR
2026-09-12 16:48:51,054 [WARNING] normalize: Moneda no reconocida: IQD
2026-09-12 16:48:51,057 [WARNING] normalize: Moneda no reconocida: IRR
2026-09-12 16:48:51,058 [WARNING] normalize: Moneda no reconocida: IQD
2026-09-12 16:48:51,058 [WARNING] normalize: Moneda no reconocida: KZT
2026-09-12 16:48:51,058 [WARNING] normalize: Moneda no reconocida: IQD
2026-09-12 16:48:51,058 [WARNING] normalize: Moneda no reconocida: IRR
2026-09-12 16:48:51,083 [INFO] etl_doaj:   APC convertidos a USD: 8084 registros
2026-09-12 16:48:51,141 [INFO] etl_doaj:   Campos Yes/No convertidos a booleano: ['politica_plagio', 'autor_retiene_copyright', 'tiene_otros_cobros', 'politica_exencion', 'subscribe_to_open', 'cumple_oa_doaj', 'cc_legible_maquina']
2026-09-12 16:48:51,272 [INFO] etl_doaj:   Fecha 'fecha_incorporacion_doaj' parseada — nulos: 0
2026-09-12 16:48:51,361 [INFO] etl_doaj:   Fecha 'fecha_actualizacion_doaj' parseada — nulos: 0
2026-09-12 16:48:51,440 [INFO] etl_doaj:   Fecha 'fecha_ultimo_articulo' parseada — nulos: 3836
2026-09-12 16:48:51,690 [INFO] etl_doaj:   Deduplicación por ISSN: 1 duplicados eliminados
2026-09-12 16:48:53,342 [ERROR] pipeline:   ✗ DOAJ: `Import pyarrow` failed. pyarrow is required for parquet support. Use pip or conda to install the pyarrow package.
Traceback (most recent call last):
  File "/home/vydi/.pyenv/versions/3.14.2/lib/python3.14/site-packages/pandas/compat/_optional.py", line 158, in import_optional_dependency
    module = importlib.import_module(name)
  File "/home/vydi/.pyenv/versions/3.14.2/lib/python3.14/importlib/__init__.py", line 88, in import_module
    return _bootstrap._gcd_import(name[level:], package, level)
           ~~~~~~~~~~~~~~~~~~~~~~^^^^^^^^^^^^^^^^^^^^^^^^^^^^^^
  File "<frozen importlib._bootstrap>", line 1398, in _gcd_import
  File "<frozen importlib._bootstrap>", line 1371, in _find_and_load
  File "<frozen importlib._bootstrap>", line 1335, in _find_and_load_unlocked
ModuleNotFoundError: No module named 'pyarrow'

The above exception was the direct cause of the following exception:

Traceback (most recent call last):
  File "/home/vydi/recomendador_revistas/codes/pipeline.py", line 196, in ejecutar_silver
    df = procesar_doaj()
  File "/home/vydi/recomendador_revistas/codes/etl_doaj.py", line 252, in procesar_doaj
    df.to_parquet(str(DOAJ_SILVER), index=False, engine="pyarrow")
    ~~~~~~~~~~~~~^^^^^^^^^^^^^^^^^^^^^^^^^^^^^^^^^^^^^^^^^^^^^^^^^
  File "/home/vydi/.pyenv/versions/3.14.2/lib/python3.14/site-packages/pandas/core/frame.py", line 3135, in to_parquet
    return to_parquet(
        self,
    ...<7 lines>...
        **kwargs,
    )
  File "/home/vydi/.pyenv/versions/3.14.2/lib/python3.14/site-packages/pandas/io/parquet.py", line 486, in to_parquet
    impl = get_engine(engine)
  File "/home/vydi/.pyenv/versions/3.14.2/lib/python3.14/site-packages/pandas/io/parquet.py", line 79, in get_engine
    return PyArrowImpl()
  File "/home/vydi/.pyenv/versions/3.14.2/lib/python3.14/site-packages/pandas/io/parquet.py", line 164, in __init__
    import_optional_dependency(
    ~~~~~~~~~~~~~~~~~~~~~~~~~~^
        "pyarrow", extra="pyarrow is required for parquet support."
        ^^^^^^^^^^^^^^^^^^^^^^^^^^^^^^^^^^^^^^^^^^^^^^^^^^^^^^^^^^^
    )
    ^
  File "/home/vydi/.pyenv/versions/3.14.2/lib/python3.14/site-packages/pandas/compat/_optional.py", line 161, in import_optional_dependency
    raise ImportError(msg) from err
ImportError: `Import pyarrow` failed. pyarrow is required for parquet support. Use pip or conda to install the pyarrow package.
2026-09-12 16:48:53,416 [INFO] pipeline: 
── Procesando Scimago ──
2026-09-12 16:48:53,418 [INFO] etl_scimago: Leyendo CSV bronze: /home/vydi/recomendador_revistas/data/bronze/scimagojr 2025 CO.csv
2026-09-12 16:48:53,425 [INFO] etl_scimago: Filas leídas: 166 | Columnas: 26
2026-09-12 16:48:53,427 [INFO] etl_scimago: Columna Publisher duplicada eliminada (Publisher.1)
2026-09-12 16:48:53,427 [INFO] etl_scimago: Parseando ISSNs...
2026-09-12 16:48:53,434 [INFO] etl_scimago: ISSNs: print=166 | electronic=128 | normalizado nulos=0
2026-09-12 16:48:53,434 [INFO] etl_scimago: Normalizando títulos...
2026-09-12 16:48:53,438 [INFO] etl_scimago: Títulos normalizados: nulos=0
2026-09-12 16:48:53,439 [INFO] etl_scimago: Convirtiendo campos numéricos (coma decimal)...
2026-09-12 16:48:53,440 [INFO] etl_scimago:   SJR → sjr_score: nulos=0
2026-09-12 16:48:53,442 [INFO] etl_scimago:   Citations / Doc. (2years) → citas_por_doc_2y: nulos=0
2026-09-12 16:48:53,444 [INFO] etl_scimago:   Ref. / Doc. → refs_por_doc: nulos=0
2026-09-12 16:48:53,445 [INFO] etl_scimago:   %Female → pct_female_raw: nulos=0
2026-09-12 16:48:53,446 [INFO] etl_scimago: Convirtiendo campos enteros...
2026-09-12 16:48:53,448 [INFO] etl_scimago:   Rank → rank_scimago: nulos=0
2026-09-12 16:48:53,450 [INFO] etl_scimago:   H index → h_index: nulos=0
2026-09-12 16:48:53,451 [INFO] etl_scimago:   Total Docs. (2025) → total_docs: nulos=0
2026-09-12 16:48:53,453 [INFO] etl_scimago:   Total Docs. (3years) → total_docs_3y: nulos=0
2026-09-12 16:48:53,455 [INFO] etl_scimago:   Total Refs. → total_refs: nulos=0
2026-09-12 16:48:53,456 [INFO] etl_scimago:   Total Citations (3years) → total_citas_3y: nulos=0
2026-09-12 16:48:53,458 [INFO] etl_scimago:   Citable Docs. (3years) → docs_citables_3y: nulos=0
2026-09-12 16:48:53,460 [INFO] etl_scimago:   Overton → overton: nulos=0
2026-09-12 16:48:53,460 [INFO] etl_scimago: Parseando categorías Scimago...
2026-09-12 16:48:53,475 [INFO] etl_scimago: Cuartiles: distribución={'Q4': 69, 'Q3': 55, 'Q2': 32, 'Q1': 10} | nulos=0
2026-09-12 16:48:53,475 [INFO] etl_scimago: Parseando áreas temáticas...
2026-09-12 16:48:53,477 [INFO] etl_scimago: Convirtiendo campos booleanos...
2026-09-12 16:48:53,480 [INFO] etl_scimago: Open Access: yes=158 | Diamond OA: yes=143
2026-09-12 16:48:53,480 [INFO] etl_scimago: Convirtiendo %%Female a proporción decimal...
2026-09-12 16:48:53,481 [INFO] etl_scimago: Normalizando país...
2026-09-12 16:48:53,483 [INFO] etl_scimago: Renombrando columnas...
2026-09-12 16:48:53,486 [INFO] etl_scimago: Deduplicación por issn_normalizado: 166 → 166 filas (-0 duplicados, 0 sin ISSN)
2026-09-12 16:48:53,487 [INFO] etl_scimago: Agregando metadatos de trazabilidad...
2026-09-12 16:48:53,496 [INFO] etl_scimago: ════════════════════════════════════════════════════════════
2026-09-12 16:48:53,496 [INFO] etl_scimago: RESUMEN ETL SCIMAGO
2026-09-12 16:48:53,496 [INFO] etl_scimago: ════════════════════════════════════════════════════════════
2026-09-12 16:48:53,496 [INFO] etl_scimago:   Filas entrada (bronze) : 166
2026-09-12 16:48:53,496 [INFO] etl_scimago:   Filas salida  (silver) : 166
2026-09-12 16:48:53,496 [INFO] etl_scimago:   Columnas               : 33
2026-09-12 16:48:53,497 [INFO] etl_scimago:   ISSNs nulos            : 0
2026-09-12 16:48:53,497 [INFO] etl_scimago:   Títulos nulos          : 0
2026-09-12 16:48:53,498 [INFO] etl_scimago:   SJR nulos              : 0
2026-09-12 16:48:53,498 [INFO] etl_scimago:   Cuartil nulos          : 0
2026-09-12 16:48:53,498 [INFO] etl_scimago:   Open Access            : 158 / 166
2026-09-12 16:48:53,499 [INFO] etl_scimago:   Diamond OA             : 143 / 166
2026-09-12 16:48:53,500 [INFO] etl_scimago:   Cuartiles              : {'Q4': 69, 'Q3': 55, 'Q2': 32, 'Q1': 10}
2026-09-12 16:48:53,502 [INFO] etl_scimago:   Áreas únicas           : 53
2026-09-12 16:48:53,503 [INFO] etl_scimago: ════════════════════════════════════════════════════════════
2026-09-12 16:48:53,504 [INFO] pipeline:   ✓ Scimago: 166 registros procesados
2026-09-12 16:48:53,504 [INFO] pipeline: 
── Procesando OpenAPC ──
2026-09-12 16:48:53,505 [WARNING] etl_openapc: OpenAPC no utilizable: OpenAPC contiene HTML/XML en lugar de un CSV
2026-09-12 16:48:53,506 [WARNING] pipeline:   ⚠ OpenAPC: fuente no disponible o resultado vacío
2026-09-12 16:48:53,506 [INFO] pipeline: 
  Silver completado: 1 éxitos, 2 errores
2026-09-12 16:48:53,506 [INFO] pipeline: 
============================================================
2026-09-12 16:48:53,506 [INFO] pipeline: RESUMEN FINAL DEL PIPELINE
2026-09-12 16:48:53,506 [INFO] pipeline: ============================================================
2026-09-12 16:48:53,506 [INFO] pipeline: 
🥉 Bronze:
2026-09-12 16:48:53,506 [INFO] pipeline:     Revistas_Indexadas,_Índice_Nacional_Publindex_20260910.csv: 2,708,275 bytes
2026-09-12 16:48:53,506 [INFO] pipeline:     doaj_journalcsv_20260812_2320_utf8.csv: 25,554,714 bytes
2026-09-12 16:48:53,507 [INFO] pipeline:     apc_de.csv: 470 bytes
2026-09-12 16:48:53,507 [INFO] pipeline:     scimagojr 2025 CO.csv: 57,736 bytes
2026-09-12 16:48:53,507 [INFO] pipeline: 
🥈 Silver:
2026-09-12 16:48:53,507 [INFO] pipeline: 
🥇 Gold:
2026-09-12 16:48:53,507 [INFO] pipeline: 
Duración total: 14.4 segundos
2026-09-12 16:48:53,507 [INFO] pipeline: Log guardado en: /home/vydi/recomendador_revistas/logs/pipeline_20260912_164839.log
2026-09-12 16:48:53,507 [ERROR] pipeline: 
✗ Pipeline completado con errores.
